###############################################################################
#
# IAR ELF Linker V9.70.1.475/W64 for ARM                  22/Feb/2026  21:07:08
# Copyright 2007-2025 IAR Systems AB.
#
#    Output file  =
#        D:\Electronic\COMPANY\DOZDGIR\Pomp
#        control\PumpNew\COD\PumpAgri\EWARM\PumpAgri\Exe\PumpAgri.out
#    Map file     =
#        D:\Electronic\COMPANY\DOZDGIR\Pomp
#        control\PumpNew\COD\PumpAgri\EWARM\PumpAgri\List\PumpAgri.map
#    Command line =
#        -f "D:\Electronic\COMPANY\DOZDGIR\Pomp
#        control\PumpNew\COD\PumpAgri\EWARM\PumpAgri\Exe\PumpAgri.out.rsp"
#        ("D:\Electronic\COMPANY\DOZDGIR\Pomp
#        control\PumpNew\COD\PumpAgri\EWARM\PumpAgri\Obj\Core_13247989168731456611.dir\main.o"
#        "D:\Electronic\COMPANY\DOZDGIR\Pomp
#        control\PumpNew\COD\PumpAgri\EWARM\PumpAgri\Obj\EWARM_18443280873093131863.dir\startup_stm32f103xb.o"
#        "D:\Electronic\COMPANY\DOZDGIR\Pomp
#        control\PumpNew\COD\PumpAgri\EWARM\PumpAgri\Obj\STM32F1xx_HAL_Driver_9701002599162248031.dir\stm32f1xx_hal.o"
#        "D:\Electronic\COMPANY\DOZDGIR\Pomp
#        control\PumpNew\COD\PumpAgri\EWARM\PumpAgri\Obj\STM32F1xx_HAL_Driver_9701002599162248031.dir\stm32f1xx_hal_adc.o"
#        "D:\Electronic\COMPANY\DOZDGIR\Pomp
#        control\PumpNew\COD\PumpAgri\EWARM\PumpAgri\Obj\STM32F1xx_HAL_Driver_9701002599162248031.dir\stm32f1xx_hal_adc_ex.o"
#        "D:\Electronic\COMPANY\DOZDGIR\Pomp
#        control\PumpNew\COD\PumpAgri\EWARM\PumpAgri\Obj\STM32F1xx_HAL_Driver_9701002599162248031.dir\stm32f1xx_hal_cortex.o"
#        "D:\Electronic\COMPANY\DOZDGIR\Pomp
#        control\PumpNew\COD\PumpAgri\EWARM\PumpAgri\Obj\STM32F1xx_HAL_Driver_9701002599162248031.dir\stm32f1xx_hal_dma.o"
#        "D:\Electronic\COMPANY\DOZDGIR\Pomp
#        control\PumpNew\COD\PumpAgri\EWARM\PumpAgri\Obj\STM32F1xx_HAL_Driver_9701002599162248031.dir\stm32f1xx_hal_exti.o"
#        "D:\Electronic\COMPANY\DOZDGIR\Pomp
#        control\PumpNew\COD\PumpAgri\EWARM\PumpAgri\Obj\STM32F1xx_HAL_Driver_9701002599162248031.dir\stm32f1xx_hal_flash.o"
#        "D:\Electronic\COMPANY\DOZDGIR\Pomp
#        control\PumpNew\COD\PumpAgri\EWARM\PumpAgri\Obj\STM32F1xx_HAL_Driver_9701002599162248031.dir\stm32f1xx_hal_flash_ex.o"
#        "D:\Electronic\COMPANY\DOZDGIR\Pomp
#        control\PumpNew\COD\PumpAgri\EWARM\PumpAgri\Obj\STM32F1xx_HAL_Driver_9701002599162248031.dir\stm32f1xx_hal_gpio.o"
#        "D:\Electronic\COMPANY\DOZDGIR\Pomp
#        control\PumpNew\COD\PumpAgri\EWARM\PumpAgri\Obj\STM32F1xx_HAL_Driver_9701002599162248031.dir\stm32f1xx_hal_gpio_ex.o"
#        "D:\Electronic\COMPANY\DOZDGIR\Pomp
#        control\PumpNew\COD\PumpAgri\EWARM\PumpAgri\Obj\STM32F1xx_HAL_Driver_9701002599162248031.dir\stm32f1xx_hal_iwdg.o"
#        "D:\Electronic\COMPANY\DOZDGIR\Pomp
#        control\PumpNew\COD\PumpAgri\EWARM\PumpAgri\Obj\Core_13247989168731456611.dir\stm32f1xx_hal_msp.o"
#        "D:\Electronic\COMPANY\DOZDGIR\Pomp
#        control\PumpNew\COD\PumpAgri\EWARM\PumpAgri\Obj\STM32F1xx_HAL_Driver_9701002599162248031.dir\stm32f1xx_hal_pwr.o"
#        "D:\Electronic\COMPANY\DOZDGIR\Pomp
#        control\PumpNew\COD\PumpAgri\EWARM\PumpAgri\Obj\STM32F1xx_HAL_Driver_9701002599162248031.dir\stm32f1xx_hal_rcc.o"
#        "D:\Electronic\COMPANY\DOZDGIR\Pomp
#        control\PumpNew\COD\PumpAgri\EWARM\PumpAgri\Obj\STM32F1xx_HAL_Driver_9701002599162248031.dir\stm32f1xx_hal_rcc_ex.o"
#        "D:\Electronic\COMPANY\DOZDGIR\Pomp
#        control\PumpNew\COD\PumpAgri\EWARM\PumpAgri\Obj\STM32F1xx_HAL_Driver_9701002599162248031.dir\stm32f1xx_hal_tim.o"
#        "D:\Electronic\COMPANY\DOZDGIR\Pomp
#        control\PumpNew\COD\PumpAgri\EWARM\PumpAgri\Obj\STM32F1xx_HAL_Driver_9701002599162248031.dir\stm32f1xx_hal_tim_ex.o"
#        "D:\Electronic\COMPANY\DOZDGIR\Pomp
#        control\PumpNew\COD\PumpAgri\EWARM\PumpAgri\Obj\STM32F1xx_HAL_Driver_9701002599162248031.dir\stm32f1xx_hal_uart.o"
#        "D:\Electronic\COMPANY\DOZDGIR\Pomp
#        control\PumpNew\COD\PumpAgri\EWARM\PumpAgri\Obj\STM32F1xx_HAL_Driver_9701002599162248031.dir\stm32f1xx_hal_wwdg.o"
#        "D:\Electronic\COMPANY\DOZDGIR\Pomp
#        control\PumpNew\COD\PumpAgri\EWARM\PumpAgri\Obj\Core_13247989168731456611.dir\stm32f1xx_it.o"
#        "D:\Electronic\COMPANY\DOZDGIR\Pomp
#        control\PumpNew\COD\PumpAgri\EWARM\PumpAgri\Obj\CMSIS_6603591812247902717.dir\system_stm32f1xx.o"
#        --no_out_extension -o "D:\Electronic\COMPANY\DOZDGIR\Pomp
#        control\PumpNew\COD\PumpAgri\EWARM\PumpAgri\Exe\PumpAgri.out"
#        --redirect _Printf=_PrintfFullNoMb --redirect _Scanf=_ScanfFullNoMb
#        --map "D:\Electronic\COMPANY\DOZDGIR\Pomp
#        control\PumpNew\COD\PumpAgri\EWARM\PumpAgri\List\PumpAgri.map"
#        --config "D:\Electronic\COMPANY\DOZDGIR\Pomp
#        control\PumpNew\COD\PumpAgri\EWARM/stm32f103xb_flash.icf"
#        --semihosting --entry __iar_program_start --vfe --text_out locale
#        --cpu=Cortex-M3 --fpu=None) --diagnostics_format=sarif_stdout
#        --dependencies=n "D:\Electronic\COMPANY\DOZDGIR\Pomp
#        control\PumpNew\COD\PumpAgri\EWARM\PumpAgri\Exe\PumpAgri.out.iar_deps"
#        --dynamic_output "D:\Electronic\COMPANY\DOZDGIR\Pomp
#        control\PumpNew\COD\PumpAgri\EWARM\PumpAgri\Exe\PumpAgri.out.iar_dynout"
#
###############################################################################

*******************************************************************************
*** RUNTIME MODEL ATTRIBUTES
***

CppFlavor       = *
__CPP_Runtime   = 1
__SystemLibrary = DLib
__dlib_version  = 6


*******************************************************************************
*** HEAP SELECTION
***

The basic heap was selected because --advanced_heap
was not specified and the application did not appear to
be primarily optimized for speed.


*******************************************************************************
*** PLACEMENT SUMMARY
***

"A0":  place at address 0x800'0000 {  ro section .intvec };
"P1":  place in [from 0x800'0000 to 0x801'ffff] {  ro };
define block CSTACK with size = 1'536, alignment = 8 { };
define block HEAP with size = 1K, alignment = 8 { };
"P2":  place in [from 0x2000'0000 to 0x2000'4fff] {
           rw,  block CSTACK,  block HEAP };
initialize by copy {  rw };

  Section            Kind         Address  Alignment    Size  Object
  -------            ----         -------  ---------    ----  ------
"A0":                                                   0xec
  .intvec            ro code   0x800'0000          4    0xec  startup_stm32f103xb.o [3]
                             - 0x800'00ec               0xec

"P1":                                                 0xa0ba
  .text              ro code   0x800'00ec          4  0x37c8  main.o [2]
  .text              ro code   0x800'38b4          4    0x40  sprintf.o [5]
  .text              ro code   0x800'38f4          4    0x14  strlen_small.o [7]
  .text              ro code   0x800'3908          4   0x694  stm32f1xx_hal_uart.o [4]
  .text              ro code   0x800'3f9c          4    0x18  strcpy.o [7]
  .text              ro code   0x800'3fb4          4   0x1ec  stm32f1xx_hal_gpio.o [4]
  .text              ro code   0x800'41a0          2    0x1e  strcat.o [5]
  .text              ro code   0x800'41be          2    0x7e  lz77_init_single.o [7]
  .text              ro code   0x800'423c          4    0x28  stm32f1xx_hal.o [4]
  .text              ro code   0x800'4264          4    0x18  ABImemcpy_small.o [7]
  .text              ro code   0x800'427c          4    0x28  FltCmpLe.o [6]
  .text              ro code   0x800'42a4          4    0x28  FltCmpGe.o [6]
  .text              ro code   0x800'42cc          4    0x48  FltToDbl.o [6]
  .text              ro code   0x800'4314          4    0x4c  strtok.o [5]
  .text              ro code   0x800'4360          4    0x28  sscanf.o [5]
  .text              ro code   0x800'4388          4   0x306  strto64.o [6]
  .text              ro code   0x800'468e          2    0x1e  xsscin.o [5]
  .text              ro code   0x800'46ac          4    0x68  DblToFlt.o [6]
  .text              ro code   0x800'4714          4   0x13e  iar_Stoulx.o [5]
  .text              ro code   0x800'4852          2    0x1a  xsnprout.o [5]
  .text              ro code   0x800'486c          4    0x12  strcmp.o [7]
  .text              ro code   0x800'487e          2    0x62  stm32f1xx_hal_iwdg.o [4]
  .text              ro code   0x800'48e0          2    0x2c  strstr.o [5]
  .text              ro code   0x800'490c          4     0x6  ABImemclr4.o [7]
  .text              ro code   0x800'4912          2     0xa  xsprout.o [5]
  .text              ro code   0x800'491c          4     0x6  ABImemclr.o [7]
  .rodata            const     0x800'4922          2     0x2  xlocale_c.o [5]
  .text              ro code   0x800'4924          4    0x1a  U32ToFlt.o [6]
  .rodata            const     0x800'493e          2     0x2  xlocale_c.o [5]
  .text              ro code   0x800'4940          4    0xd8  FltMul.o [6]
  .text              ro code   0x800'4a18          4   0x118  FltDiv.o [6]
  .text              ro code   0x800'4b30          4   0x1aa  DblMul.o [6]
  .rodata            const     0x800'4cda                0x1  xlocale_c.o [5]
  .text              ro code   0x800'4cdc          4   0x162  FltAddSub.o [6]
  .text              ro code   0x800'4e40          4     0xc  stm32f1xx_hal.o [4]
  .text              ro code   0x800'4e4c          4    0x44  snprintf.o [5]
  .text              ro code   0x800'4e90          4    0x39  strtok_r.o [5]
  .text              ro code   0x800'4ecc          4    0x24  stm32f1xx_hal.o [4]
  .text              ro code   0x800'4ef0          4    0xb8  stm32f1xx_hal_cortex.o [4]
  .text              ro code   0x800'4fa8          4   0x43a  stm32f1xx_hal_adc.o [4]
  .text              ro code   0x800'53e4          4   0x5ac  stm32f1xx_hal_tim.o [4]
  .text              ro code   0x800'5990          4    0x64  stm32f1xx_hal_tim_ex.o [4]
  .text              ro code   0x800'59f4          4   0x290  stm32f1xx_hal_msp.o [2]
  .text              ro code   0x800'5c84          2    0x4c  stm32f1xx_hal_wwdg.o [4]
  .text              ro code   0x800'5cd0          4   0x4a2  stm32f1xx_hal_rcc.o [4]
  .text              ro code   0x800'6174          4    0xe8  stm32f1xx_hal_rcc_ex.o [4]
  .text              ro code   0x800'625c          4   0xece  xprintffull_nomb.o [5]
  .text              ro code   0x800'712c          4   0x352  stm32f1xx_hal_dma.o [4]
  .text              ro code   0x800'747e          2     0x2  stm32f1xx_hal_uart.o [4]
  .text              ro code   0x800'7480          2     0x2  stm32f1xx_hal_uart.o [4]
  .text              ro code   0x800'7482          2     0x2  stm32f1xx_hal_uart.o [4]
  .text              ro code   0x800'7484          2    0x22  strspn.o [5]
  .text              ro code   0x800'74a6          2    0x22  strcspn.o [5]
  .text              ro code   0x800'74c8          4   0xd7c  xscanffull_nomb.o [5]
  .text              ro code   0x800'8244          4    0x70  frexp.o [6]
  .text              ro code   0x800'82b4          4   0x246  DblDiv.o [6]
  .text              ro code   0x800'84fc          4   0x13a  ldexp.o [6]
  .text              ro code   0x800'8636          2   0x122  iar_Stopfx.o [5]
  .text              ro code   0x800'8758          4   0x1b8  iar_Stoflt.o [5]
  .text              ro code   0x800'8910          4    0x22  S32ToDbl.o [6]
  .text              ro code   0x800'8934          4   0x25e  DblAddSub.o [6]
  .text              ro code   0x800'8b94          4   0x20c  iar_Stoxflt.o [5]
  .text              ro code   0x800'8da0          2    0x14  isspace.o [5]
  .text              ro code   0x800'8db4          2    0x14  tolower.o [5]
  .text              ro code   0x800'8dc8          4    0x58  memchr.o [7]
  .text              ro code   0x800'8e20          4    0x16  strchr.o [7]
  .text              ro code   0x800'8e38          4    0x32  ABImemset48.o [7]
  .text              ro code   0x800'8e6c          4    0x12  ABImemset_small.o [7]
  .text              ro code   0x800'8e80          4    0x40  stm32f1xx_hal.o [4]
  .text              ro code   0x800'8ec0          2     0x2  stm32f1xx_hal_adc.o [4]
  .text              ro code   0x800'8ec2          2     0x2  stm32f1xx_hal_adc.o [4]
  .text              ro code   0x800'8ec4          2     0x2  stm32f1xx_hal_adc.o [4]
  .text              ro code   0x800'8ec6          2     0x2  stm32f1xx_hal_tim.o [4]
  .text              ro code   0x800'8ec8          2     0x2  stm32f1xx_hal_tim.o [4]
  .text              ro code   0x800'8eca          2     0x2  stm32f1xx_hal_tim_ex.o [4]
  .text              ro code   0x800'8ecc          2     0x2  stm32f1xx_hal_tim.o [4]
  .text              ro code   0x800'8ece          2     0x2  stm32f1xx_hal_tim_ex.o [4]
  .text              ro code   0x800'8ed0          2     0x2  stm32f1xx_hal_tim.o [4]
  .text              ro code   0x800'8ed4          4    0x40  xfail_s.o [5]
  .text              ro code   0x800'8f14          4    0x34  DblCmpLe.o [6]
  .text              ro code   0x800'8f48          4    0x34  DblCmpGe.o [6]
  .text              ro code   0x800'8f7c          4    0x36  DblToS32.o [6]
  .text              ro code   0x800'8fb4          4    0x22  DblToU32.o [6]
  .text              ro code   0x800'8fd8          4    0x1c  U32ToDbl.o [6]
  .text              ro code   0x800'8ff4          4    0x4c  xlocale_c.o [5]
  .text              ro code   0x800'9040          4   0x230  I64DivMod.o [7]
  .text              ro code   0x800'9270          2    0x14  isalpha.o [5]
  .text              ro code   0x800'9284          4   0x1b2  iar_Stoullx.o [5]
  .text              ro code   0x800'9438          4    0xa6  iar_Stollx.o [5]
  .text              ro code   0x800'94de          2     0x6  abort.o [5]
  .text              ro code   0x800'94e4          4     0x2  I64DivZer.o [7]
  .text              ro code   0x800'94e8          4    0x14  exit.o [8]
  .rodata            const     0x800'94fc          4   0x14c  main.o [2]
  .rodata            const     0x800'9648          4   0x104  main.o [2]
  .rodata            const     0x800'974c          4    0xf4  main.o [2]
  .rodata            const     0x800'9840          4    0xa8  main.o [2]
  .rodata            const     0x800'98e8          4    0xa8  main.o [2]
  .text              ro code   0x800'9990          4    0x88  stm32f1xx_it.o [2]
  .text              ro code   0x800'9a18          4    0x10  stm32f1xx_hal.o [4]
  .rodata            const     0x800'9a28          4    0x74  main.o [2]
  .rodata            const     0x800'9a9c          4    0x74  main.o [2]
  .rodata            const     0x800'9b10          4    0x6c  main.o [2]
  .rodata            const     0x800'9b7c          4    0x68  main.o [2]
  .rodata            const     0x800'9be4          4    0x60  main.o [2]
  .rodata            const     0x800'9c44          4    0x54  main.o [2]
  .rodata            const     0x800'9c98          4    0x50  main.o [2]
  .rodata            const     0x800'9ce8          4    0x50  main.o [2]
  .rodata            const     0x800'9d38          4    0x50  iar_Stoulx.o [5]
  .rodata            const     0x800'9d88          4    0x50  iar_Stoullx.o [5]
  .rodata            const     0x800'9dd8          4    0x34  main.o [2]
  .rodata            const     0x800'9e10          8    0x48  strto64.o [6]
  .rodata            const     0x800'9e58          4    0x38  main.o [2]
  .rodata            const     0x800'9e90          4    0x38  main.o [2]
  .text              ro code   0x800'9ec8          2    0x38  zero_init3.o [7]
  .rodata            const     0x800'9f00          4    0x34  main.o [2]
  .rodata            const     0x800'9f34          4    0x28  xscanffull_nomb.o [5]
  .text              ro code   0x800'9f5c          4    0x28  data_init.o [7]
  .rodata            const     0x800'9f84          4    0x24  main.o [2]
  .rodata            const     0x800'9fa8          4    0x24  main.o [2]
  .rodata            const     0x800'9fcc          4    0x24  xscanffull_nomb.o [5]
  .text              ro code   0x800'9ff0          4    0x22  cmain.o [7]
  .text              ro code   0x800'a012          2     0x4  low_level_init.o [5]
  .text              ro code   0x800'a016          2     0x4  exit.o [5]
  .text              ro code   0x800'a01c          4     0x4  cexit.o [7]
  .text              ro code   0x800'a020          4     0xa  cexit_2.o [7]
  .iar.init_table    const     0x800'a02c          4    0x20  - Linker created -
  .text              ro code   0x800'a04c          4    0x1e  cstartup_M.o [7]
  .text              ro code   0x800'a06c          4    0x14  system_stm32f1xx.o [1]
  .text              ro code   0x800'a080          4    0x10  startup_stm32f103xb.o [3]
  .rodata            const     0x800'a090          4     0x8  system_stm32f1xx.o [1]
  .text              ro code   0x800'a098          2     0x4  startup_stm32f103xb.o [3]
  .text              ro code   0x800'a09c          2     0x4  startup_stm32f103xb.o [3]
  .text              ro code   0x800'a0a0          2     0x4  startup_stm32f103xb.o [3]
  .text              ro code   0x800'a0a4          2     0x4  startup_stm32f103xb.o [3]
  .text              ro code   0x800'a0a8          2     0x4  startup_stm32f103xb.o [3]
  .text              ro code   0x800'a0ac          2     0x4  startup_stm32f103xb.o [3]
  .text              ro code   0x800'a0b0          2     0x4  startup_stm32f103xb.o [3]
  .text              ro code   0x800'a0b4          2     0x4  startup_stm32f103xb.o [3]
  .text              ro code   0x800'a0b8          2     0x4  startup_stm32f103xb.o [3]
  .text              ro code   0x800'a0bc          2     0x4  startup_stm32f103xb.o [3]
  .text              ro code   0x800'a0c0          2     0x4  startup_stm32f103xb.o [3]
  .text              ro code   0x800'a0c4          2     0x4  startup_stm32f103xb.o [3]
  .text              ro code   0x800'a0c8          2     0x4  startup_stm32f103xb.o [3]
  .text              ro code   0x800'a0cc          2     0x4  startup_stm32f103xb.o [3]
  .text              ro code   0x800'a0d0          2     0x4  startup_stm32f103xb.o [3]
  .text              ro code   0x800'a0d4          2     0x4  startup_stm32f103xb.o [3]
  .text              ro code   0x800'a0d8          2     0x4  startup_stm32f103xb.o [3]
  .text              ro code   0x800'a0dc          2     0x4  startup_stm32f103xb.o [3]
  .text              ro code   0x800'a0e0          2     0x4  startup_stm32f103xb.o [3]
  .text              ro code   0x800'a0e4          2     0x4  startup_stm32f103xb.o [3]
  .text              ro code   0x800'a0e8          2     0x4  startup_stm32f103xb.o [3]
  .text              ro code   0x800'a0ec          2     0x4  startup_stm32f103xb.o [3]
  .text              ro code   0x800'a0f0          2     0x4  startup_stm32f103xb.o [3]
  .text              ro code   0x800'a0f4          2     0x4  startup_stm32f103xb.o [3]
  .text              ro code   0x800'a0f8          2     0x4  startup_stm32f103xb.o [3]
  .text              ro code   0x800'a0fc          2     0x4  startup_stm32f103xb.o [3]
  .text              ro code   0x800'a100          2     0x4  startup_stm32f103xb.o [3]
  .text              ro code   0x800'a104          2     0x4  startup_stm32f103xb.o [3]
  .text              ro code   0x800'a108          2     0x4  startup_stm32f103xb.o [3]
  .text              ro code   0x800'a10c          2     0x4  startup_stm32f103xb.o [3]
  .text              ro code   0x800'a110          2     0x4  startup_stm32f103xb.o [3]
  .text              ro code   0x800'a114          2     0x4  startup_stm32f103xb.o [3]
  .text              ro code   0x800'a118          2     0x4  startup_stm32f103xb.o [3]
  .text              ro code   0x800'a11c          2     0x4  startup_stm32f103xb.o [3]
  .text              ro code   0x800'a120          2     0x4  startup_stm32f103xb.o [3]
  .text              ro code   0x800'a124          2     0x4  startup_stm32f103xb.o [3]
  .text              ro code   0x800'a128          2     0x4  startup_stm32f103xb.o [3]
  .rodata            const     0x800'a12c                0x0  zero_init3.o [7]
  .rodata            const     0x800'a12c                0x0  lz77_init_single.o [7]
  Initializer bytes  const     0x800'a12c               0x7a  <for P2-1>
                             - 0x800'a1a6             0xa0ba

"P2", part 1 of 3:                                     0x660
  P2-1                        0x2000'0000              0x660  <Init block>
    .data            inited   0x2000'0000          4   0x5d0  main.o [2]
    .data            inited   0x2000'05d0          4     0xc  stm32f1xx_hal.o [4]
    .data            inited   0x2000'05dc          4     0x4  system_stm32f1xx.o [1]
    .data            inited   0x2000'05e0          4    0x38  xlocale_c.o [5]
    .data            inited   0x2000'0618          4    0x48  xlocale_c.o [5]
                            - 0x2000'0660              0x660

"P2", part 2 of 3:                                     0x4b0
  .bss               zero     0x2000'0660          4   0x130  main.o [2]
  .bss               zero     0x2000'0790          4   0x124  main.o [2]
  .bss               zero     0x2000'08b4          4    0xa4  main.o [2]
  .bss               zero     0x2000'0958          4    0x90  main.o [2]
  .bss               zero     0x2000'09e8          4    0x58  main.o [2]
  .bss               zero     0x2000'0a40          4    0x44  main.o [2]
  .bss               zero     0x2000'0a84          4    0x40  main.o [2]
  .bss               zero     0x2000'0ac4          4    0x30  main.o [2]
  .bss               zero     0x2000'0af4          4     0xc  main.o [2]
  .bss               zero     0x2000'0b00          4     0x4  main.o [2]
  .bss               zero     0x2000'0b04          4     0x4  main.o [2]
  .bss               zero     0x2000'0b08          4     0x4  strtok.o [5]
  .bss               zero     0x2000'0b0c          4     0x4  xfail_s.o [5]
                            - 0x2000'0b10              0x4b0

"P2", part 3 of 3:                                     0x600
  CSTACK                      0x2000'0b10          8   0x600  <Block>
    CSTACK           uninit   0x2000'0b10              0x600  <Block tail>
                            - 0x2000'1110              0x600

Unused ranges:

         From           To      Size
         ----           --      ----
   0x800'a1a6   0x801'ffff  0x1'5e5a
  0x2000'1110  0x2000'4fff    0x3ef0


*******************************************************************************
*** INIT TABLE
***

          Address      Size
          -------      ----
Zero (__iar_zero_init3)
    1 destination range, total size 0x4b0:
          0x2000'0660  0x4b0

Copy/lz77 (__iar_lz77_init_single3)
    1 source range, total size 0x7a (7% of destination):
           0x800'a12c   0x7a
    1 destination range, total size 0x660:
          0x2000'0000  0x660



*******************************************************************************
*** MODULE SUMMARY
***

    Module                  ro code  ro data  rw data
    ------                  -------  -------  -------
command line/config:
    -------------------------------------------------
    Total:

D:\Electronic\COMPANY\DOZDGIR\Pomp control\PumpNew\COD\PumpAgri\EWARM\PumpAgri\Obj\CMSIS_6603591812247902717.dir: [1]
    system_stm32f1xx.o           20        8        4
    -------------------------------------------------
    Total:                       20        8        4

D:\Electronic\COMPANY\DOZDGIR\Pomp control\PumpNew\COD\PumpAgri\EWARM\PumpAgri\Obj\Core_13247989168731456611.dir: [2]
    main.o                   14'280    2'355    2'680
    stm32f1xx_hal_msp.o         656
    stm32f1xx_it.o              136
    -------------------------------------------------
    Total:                   15'072    2'355    2'680

D:\Electronic\COMPANY\DOZDGIR\Pomp control\PumpNew\COD\PumpAgri\EWARM\PumpAgri\Obj\EWARM_18443280873093131863.dir: [3]
    startup_stm32f103xb.o       400
    -------------------------------------------------
    Total:                      400

D:\Electronic\COMPANY\DOZDGIR\Pomp control\PumpNew\COD\PumpAgri\EWARM\PumpAgri\Obj\STM32F1xx_HAL_Driver_9701002599162248031.dir: [4]
    stm32f1xx_hal.o             168        1       12
    stm32f1xx_hal_adc.o       1'088
    stm32f1xx_hal_cortex.o      184
    stm32f1xx_hal_dma.o         850
    stm32f1xx_hal_gpio.o        492
    stm32f1xx_hal_iwdg.o         98
    stm32f1xx_hal_rcc.o       1'186
    stm32f1xx_hal_rcc_ex.o      232
    stm32f1xx_hal_tim.o       1'460
    stm32f1xx_hal_tim_ex.o      104
    stm32f1xx_hal_uart.o      1'690
    stm32f1xx_hal_wwdg.o         76
    -------------------------------------------------
    Total:                    7'628        1       12

dl7M_tlf.a: [5]
    abort.o                       6
    exit.o                        4
    iar_Stoflt.o                440
    iar_Stollx.o                166
    iar_Stopfx.o                290
    iar_Stoullx.o               434       80
    iar_Stoulx.o                318       80
    iar_Stoxflt.o               524
    isalpha.o                    20
    isspace.o                    20
    low_level_init.o              4
    snprintf.o                   68
    sprintf.o                    64
    sscanf.o                     40
    strcat.o                     30
    strcspn.o                    34
    strspn.o                     34
    strstr.o                     44
    strtok.o                     76                 4
    strtok_r.o                   57
    tolower.o                    20
    xfail_s.o                    64                 4
    xlocale_c.o                  76       15      128
    xprintffull_nomb.o        3'790
    xscanffull_nomb.o         3'452       76
    xsnprout.o                   26
    xsprout.o                    10
    xsscin.o                     30
    -------------------------------------------------
    Total:                   10'141      251      136

m7M_tl.a: [6]
    DblAddSub.o                 606
    DblCmpGe.o                   52
    DblCmpLe.o                   52
    DblDiv.o                    582
    DblMul.o                    426
    DblToFlt.o                  104
    DblToS32.o                   54
    DblToU32.o                   34
    FltAddSub.o                 354
    FltCmpGe.o                   40
    FltCmpLe.o                   40
    FltDiv.o                    280
    FltMul.o                    216
    FltToDbl.o                   72
    S32ToDbl.o                   34
    U32ToDbl.o                   28
    U32ToFlt.o                   26
    frexp.o                     112
    ldexp.o                     314
    strto64.o                   774       72
    -------------------------------------------------
    Total:                    4'200       72

rt7M_tl.a: [7]
    ABImemclr.o                   6
    ABImemclr4.o                  6
    ABImemcpy_small.o            24
    ABImemset48.o                50
    ABImemset_small.o            18
    I64DivMod.o                 560
    I64DivZer.o                   2
    cexit.o                       4
    cexit_2.o                    10
    cmain.o                      34
    cstartup_M.o                 30
    data_init.o                  40
    lz77_init_single.o          126
    memchr.o                     88
    strchr.o                     22
    strcmp.o                     18
    strcpy.o                     24
    strlen_small.o               20
    zero_init3.o                 56
    -------------------------------------------------
    Total:                    1'138

shb_l.a: [8]
    exit.o                       20
    -------------------------------------------------
    Total:                       20

    Gaps                         38        6
    Linker created                        32    1'536
-----------------------------------------------------
    Grand Total:             38'657    2'725    4'368


*******************************************************************************
*** ENTRY LIST
***

Entry                       Address   Size  Type      Object
-----                       -------   ----  ----      ------
.iar.init_table$$Base    0x800'a02c          --   Gb  - Linker created -
.iar.init_table$$Limit   0x800'a04c          --   Gb  - Linker created -
?main                    0x800'9ff1         Code  Gb  cmain.o [7]
ADC1_2_IRQHandler        0x800'a0d9         Code  Wk  startup_stm32f103xb.o [3]
ADC_ConversionStop_Disable
                         0x800'532d   0x48  Code  Gb  stm32f1xx_hal_adc.o [4]
ADC_DMAConvCplt          0x800'537d   0x48  Code  Gb  stm32f1xx_hal_adc.o [4]
ADC_DMAError             0x800'53cd   0x16  Code  Gb  stm32f1xx_hal_adc.o [4]
ADC_DMAHalfConvCplt      0x800'53c5    0x6  Code  Gb  stm32f1xx_hal_adc.o [4]
ADC_Enable               0x800'5297   0x6e  Code  Gb  stm32f1xx_hal_adc.o [4]
AHBPrescTable            0x800'a070   0x10  Data  Gb  system_stm32f1xx.o [1]
APBPrescTable            0x800'a090    0x8  Data  Gb  system_stm32f1xx.o [1]
AdcReadCount            0x2000'0b04    0x4  Data  Gb  main.o [2]
AlarmMode               0x2000'007c    0x4  Data  Gb  main.o [2]
AutoCurrent              0x800'2fc9   0xd6  Code  Gb  main.o [2]
AutoCurrentSet          0x2000'09c0    0x4  Data  Gb  main.o [2]
AutoCurrentSetting       0x800'1abb   0x30  Code  Gb  main.o [2]
AutoCurrentTimer        0x2000'09c4    0x4  Data  Gb  main.o [2]
BusFault_Handler         0x800'9997    0x2  Code  Gb  stm32f1xx_it.o [2]
CAN1_RX1_IRQHandler      0x800'a0e5         Code  Wk  startup_stm32f103xb.o [3]
CAN1_SCE_IRQHandler      0x800'a0e9         Code  Wk  startup_stm32f103xb.o [3]
CSTACK$$Base            0x2000'0b10          --   Gb  - Linker created -
CSTACK$$Limit           0x2000'1110          --   Gb  - Linker created -
CharMain                0x2000'01ac  0x12c  Data  Gb  main.o [2]
Config                   0x800'166b   0x26  Code  Gb  main.o [2]
ControlCurrent           0x800'309f  0x1c2  Code  Gb  main.o [2]
Current                 0x2000'09b4    0x4  Data  Gb  main.o [2]
CurrentControl           0x800'32bb   0x30  Code  Gb  main.o [2]
CurrentRead              0x800'2ecd   0x40  Code  Gb  main.o [2]
CurrentSetting           0x800'1979   0x4a  Code  Gb  main.o [2]
DMA1_Channel1_IRQHandler
                         0x800'99ab   0x3c  Code  Gb  stm32f1xx_it.o [2]
DMA1_Channel2_IRQHandler
                         0x800'a0c1         Code  Wk  startup_stm32f103xb.o [3]
DMA1_Channel3_IRQHandler
                         0x800'a0c5         Code  Wk  startup_stm32f103xb.o [3]
DMA1_Channel4_IRQHandler
                         0x800'a0c9         Code  Wk  startup_stm32f103xb.o [3]
DMA1_Channel5_IRQHandler
                         0x800'a0cd         Code  Wk  startup_stm32f103xb.o [3]
DMA1_Channel6_IRQHandler
                         0x800'a0d1         Code  Wk  startup_stm32f103xb.o [3]
DMA1_Channel7_IRQHandler
                         0x800'a0d5         Code  Wk  startup_stm32f103xb.o [3]
DMA_Ready               0x2000'0ac0    0x4  Data  Gb  main.o [2]
DMA_SetConfig            0x800'745d   0x22  Code  Lc  stm32f1xx_hal_dma.o [4]
DebugMon_Handler         0x800'999d    0x2  Code  Gb  stm32f1xx_it.o [2]
DeviceMode              0x2000'0074    0x4  Data  Gb  main.o [2]
Dtentox                  0x800'4389  0x1c8  Code  Lc  strto64.o [6]
EEPROM_Init_Config       0x800'064b   0xea  Code  Gb  main.o [2]
EEPROM_Load_Check_Print
                         0x800'0883  0x2c6  Code  Gb  main.o [2]
EEPROM_READ              0x800'0441   0x6e  Code  Gb  main.o [2]
EEPROM_WRIGHT            0x800'040d   0x34  Code  Gb  main.o [2]
EEPROM_Warning           0x800'0833   0x16  Code  Gb  main.o [2]
EXTI0_IRQHandler         0x800'a0ad         Code  Wk  startup_stm32f103xb.o [3]
EXTI15_10_IRQHandler     0x800'a121         Code  Wk  startup_stm32f103xb.o [3]
EXTI1_IRQHandler         0x800'a0b1         Code  Wk  startup_stm32f103xb.o [3]
EXTI2_IRQHandler         0x800'a0b5         Code  Wk  startup_stm32f103xb.o [3]
EXTI3_IRQHandler         0x800'a0b9         Code  Wk  startup_stm32f103xb.o [3]
EXTI4_IRQHandler         0x800'a0bd         Code  Wk  startup_stm32f103xb.o [3]
EXTI9_5_IRQHandler       0x800'a0ed         Code  Wk  startup_stm32f103xb.o [3]
Error_Handler            0x800'3835    0x4  Code  Gb  main.o [2]
FLASH_IRQHandler         0x800'a0a5         Code  Wk  startup_stm32f103xb.o [3]
FirstConfig              0x800'073b   0xd6  Code  Gb  main.o [2]
FirstStartError         0x2000'09b0    0x4  Data  Gb  main.o [2]
GET_AlarmMode            0x800'0607    0x4  Code  Gb  main.o [2]
GET_CurrentTime          0x800'0617    0x4  Code  Gb  main.o [2]
GET_DeviceMode           0x800'060b    0x4  Code  Gb  main.o [2]
GET_HighCurrent          0x800'0613    0x4  Code  Gb  main.o [2]
GET_ID                   0x800'05ef    0x8  Code  Gb  main.o [2]
GET_LowCurrent           0x800'060f    0x4  Code  Gb  main.o [2]
GET_Number               0x800'0621   0x2a  Code  Gb  main.o [2]
GET_RelayState1          0x800'05f7    0x4  Code  Gb  main.o [2]
GET_RelayState2          0x800'05fb    0x4  Code  Gb  main.o [2]
GET_ReleaseTime          0x800'061b    0x4  Code  Gb  main.o [2]
GET_RemoteState          0x800'0603    0x4  Code  Gb  main.o [2]
GET_SecurityState        0x800'05ff    0x4  Code  Gb  main.o [2]
HAL_ADC_ConfigChannel    0x800'51a7   0xe4  Code  Gb  stm32f1xx_hal_adc.o [4]
HAL_ADC_ConvCpltCallback
                         0x800'8ec1    0x2  Code  Wk  stm32f1xx_hal_adc.o [4]
HAL_ADC_ConvHalfCpltCallback
                         0x800'8ec3    0x2  Code  Wk  stm32f1xx_hal_adc.o [4]
HAL_ADC_ErrorCallback    0x800'8ec5    0x2  Code  Wk  stm32f1xx_hal_adc.o [4]
HAL_ADC_Init             0x800'4fa9   0xf4  Code  Gb  stm32f1xx_hal_adc.o [4]
HAL_ADC_MspInit          0x800'5a2d   0x7c  Code  Gb  stm32f1xx_hal_msp.o [2]
HAL_ADC_Start_DMA        0x800'509d   0xfe  Code  Gb  stm32f1xx_hal_adc.o [4]
HAL_DMA_Abort            0x800'7219   0x4a  Code  Gb  stm32f1xx_hal_dma.o [4]
HAL_DMA_Abort_IT         0x800'7263   0x9a  Code  Gb  stm32f1xx_hal_dma.o [4]
HAL_DMA_IRQHandler       0x800'72fd  0x13c  Code  Gb  stm32f1xx_hal_dma.o [4]
HAL_DMA_Init             0x800'712d   0x64  Code  Gb  stm32f1xx_hal_dma.o [4]
HAL_DMA_Start_IT         0x800'7191   0x62  Code  Gb  stm32f1xx_hal_dma.o [4]
HAL_Delay                0x800'423d   0x28  Code  Wk  stm32f1xx_hal.o [4]
HAL_GPIO_Init            0x800'3fb5  0x19e  Code  Gb  stm32f1xx_hal_gpio.o [4]
HAL_GPIO_TogglePin       0x800'415b   0x10  Code  Gb  stm32f1xx_hal_gpio.o [4]
HAL_GPIO_WritePin        0x800'4153    0x8  Code  Gb  stm32f1xx_hal_gpio.o [4]
HAL_GetTick              0x800'4e41    0xc  Code  Wk  stm32f1xx_hal.o [4]
HAL_IWDG_Init            0x800'487f   0x56  Code  Gb  stm32f1xx_hal_iwdg.o [4]
HAL_IWDG_Refresh         0x800'48d5    0xc  Code  Gb  stm32f1xx_hal_iwdg.o [4]
HAL_IncTick              0x800'9a19   0x10  Code  Wk  stm32f1xx_hal.o [4]
HAL_Init                 0x800'4ecd   0x20  Code  Gb  stm32f1xx_hal.o [4]
HAL_InitTick             0x800'8e81   0x40  Code  Wk  stm32f1xx_hal.o [4]
HAL_MspInit              0x800'59f5   0x38  Code  Gb  stm32f1xx_hal_msp.o [2]
HAL_NVIC_EnableIRQ       0x800'4f59   0x16  Code  Gb  stm32f1xx_hal_cortex.o [4]
HAL_NVIC_SetPriority     0x800'4f1f   0x3a  Code  Gb  stm32f1xx_hal_cortex.o [4]
HAL_NVIC_SetPriorityGrouping
                         0x800'4f0b   0x14  Code  Gb  stm32f1xx_hal_cortex.o [4]
HAL_RCCEx_PeriphCLKConfig
                         0x800'6175   0xda  Code  Gb  stm32f1xx_hal_rcc_ex.o [4]
HAL_RCC_ClockConfig      0x800'5fcf   0xf4  Code  Gb  stm32f1xx_hal_rcc.o [4]
HAL_RCC_GetPCLK1Freq     0x800'610d   0x10  Code  Gb  stm32f1xx_hal_rcc.o [4]
HAL_RCC_GetPCLK2Freq     0x800'611d    0xe  Code  Gb  stm32f1xx_hal_rcc.o [4]
HAL_RCC_GetSysClockFreq
                         0x800'60d9   0x34  Code  Gb  stm32f1xx_hal_rcc.o [4]
HAL_RCC_GetSysClockFreq::aPLLMULFactorTable
                         0x800'6160   0x10  Data  Lc  stm32f1xx_hal_rcc.o [4]
HAL_RCC_GetSysClockFreq::aPredivFactorTable
                         0x800'6170    0x2  Data  Lc  stm32f1xx_hal_rcc.o [4]
HAL_RCC_OscConfig        0x800'5cd1  0x2f4  Code  Gb  stm32f1xx_hal_rcc.o [4]
HAL_SYSTICK_Config       0x800'4f6f   0x22  Code  Gb  stm32f1xx_hal_cortex.o [4]
HAL_TIMEx_BreakCallback
                         0x800'8ecb    0x2  Code  Wk  stm32f1xx_hal_tim_ex.o [4]
HAL_TIMEx_CommutCallback
                         0x800'8ecf    0x2  Code  Wk  stm32f1xx_hal_tim_ex.o [4]
HAL_TIMEx_MasterConfigSynchronization
                         0x800'5991   0x56  Code  Gb  stm32f1xx_hal_tim_ex.o [4]
HAL_TIM_Base_Init        0x800'53e5   0x1a  Code  Gb  stm32f1xx_hal_tim.o [4]
HAL_TIM_Base_MspInit     0x800'5aa9   0x42  Code  Gb  stm32f1xx_hal_msp.o [2]
HAL_TIM_Base_Start_IT    0x800'53ff   0x56  Code  Gb  stm32f1xx_hal_tim.o [4]
HAL_TIM_ConfigClockSource
                         0x800'56b3   0xac  Code  Gb  stm32f1xx_hal_tim.o [4]
HAL_TIM_IC_CaptureCallback
                         0x800'8ec7    0x2  Code  Wk  stm32f1xx_hal_tim.o [4]
HAL_TIM_IRQHandler       0x800'54b5  0x12a  Code  Gb  stm32f1xx_hal_tim.o [4]
HAL_TIM_MspPostInit      0x800'5b0d   0x4c  Code  Gb  stm32f1xx_hal_msp.o [2]
HAL_TIM_OC_DelayElapsedCallback
                         0x800'8ec9    0x2  Code  Wk  stm32f1xx_hal_tim.o [4]
HAL_TIM_PWM_ConfigChannel
                         0x800'55ef   0xb6  Code  Gb  stm32f1xx_hal_tim.o [4]
HAL_TIM_PWM_Init         0x800'547d   0x1a  Code  Gb  stm32f1xx_hal_tim.o [4]
HAL_TIM_PWM_MspInit      0x800'5aeb   0x22  Code  Gb  stm32f1xx_hal_msp.o [2]
HAL_TIM_PWM_PulseFinishedCallback
                         0x800'8ed1    0x2  Code  Wk  stm32f1xx_hal_tim.o [4]
HAL_TIM_PeriodElapsedCallback
                         0x800'018d   0x82  Code  Gb  main.o [2]
HAL_TIM_TriggerCallback
                         0x800'8ecd    0x2  Code  Wk  stm32f1xx_hal_tim.o [4]
HAL_UARTEx_RxEventCallback
                         0x800'7481    0x2  Code  Wk  stm32f1xx_hal_uart.o [4]
HAL_UART_ErrorCallback   0x800'747f    0x2  Code  Wk  stm32f1xx_hal_uart.o [4]
HAL_UART_IRQHandler      0x800'3a73  0x29a  Code  Gb  stm32f1xx_hal_uart.o [4]
HAL_UART_Init            0x800'3909   0x20  Code  Gb  stm32f1xx_hal_uart.o [4]
HAL_UART_MspInit         0x800'5b65   0x78  Code  Gb  stm32f1xx_hal_msp.o [2]
HAL_UART_Receive_IT      0x800'3a25   0x26  Code  Gb  stm32f1xx_hal_uart.o [4]
HAL_UART_RxCpltCallback
                         0x800'32eb   0x4a  Code  Gb  main.o [2]
HAL_UART_Transmit        0x800'3981   0x9c  Code  Gb  stm32f1xx_hal_uart.o [4]
HAL_UART_TxCpltCallback
                         0x800'7483    0x2  Code  Wk  stm32f1xx_hal_uart.o [4]
HAL_WWDG_EarlyWakeupCallback
                         0x800'379b    0xe  Code  Gb  main.o [2]
HAL_WWDG_IRQHandler      0x800'5cb7   0x1a  Code  Gb  stm32f1xx_hal_wwdg.o [4]
HAL_WWDG_Init            0x800'5c85   0x28  Code  Gb  stm32f1xx_hal_wwdg.o [4]
HAL_WWDG_MspInit         0x800'5c17   0x22  Code  Gb  stm32f1xx_hal_msp.o [2]
HAL_WWDG_Refresh         0x800'5cad    0xa  Code  Gb  stm32f1xx_hal_wwdg.o [4]
HardFault_Handler        0x800'9993    0x2  Code  Gb  stm32f1xx_it.o [2]
HighCurrentAlarmCount   0x2000'09d0    0x4  Data  Gb  main.o [2]
HighCurrentAlarmTimer   0x2000'09d4    0x4  Data  Gb  main.o [2]
I2C1_ER_IRQHandler       0x800'a105         Code  Wk  startup_stm32f103xb.o [3]
I2C1_EV_IRQHandler       0x800'a101         Code  Wk  startup_stm32f103xb.o [3]
I2C2_ER_IRQHandler       0x800'a10d         Code  Wk  startup_stm32f103xb.o [3]
I2C2_EV_IRQHandler       0x800'a109         Code  Wk  startup_stm32f103xb.o [3]
I2C_RW                   0x800'0385   0x70  Code  Gb  main.o [2]
I2C_init                 0x800'02b5   0x48  Code  Gb  main.o [2]
I2C_start                0x800'030b   0x32  Code  Gb  main.o [2]
I2C_stop                 0x800'033d   0x2e  Code  Gb  main.o [2]
InputSMS                 0x800'1bd9  0x234  Code  Gb  main.o [2]
InputVoltage            0x2000'09b8    0x4  Data  Gb  main.o [2]
InputVoltageRead         0x800'2f0d   0x2c  Code  Gb  main.o [2]
LowCurrentArlarmCount   0x2000'09c8    0x4  Data  Gb  main.o [2]
LowCurrentArlarmTimer   0x2000'09cc    0x4  Data  Gb  main.o [2]
MAKE_FLOAT               0x800'029d   0x18  Code  Gb  main.o [2]
MC60_Check               0x800'279d  0x1ac  Code  Gb  main.o [2]
MC60_FirstStart_Count   0x2000'0958    0x4  Data  Gb  main.o [2]
MC60_FirstStart_Error   0x2000'0668    0x4  Data  Gb  main.o [2]
MC60_FirstStart_Timer   0x2000'0960    0x4  Data  Gb  main.o [2]
MC60_Ready              0x2000'095c    0x4  Data  Gb  main.o [2]
MC60_start               0x800'2a23  0x200  Code  Gb  main.o [2]
MemManage_Handler        0x800'9995    0x2  Code  Gb  stm32f1xx_it.o [2]
NMI_Handler              0x800'9991    0x2  Code  Gb  stm32f1xx_it.o [2]
OverCurrent              0x800'19c3   0x4e  Code  Gb  main.o [2]
PVD_IRQHandler           0x800'a099         Code  Wk  startup_stm32f103xb.o [3]
PackData                 0x800'0d95   0xf0  Code  Gb  main.o [2]
PendSV_Handler           0x800'999f    0x2  Code  Gb  stm32f1xx_it.o [2]
PowerCheck               0x800'2d7d  0x116  Code  Gb  main.o [2]
PowerCount              0x2000'0af4    0x4  Data  Gb  main.o [2]
RCC_IRQHandler           0x800'a0a9         Code  Wk  startup_stm32f103xb.o [3]
RTC_Alarm_IRQHandler     0x800'a125         Code  Wk  startup_stm32f103xb.o [3]
RTC_IRQHandler           0x800'a0a1         Code  Wk  startup_stm32f103xb.o [3]
ReadAdc                  0x800'2f39   0x64  Code  Gb  main.o [2]
Read_Input_SMS           0x800'207f  0x140  Code  Gb  main.o [2]
RealizeSetting           0x800'1b2d   0x34  Code  Gb  main.o [2]
RealizeTimr             0x2000'0b00    0x4  Data  Gb  main.o [2]
Region$$Table$$Base      0x800'a02c          --   Gb  - Linker created -
Region$$Table$$Limit     0x800'a04c          --   Gb  - Linker created -
Rele1_off                0x800'16fd   0x1a  Code  Gb  main.o [2]
Rele1_on                 0x800'16d9   0x1c  Code  Gb  main.o [2]
Rele2_off                0x800'17af   0x22  Code  Gb  main.o [2]
Rele2_on                 0x800'178d   0x22  Code  Gb  main.o [2]
ReleState1              0x2000'0060    0x4  Data  Gb  main.o [2]
ReleState2              0x2000'0064    0x4  Data  Gb  main.o [2]
ReleazeCount            0x2000'09d8    0x4  Data  Gb  main.o [2]
RemoteMode              0x2000'0078    0x4  Data  Gb  main.o [2]
Reset                    0x800'1a6b   0x2e  Code  Gb  main.o [2]
ResetCount              0x2000'0afc    0x4  Data  Gb  main.o [2]
ResetMC60                0x800'22d5   0x54  Code  Gb  main.o [2]
ResetMicro               0x800'22a5   0x1e  Code  Gb  main.o [2]
Reset_Handler            0x800'a081         Code  Wk  startup_stm32f103xb.o [3]
SET_CurrentTime          0x800'05cb    0x4  Code  Gb  main.o [2]
SET_HighCurrent          0x800'05c7    0x4  Code  Gb  main.o [2]
SET_ID                   0x800'05b3    0x8  Code  Gb  main.o [2]
SET_LowCurrent           0x800'05c3    0x4  Code  Gb  main.o [2]
SET_Number               0x800'05bb    0x8  Code  Gb  main.o [2]
SET_Relay                0x800'05d3   0x16  Code  Gb  main.o [2]
SET_ReleaseTime          0x800'05cf    0x4  Code  Gb  main.o [2]
SET_Security             0x800'05e9    0x6  Code  Gb  main.o [2]
SMSCheck                0x2000'0984    0x4  Data  Gb  main.o [2]
SMSDone                 0x2000'0980    0x4  Data  Gb  main.o [2]
SMS_CHECK_Timer         0x2000'0974    0x4  Data  Gb  main.o [2]
SMS_Check                0x800'1f07   0xd0  Code  Gb  main.o [2]
SMS_Check_Count         0x2000'0978    0x4  Data  Gb  main.o [2]
SMS_Check_point         0x2000'0970    0x4  Data  Gb  main.o [2]
SPI1_IRQHandler          0x800'a111         Code  Wk  startup_stm32f103xb.o [3]
SPI2_IRQHandler          0x800'a115         Code  Wk  startup_stm32f103xb.o [3]
SVC_Handler              0x800'999b    0x2  Code  Gb  stm32f1xx_it.o [2]
Security                0x2000'0068    0x4  Data  Gb  main.o [2]
Security_off             0x800'1bb5   0x1c  Code  Gb  main.o [2]
Security_on              0x800'1b91   0x1c  Code  Gb  main.o [2]
SendPumpCurrent          0x800'1aeb   0x1e  Code  Gb  main.o [2]
SendToMember            0x2000'0af8    0x4  Data  Gb  main.o [2]
ServerEEPROM             0x800'193d   0x26  Code  Gb  main.o [2]
ShowCurrentCount        0x2000'09bc    0x4  Data  Gb  main.o [2]
Sim800                   0x800'2d55   0x22  Code  Gb  main.o [2]
Sim800_Check             0x800'2373  0x27c  Code  Gb  main.o [2]
Sim800_Uart              0x800'3335   0x76  Code  Gb  main.o [2]
SysTick_Handler          0x800'99a1    0x4  Code  Gb  stm32f1xx_it.o [2]
SystemClock_Config       0x800'370f   0x7e  Code  Gb  main.o [2]
SystemCoreClock         0x2000'05dc    0x4  Data  Gb  system_stm32f1xx.o [1]
SystemInit               0x800'a06d    0x2  Code  Gb  system_stm32f1xx.o [1]
TAMPER_IRQHandler        0x800'a09d         Code  Wk  startup_stm32f103xb.o [3]
TIM1_BRK_IRQHandler      0x800'99e7    0x2  Code  Gb  stm32f1xx_it.o [2]
TIM1_CC_IRQHandler       0x800'a0f1         Code  Wk  startup_stm32f103xb.o [3]
TIM1_TRG_COM_IRQHandler
                         0x800'99f1    0x2  Code  Gb  stm32f1xx_it.o [2]
TIM1_UP_IRQHandler       0x800'99e9    0x2  Code  Gb  stm32f1xx_it.o [2]
TIM2_IRQHandler          0x800'a0f5         Code  Wk  startup_stm32f103xb.o [3]
TIM3_IRQHandler          0x800'a0f9         Code  Wk  startup_stm32f103xb.o [3]
TIM4_IRQHandler          0x800'a0fd         Code  Wk  startup_stm32f103xb.o [3]
TIM_Base_SetConfig       0x800'5771   0x6c  Code  Gb  stm32f1xx_hal_tim.o [4]
TIM_ETR_SetConfig        0x800'5977   0x14  Code  Gb  stm32f1xx_hal_tim.o [4]
TIM_ITRx_SetConfig       0x800'5967   0x10  Code  Lc  stm32f1xx_hal_tim.o [4]
TIM_OC1_SetConfig        0x800'57dd   0x44  Code  Lc  stm32f1xx_hal_tim.o [4]
TIM_OC2_SetConfig        0x800'5821   0x52  Code  Gb  stm32f1xx_hal_tim.o [4]
TIM_OC3_SetConfig        0x800'5873   0x50  Code  Lc  stm32f1xx_hal_tim.o [4]
TIM_OC4_SetConfig        0x800'58c3   0x40  Code  Lc  stm32f1xx_hal_tim.o [4]
TIM_TI1_ConfigInputStage
                         0x800'5925   0x1e  Code  Lc  stm32f1xx_hal_tim.o [4]
TIM_TI2_ConfigInputStage
                         0x800'5943   0x24  Code  Lc  stm32f1xx_hal_tim.o [4]
TimeSMSDone             0x2000'097c    0x4  Data  Gb  main.o [2]
TimeSetting              0x800'1a1d   0x36  Code  Gb  main.o [2]
UART_DMAAbortOnError     0x800'3e3d    0xe  Code  Lc  stm32f1xx_hal_uart.o [4]
UART_EndRxTransfer       0x800'3e05   0x36  Code  Lc  stm32f1xx_hal_uart.o [4]
UART_Receive_IT          0x800'3e4d   0xb4  Code  Lc  stm32f1xx_hal_uart.o [4]
UART_SetConfig           0x800'3f1b   0x78  Code  Lc  stm32f1xx_hal_uart.o [4]
UART_Start_Receive_IT    0x800'3dcf   0x30  Code  Gb  stm32f1xx_hal_uart.o [4]
UART_WaitOnFlagUntilTimeout
                         0x800'3d55   0x7a  Code  Lc  stm32f1xx_hal_uart.o [4]
USART1_IRQHandler        0x800'99f3    0x6  Code  Gb  stm32f1xx_it.o [2]
USART2_IRQHandler        0x800'a119         Code  Wk  startup_stm32f103xb.o [3]
USART3_IRQHandler        0x800'a11d         Code  Wk  startup_stm32f103xb.o [3]
USBWakeUp_IRQHandler     0x800'a129         Code  Wk  startup_stm32f103xb.o [3]
USB_HP_CAN1_TX_IRQHandler
                         0x800'a0dd         Code  Wk  startup_stm32f103xb.o [3]
USB_LP_CAN1_RX0_IRQHandler
                         0x800'a0e1         Code  Wk  startup_stm32f103xb.o [3]
UartTrig                0x2000'0664    0x4  Data  Gb  main.o [2]
UartTrig3               0x2000'0a34    0x4  Data  Gb  main.o [2]
UnpackData               0x800'0eed  0x158  Code  Gb  main.o [2]
UsageFault_Handler       0x800'9999    0x2  Code  Gb  stm32f1xx_it.o [2]
WWDG_IRQHandler          0x800'99a5    0x6  Code  Gb  stm32f1xx_it.o [2]
_Get                     0x800'74c9   0x12  Code  Lc  xscanffull_nomb.o [5]
_GetN                    0x800'74db   0x22  Code  Lc  xscanffull_nomb.o [5]
_GetstrFullNoMb          0x800'8041  0x196  Code  Lc  xscanffull_nomb.o [5]
_LC                      0x800'625d    0x6  Code  Lc  xprintffull_nomb.o [5]
_LitobFullNoMb           0x800'6f49  0x114  Code  Lc  xprintffull_nomb.o [5]
_LocaleC_isalpha         0x800'8ffb    0xc  Code  Gb  xlocale_c.o [5]
_LocaleC_islower         0x800'8ff5    0x4  Code  Gb  xlocale_c.o [5]
_LocaleC_isspace         0x800'9011   0x14  Code  Gb  xlocale_c.o [5]
_LocaleC_isupper         0x800'8ff9    0x2  Code  Gb  xlocale_c.o [5]
_LocaleC_tolower         0x800'9025    0xc  Code  Gb  xlocale_c.o [5]
_Locale_lconv           0x2000'05e0   0x38  Data  Lc  xlocale_c.o [5]
_PrintfFullNoMb          0x800'6263  0xcb8  Code  Gb  xprintffull_nomb.o [5]
_PutcharsFullNoMb        0x800'70b5   0x2e  Code  Lc  xprintffull_nomb.o [5]
_SNProut                 0x800'4853   0x1a  Code  Gb  xsnprout.o [5]
_SProut                  0x800'4913    0xa  Code  Gb  xsprout.o [5]
_SScin                   0x800'468f   0x1e  Code  Gb  xsscin.o [5]
_ScanfFullNoMb           0x800'7519  0xad0  Code  Gb  xscanffull_nomb.o [5]
_Strtok_ssave           0x2000'0b08    0x4  Data  Lc  strtok.o [5]
_UngetN                  0x800'74fd   0x1a  Code  Lc  xscanffull_nomb.o [5]
__NVIC_SetPriority       0x800'4ef1   0x1a  Code  Lc  stm32f1xx_hal_cortex.o [4]
__aeabi_cdcmple          0x800'8f15         Code  Gb  DblCmpLe.o [6]
__aeabi_cdrcmple         0x800'8f49         Code  Gb  DblCmpGe.o [6]
__aeabi_cfcmple          0x800'427d         Code  Gb  FltCmpLe.o [6]
__aeabi_cfrcmple         0x800'42a5         Code  Gb  FltCmpGe.o [6]
__aeabi_d2f              0x800'46ad         Code  Gb  DblToFlt.o [6]
__aeabi_d2iz             0x800'8f7d         Code  Gb  DblToS32.o [6]
__aeabi_d2uiz            0x800'8fb5         Code  Gb  DblToU32.o [6]
__aeabi_dadd             0x800'8935         Code  Gb  DblAddSub.o [6]
__aeabi_ddiv             0x800'82b5         Code  Gb  DblDiv.o [6]
__aeabi_dmul             0x800'4b31         Code  Gb  DblMul.o [6]
__aeabi_dsub             0x800'8ab1         Code  Gb  DblAddSub.o [6]
__aeabi_f2d              0x800'42cd         Code  Gb  FltToDbl.o [6]
__aeabi_fadd             0x800'4cdd         Code  Gb  FltAddSub.o [6]
__aeabi_fdiv             0x800'4a19         Code  Gb  FltDiv.o [6]
__aeabi_fmul             0x800'4941         Code  Gb  FltMul.o [6]
__aeabi_i2d              0x800'8911         Code  Gb  S32ToDbl.o [6]
__aeabi_ldiv0            0x800'94e5         Code  Gb  I64DivZer.o [7]
__aeabi_memclr           0x800'491d         Code  Gb  ABImemclr.o [7]
__aeabi_memclr4          0x800'490d         Code  Gb  ABImemclr4.o [7]
__aeabi_ui2d             0x800'8fd9         Code  Gb  U32ToDbl.o [6]
__aeabi_ui2f             0x800'4925         Code  Gb  U32ToFlt.o [6]
__aeabi_uldivmod         0x800'9041         Code  Gb  I64DivMod.o [7]
__cmain                  0x800'9ff1         Code  Gb  cmain.o [7]
__exit                   0x800'94e9   0x14  Code  Gb  exit.o [8]
__iar_Fail_s             0x800'8ed5   0x1c  Code  Gb  xfail_s.o [5]
__iar_Memchr             0x800'8dc9         Code  Gb  memchr.o [7]
__iar_Memset4_word       0x800'8e39         Code  Gb  ABImemset48.o [7]
__iar_Memset8_word       0x800'8e39         Code  Gb  ABImemset48.o [7]
__iar_Sto                0x800'4685    0x4  Code  Lc  strto64.o [6]
__iar_Sto64              0x800'4551  0x112  Code  Gb  strto64.o [6]
__iar_Stoflt             0x800'8759  0x1b8  Code  Gb  iar_Stoflt.o [5]
__iar_Stollx             0x800'9439   0xa0  Code  Gb  iar_Stollx.o [5]
__iar_Stopfx             0x800'8637  0x122  Code  Gb  iar_Stopfx.o [5]
__iar_Stoul              0x800'4845    0x2  Code  Gb  iar_Stoulx.o [5]
__iar_Stoullx            0x800'9285  0x1a6  Code  Gb  iar_Stoullx.o [5]
__iar_Stoulx             0x800'4715  0x12a  Code  Gb  iar_Stoulx.o [5]
__iar_Stoxflt            0x800'8b95  0x1d8  Code  Gb  iar_Stoxflt.o [5]
__iar_Stoxflt::digits    0x800'8d70   0x18  Data  Lc  iar_Stoxflt.o [5]
__iar_Stoxflt::vals      0x800'8d88   0x18  Data  Lc  iar_Stoxflt.o [5]
__iar_Strchr             0x800'8e21         Code  Gb  strchr.o [7]
__iar_data_init3         0x800'9f5d   0x28  Code  Gb  data_init.o [7]
__iar_frexp              0x800'8251         Code  Gb  frexp.o [6]
__iar_frexp64            0x800'8245         Code  Gb  frexp.o [6]
__iar_frexpl             0x800'8251         Code  Gb  frexp.o [6]
__iar_globLocale        0x2000'0618   0x48  Data  Lc  xlocale_c.o [5]
__iar_global_Locale      0x800'9031    0x4  Code  Gb  xlocale_c.o [5]
__iar_ldexp64            0x800'84fd         Code  Gb  ldexp.o [6]
__iar_lz77_init_single3
                         0x800'41bf   0x7e  Code  Gb  lz77_init_single.o [7]
__iar_program_start      0x800'a04d         Code  Gb  cstartup_M.o [7]
__iar_scalbln64          0x800'84fd         Code  Gb  ldexp.o [6]
__iar_scalbn64           0x800'84fd         Code  Gb  ldexp.o [6]
__iar_small_Memcpy       0x800'4269         Code  Gb  ABImemcpy_small.o [7]
__iar_small_Memset       0x800'8e6d         Code  Gb  ABImemset_small.o [7]
__iar_small_Memset_word
                         0x800'8e6d         Code  Gb  ABImemset_small.o [7]
__iar_small_memcpy       0x800'4265         Code  Gb  ABImemcpy_small.o [7]
__iar_small_memcpy4      0x800'4265         Code  Gb  ABImemcpy_small.o [7]
__iar_small_memcpy8      0x800'4265         Code  Gb  ABImemcpy_small.o [7]
__iar_small_memset       0x800'8e6d         Code  Gb  ABImemset_small.o [7]
__iar_small_strlen       0x800'38f5         Code  Gb  strlen_small.o [7]
__iar_zero_init3         0x800'9ec9   0x38  Code  Gb  zero_init3.o [7]
__low_level_init         0x800'a013    0x4  Code  Gb  low_level_init.o [5]
__vector_table           0x800'0000         Data  Gb  startup_stm32f103xb.o [3]
_call_main               0x800'9ffd         Code  Gb  cmain.o [7]
_exit                    0x800'a01d         Code  Gb  cexit.o [7]
_exit_2                  0x800'a021         Code  Gb  cexit_2.o [7]
abort                    0x800'94df    0x6  Code  Gb  abort.o [5]
adc                     0x2000'0a84   0x14  Data  Gb  main.o [2]
adc1                    0x2000'0a98   0x28  Data  Gb  main.o [2]
adc_dma_buffer          0x2000'05cc    0x4  Data  Gb  main.o [2]
add_member               0x800'1817   0xfe  Code  Gb  main.o [2]
anten                   0x2000'099c    0x4  Data  Gb  main.o [2]
anten_send              0x2000'09ac    0x4  Data  Gb  main.o [2]
atof                     0x800'4689    0x6  Code  Gb  strto64.o [6]
atoi                     0x800'4847    0x2  Code  Gb  iar_Stoulx.o [5]
batt_sms                0x2000'0998    0x4  Data  Gb  main.o [2]
battery_cbc             0x2000'09dc    0xc  Data  Gb  main.o [2]
battry                   0x800'16a1   0x32  Code  Gb  main.o [2]
call                     0x800'020f   0x7a  Code  Gb  main.o [2]
car_number              0x2000'05b8   0x14  Data  Gb  main.o [2]
change_pass              0x800'1425  0x1ac  Code  Gb  main.o [2]
char_test3              0x2000'0084  0x128  Data  Gb  main.o [2]
chek                    0x2000'098c    0x4  Data  Gb  main.o [2]
chek_count              0x2000'0990    0x4  Data  Gb  main.o [2]
chek_count2             0x2000'0988    0x4  Data  Gb  main.o [2]
chek_sim_ok             0x2000'09a4    0x4  Data  Gb  main.o [2]
curTime                 0x2000'0000    0x2  Data  Gb  main.o [2]
delay_ms                 0x800'0289    0x8  Code  Gb  main.o [2]
delay_us                 0x800'0291    0x2  Code  Gb  main.o [2]
digits                   0x800'9d60   0x28  Data  Lc  iar_Stoulx.o [5]
digits                   0x800'9db0   0x28  Data  Lc  iar_Stoullx.o [5]
eepromFualt             0x2000'0080    0x4  Data  Gb  main.o [2]
eeprom_clear_all         0x800'0541   0x18  Code  Gb  main.o [2]
eeprom_read_float        0x800'0509   0x2c  Code  Gb  main.o [2]
eeprom_read_int16        0x800'04f1   0x18  Code  Gb  main.o [2]
eeprom_read_string       0x800'0583   0x2a  Code  Gb  main.o [2]
eeprom_write_float       0x800'04d3   0x1e  Code  Gb  main.o [2]
eeprom_write_int16       0x800'04b5    0xa  Code  Gb  main.o [2]
eeprom_write_string      0x800'0559   0x2a  Code  Gb  main.o [2]
exit                     0x800'a017    0x4  Code  Gb  exit.o [5]
exti_sms                0x2000'096c    0x4  Data  Gb  main.o [2]
frexp                    0x800'8245         Code  Gb  frexp.o [6]
frexpl                   0x800'8245         Code  Gb  frexp.o [6]
hadc1                   0x2000'0ac4   0x30  Data  Gb  main.o [2]
hang                    0x2000'0968    0x4  Data  Gb  main.o [2]
hdma_adc1               0x2000'0a40   0x44  Data  Gb  main.o [2]
highCur                 0x2000'0070    0x4  Data  Gb  main.o [2]
hiwdg                   0x2000'004c    0xc  Data  Gb  main.o [2]
htim1                   0x2000'08b4   0x48  Data  Gb  main.o [2]
htim3                   0x2000'08fc   0x48  Data  Gb  main.o [2]
huart1                  0x2000'0004   0x48  Data  Gb  main.o [2]
huart2                  0x2000'09ec   0x48  Data  Gb  main.o [2]
hwwdg                   0x2000'0944   0x14  Data  Gb  main.o [2]
id                      0x2000'05a4   0x14  Data  Gb  main.o [2]
info                     0x800'17e7   0x22  Code  Gb  main.o [2]
input_number            0x2000'04e4   0x18  Data  Gb  main.o [2]
is_valid_string          0x800'085d   0x26  Code  Gb  main.o [2]
isalpha                  0x800'9271   0x14  Code  Gb  isalpha.o [5]
isspace                  0x800'8da1   0x14  Code  Gb  isspace.o [5]
last_time3              0x2000'0a38    0x4  Data  Gb  main.o [2]
ldexp                    0x800'84fd         Code  Gb  ldexp.o [6]
ldexpl                   0x800'84fd         Code  Gb  ldexp.o [6]
localeconv               0x800'9035    0x4  Code  Gb  xlocale_c.o [5]
lowCur                  0x2000'006c    0x4  Data  Gb  main.o [2]
main                     0x800'33bd  0x332  Code  Gb  main.o [2]
main_chek_count         0x2000'005c    0x4  Data  Gb  main.o [2]
memchr                   0x800'8dc9         Code  Gb  memchr.o [7]
model_simcard           0x2000'0964    0x4  Data  Gb  main.o [2]
ndigs                    0x800'9d38   0x28  Data  Lc  iar_Stoulx.o [5]
ndigs                    0x800'9d88   0x28  Data  Lc  iar_Stoullx.o [5]
number                  0x2000'0058    0x4  Data  Gb  main.o [2]
number1                 0x2000'0554   0x14  Data  Gb  main.o [2]
number2                 0x2000'0568   0x14  Data  Gb  main.o [2]
number3                 0x2000'057c   0x14  Data  Gb  main.o [2]
number4                 0x2000'0590   0x14  Data  Gb  main.o [2]
pass                    0x2000'0548    0xc  Data  Gb  main.o [2]
pows                     0x800'9e10   0x48  Data  Lc  strto64.o [6]
ranmatch                 0x800'7ffb   0x46  Code  Lc  xscanffull_nomb.o [5]
red_led_count           0x2000'09a0    0x4  Data  Gb  main.o [2]
relTime                 0x2000'0002    0x2  Data  Gb  main.o [2]
rx_buffer1              0x2000'066c  0x124  Data  Gb  main.o [2]
rx_buffer3              0x2000'0790  0x124  Data  Gb  main.o [2]
rx_data3                0x2000'09e8    0x1  Data  Gb  main.o [2]
rx_index1               0x2000'0660    0x2  Data  Gb  main.o [2]
rx_index3               0x2000'09ea    0x2  Data  Gb  main.o [2]
scalbln                  0x800'84fd         Code  Gb  ldexp.o [6]
scalblnl                 0x800'84fd         Code  Gb  ldexp.o [6]
scalbn                   0x800'84fd         Code  Gb  ldexp.o [6]
scalbnl                  0x800'84fd         Code  Gb  ldexp.o [6]
scale                    0x800'705d   0x46  Code  Lc  xprintffull_nomb.o [5]
sec_hand                0x2000'0b0c    0x4  Data  Lc  xfail_s.o [5]
send_atcammand           0x800'0167   0x1e  Code  Gb  main.o [2]
send_number             0x2000'04fc   0x1c  Data  Gb  main.o [2]
send_number_ucs2        0x2000'0518   0x30  Data  Gb  main.o [2]
send_sms                 0x800'11a1   0xd8  Code  Gb  main.o [2]
send_sms_fars            0x800'12a5  0x102  Code  Gb  main.o [2]
server_number           0x2000'04d0   0x14  Data  Gb  main.o [2]
server_number2           0x800'21e4   0x14  Data  Gb  main.o [2]
show_uart                0x800'0121   0x18  Code  Gb  main.o [2]
show_uart2               0x800'0139   0x18  Code  Gb  main.o [2]
sim_error_count1        0x2000'0994    0x4  Data  Gb  main.o [2]
sms_done                 0x800'1149   0x34  Code  Gb  main.o [2]
sms_text                0x2000'03d4   0xfc  Data  Gb  main.o [2]
snprintf                 0x800'4e4d   0x44  Code  Gb  snprintf.o [5]
sprintf                  0x800'38b5   0x40  Code  Gb  sprintf.o [5]
sscanf                   0x800'4361   0x28  Code  Gb  sscanf.o [5]
str                     0x2000'02d8   0xc8  Data  Gb  main.o [2]
str_cut                 0x2000'03a0   0x34  Data  Gb  main.o [2]
strcat                   0x800'41a1   0x1e  Code  Gb  strcat.o [5]
strchr                   0x800'8e21         Code  Gb  strchr.o [7]
strcmp                   0x800'486d         Code  Gb  strcmp.o [7]
strcpy                   0x800'3f9d         Code  Gb  strcpy.o [7]
strcspn                  0x800'74a7   0x22  Code  Gb  strcspn.o [5]
strspn                   0x800'7485   0x22  Code  Gb  strspn.o [5]
strstr                   0x800'48e1   0x2c  Code  Gb  strstr.o [5]
strtok                   0x800'4315   0x4c  Code  Gb  strtok.o [5]
strtok_r                 0x800'4e91   0x38  Code  Gb  strtok_r.o [5]
strtoll                  0x800'94d9    0x2  Code  Gb  iar_Stollx.o [5]
strtoull                 0x800'9431    0x2  Code  Gb  iar_Stoullx.o [5]
substring                0x800'00ed   0x34  Code  Gb  main.o [2]
tolower                  0x800'8db5   0x14  Code  Gb  tolower.o [5]
uartTimeTest3           0x2000'0a3c    0x4  Data  Gb  main.o [2]
ucs2_convert             0x800'1061   0x96  Code  Gb  main.o [2]
uwTick                  0x2000'05d4    0x4  Data  Gb  stm32f1xx_hal.o [4]
uwTickFreq              0x2000'05d0    0x1  Data  Gb  stm32f1xx_hal.o [4]
uwTickPrio              0x2000'05d8    0x4  Data  Gb  stm32f1xx_hal.o [4]
voltag_battery          0x2000'09a8    0x4  Data  Gb  main.o [2]


[1] = D:\Electronic\COMPANY\DOZDGIR\Pomp control\PumpNew\COD\PumpAgri\EWARM\PumpAgri\Obj\CMSIS_6603591812247902717.dir
[2] = D:\Electronic\COMPANY\DOZDGIR\Pomp control\PumpNew\COD\PumpAgri\EWARM\PumpAgri\Obj\Core_13247989168731456611.dir
[3] = D:\Electronic\COMPANY\DOZDGIR\Pomp control\PumpNew\COD\PumpAgri\EWARM\PumpAgri\Obj\EWARM_18443280873093131863.dir
[4] = D:\Electronic\COMPANY\DOZDGIR\Pomp control\PumpNew\COD\PumpAgri\EWARM\PumpAgri\Obj\STM32F1xx_HAL_Driver_9701002599162248031.dir
[5] = dl7M_tlf.a
[6] = m7M_tl.a
[7] = rt7M_tl.a
[8] = shb_l.a

  38'657 bytes of readonly  code memory
   2'725 bytes of readonly  data memory
   4'368 bytes of readwrite data memory

Errors: none
Warnings: none
