###############################################################################
#
# IAR ELF Linker V9.70.1.475/W64 for ARM                  04/Jun/2026  21:02:22
# Copyright 2007-2025 IAR Systems AB.
#
#    Output file  =
#        D:\Electronic\COMPANY\DOZDGIR\Pomp
#        control\PumpNew\COD\PumpAgri\EWARM\PumpAgri\Exe\PumpAgri.out
#    Map file     =
#        D:\Electronic\COMPANY\DOZDGIR\Pomp
#        control\PumpNew\COD\PumpAgri\EWARM\PumpAgri\List\PumpAgri.map
#    Command line =
#        -f "D:\Electronic\COMPANY\DOZDGIR\Pomp
#        control\PumpNew\COD\PumpAgri\EWARM\PumpAgri\Exe\PumpAgri.out.rsp"
#        ("D:\Electronic\COMPANY\DOZDGIR\Pomp
#        control\PumpNew\COD\PumpAgri\EWARM\PumpAgri\Obj\Core_13247989168731456611.dir\main.o"
#        "D:\Electronic\COMPANY\DOZDGIR\Pomp
#        control\PumpNew\COD\PumpAgri\EWARM\PumpAgri\Obj\EWARM_18443280873093131863.dir\startup_stm32f103xb.o"
#        "D:\Electronic\COMPANY\DOZDGIR\Pomp
#        control\PumpNew\COD\PumpAgri\EWARM\PumpAgri\Obj\STM32F1xx_HAL_Driver_9701002599162248031.dir\stm32f1xx_hal.o"
#        "D:\Electronic\COMPANY\DOZDGIR\Pomp
#        control\PumpNew\COD\PumpAgri\EWARM\PumpAgri\Obj\STM32F1xx_HAL_Driver_9701002599162248031.dir\stm32f1xx_hal_adc.o"
#        "D:\Electronic\COMPANY\DOZDGIR\Pomp
#        control\PumpNew\COD\PumpAgri\EWARM\PumpAgri\Obj\STM32F1xx_HAL_Driver_9701002599162248031.dir\stm32f1xx_hal_adc_ex.o"
#        "D:\Electronic\COMPANY\DOZDGIR\Pomp
#        control\PumpNew\COD\PumpAgri\EWARM\PumpAgri\Obj\STM32F1xx_HAL_Driver_9701002599162248031.dir\stm32f1xx_hal_cortex.o"
#        "D:\Electronic\COMPANY\DOZDGIR\Pomp
#        control\PumpNew\COD\PumpAgri\EWARM\PumpAgri\Obj\STM32F1xx_HAL_Driver_9701002599162248031.dir\stm32f1xx_hal_dma.o"
#        "D:\Electronic\COMPANY\DOZDGIR\Pomp
#        control\PumpNew\COD\PumpAgri\EWARM\PumpAgri\Obj\STM32F1xx_HAL_Driver_9701002599162248031.dir\stm32f1xx_hal_exti.o"
#        "D:\Electronic\COMPANY\DOZDGIR\Pomp
#        control\PumpNew\COD\PumpAgri\EWARM\PumpAgri\Obj\STM32F1xx_HAL_Driver_9701002599162248031.dir\stm32f1xx_hal_flash.o"
#        "D:\Electronic\COMPANY\DOZDGIR\Pomp
#        control\PumpNew\COD\PumpAgri\EWARM\PumpAgri\Obj\STM32F1xx_HAL_Driver_9701002599162248031.dir\stm32f1xx_hal_flash_ex.o"
#        "D:\Electronic\COMPANY\DOZDGIR\Pomp
#        control\PumpNew\COD\PumpAgri\EWARM\PumpAgri\Obj\STM32F1xx_HAL_Driver_9701002599162248031.dir\stm32f1xx_hal_gpio.o"
#        "D:\Electronic\COMPANY\DOZDGIR\Pomp
#        control\PumpNew\COD\PumpAgri\EWARM\PumpAgri\Obj\STM32F1xx_HAL_Driver_9701002599162248031.dir\stm32f1xx_hal_gpio_ex.o"
#        "D:\Electronic\COMPANY\DOZDGIR\Pomp
#        control\PumpNew\COD\PumpAgri\EWARM\PumpAgri\Obj\STM32F1xx_HAL_Driver_9701002599162248031.dir\stm32f1xx_hal_iwdg.o"
#        "D:\Electronic\COMPANY\DOZDGIR\Pomp
#        control\PumpNew\COD\PumpAgri\EWARM\PumpAgri\Obj\Core_13247989168731456611.dir\stm32f1xx_hal_msp.o"
#        "D:\Electronic\COMPANY\DOZDGIR\Pomp
#        control\PumpNew\COD\PumpAgri\EWARM\PumpAgri\Obj\STM32F1xx_HAL_Driver_9701002599162248031.dir\stm32f1xx_hal_pwr.o"
#        "D:\Electronic\COMPANY\DOZDGIR\Pomp
#        control\PumpNew\COD\PumpAgri\EWARM\PumpAgri\Obj\STM32F1xx_HAL_Driver_9701002599162248031.dir\stm32f1xx_hal_rcc.o"
#        "D:\Electronic\COMPANY\DOZDGIR\Pomp
#        control\PumpNew\COD\PumpAgri\EWARM\PumpAgri\Obj\STM32F1xx_HAL_Driver_9701002599162248031.dir\stm32f1xx_hal_rcc_ex.o"
#        "D:\Electronic\COMPANY\DOZDGIR\Pomp
#        control\PumpNew\COD\PumpAgri\EWARM\PumpAgri\Obj\STM32F1xx_HAL_Driver_9701002599162248031.dir\stm32f1xx_hal_tim.o"
#        "D:\Electronic\COMPANY\DOZDGIR\Pomp
#        control\PumpNew\COD\PumpAgri\EWARM\PumpAgri\Obj\STM32F1xx_HAL_Driver_9701002599162248031.dir\stm32f1xx_hal_tim_ex.o"
#        "D:\Electronic\COMPANY\DOZDGIR\Pomp
#        control\PumpNew\COD\PumpAgri\EWARM\PumpAgri\Obj\STM32F1xx_HAL_Driver_9701002599162248031.dir\stm32f1xx_hal_uart.o"
#        "D:\Electronic\COMPANY\DOZDGIR\Pomp
#        control\PumpNew\COD\PumpAgri\EWARM\PumpAgri\Obj\STM32F1xx_HAL_Driver_9701002599162248031.dir\stm32f1xx_hal_wwdg.o"
#        "D:\Electronic\COMPANY\DOZDGIR\Pomp
#        control\PumpNew\COD\PumpAgri\EWARM\PumpAgri\Obj\Core_13247989168731456611.dir\stm32f1xx_it.o"
#        "D:\Electronic\COMPANY\DOZDGIR\Pomp
#        control\PumpNew\COD\PumpAgri\EWARM\PumpAgri\Obj\CMSIS_6603591812247902717.dir\system_stm32f1xx.o"
#        --no_out_extension -o "D:\Electronic\COMPANY\DOZDGIR\Pomp
#        control\PumpNew\COD\PumpAgri\EWARM\PumpAgri\Exe\PumpAgri.out"
#        --redirect _Printf=_PrintfFullNoMb --redirect _Scanf=_ScanfFullNoMb
#        --map "D:\Electronic\COMPANY\DOZDGIR\Pomp
#        control\PumpNew\COD\PumpAgri\EWARM\PumpAgri\List\PumpAgri.map"
#        --config "D:\Electronic\COMPANY\DOZDGIR\Pomp
#        control\PumpNew\COD\PumpAgri\EWARM/stm32f103xb_flash.icf"
#        --semihosting --entry __iar_program_start --vfe --text_out locale
#        --cpu=Cortex-M3 --fpu=None) --diagnostics_format=sarif_stdout
#        --dependencies=n "D:\Electronic\COMPANY\DOZDGIR\Pomp
#        control\PumpNew\COD\PumpAgri\EWARM\PumpAgri\Exe\PumpAgri.out.iar_deps"
#        --dynamic_output "D:\Electronic\COMPANY\DOZDGIR\Pomp
#        control\PumpNew\COD\PumpAgri\EWARM\PumpAgri\Exe\PumpAgri.out.iar_dynout"
#
###############################################################################

*******************************************************************************
*** RUNTIME MODEL ATTRIBUTES
***

CppFlavor       = *
__CPP_Runtime   = 1
__SystemLibrary = DLib
__dlib_version  = 6


*******************************************************************************
*** HEAP SELECTION
***

The basic heap was selected because --advanced_heap
was not specified and the application did not appear to
be primarily optimized for speed.


*******************************************************************************
*** PLACEMENT SUMMARY
***

"A0":  place at address 0x800'0000 {  ro section .intvec };
"P1":  place in [from 0x800'0000 to 0x801'ffff] {  ro };
define block CSTACK with size = 1'536, alignment = 8 { };
define block HEAP with size = 1K, alignment = 8 { };
"P2":  place in [from 0x2000'0000 to 0x2000'4fff] {
           rw,  block CSTACK,  block HEAP };
initialize by copy {  rw };

  Section            Kind         Address  Alignment    Size  Object
  -------            ----         -------  ---------    ----  ------
"A0":                                                   0xec
  .intvec            ro code   0x800'0000          4    0xec  startup_stm32f103xb.o [3]
                             - 0x800'00ec               0xec

"P1":                                                 0xa95b
  .text              ro code   0x800'00ec          4  0x3edc  main.o [2]
  .text              ro code   0x800'3fc8          4    0x40  sprintf.o [5]
  .text              ro code   0x800'4008          4    0x14  strlen_small.o [7]
  .text              ro code   0x800'401c          4    0x18  strcpy.o [7]
  .text              ro code   0x800'4034          4   0x694  stm32f1xx_hal_uart.o [4]
  .text              ro code   0x800'46c8          4   0x1f8  stm32f1xx_hal_gpio.o [4]
  .text              ro code   0x800'48c0          2    0x1e  strcat.o [5]
  .text              ro code   0x800'48de          2    0x7e  lz77_init_single.o [7]
  .text              ro code   0x800'495c          4    0x28  stm32f1xx_hal.o [4]
  .text              ro code   0x800'4984          4    0x18  ABImemcpy_small.o [7]
  .text              ro code   0x800'499c          2    0x62  stm32f1xx_hal_iwdg.o [4]
  .text              ro code   0x800'49fe          2    0x1e  xsscin.o [5]
  .text              ro code   0x800'4a1c          4    0x28  FltCmpLe.o [6]
  .text              ro code   0x800'4a44          4    0x28  FltCmpGe.o [6]
  .text              ro code   0x800'4a6c          4    0x48  FltToDbl.o [6]
  .text              ro code   0x800'4ab4          4    0x4c  strtok.o [5]
  .text              ro code   0x800'4b00          4    0x28  sscanf.o [5]
  .text              ro code   0x800'4b28          4   0x306  strto64.o [6]
  .text              ro code   0x800'4e2e          2    0x1a  xsnprout.o [5]
  .text              ro code   0x800'4e48          4    0x68  DblToFlt.o [6]
  .text              ro code   0x800'4eb0          4   0x13e  iar_Stoulx.o [5]
  .text              ro code   0x800'4fee          2     0xa  xsprout.o [5]
  .text              ro code   0x800'4ff8          4    0x12  strcmp.o [7]
  .text              ro code   0x800'500a          2    0x2c  strstr.o [5]
  .rodata            const     0x800'5036          2     0x2  xlocale_c.o [5]
  .text              ro code   0x800'5038          4     0x6  ABImemclr4.o [7]
  .rodata            const     0x800'503e          2     0x2  xlocale_c.o [5]
  .text              ro code   0x800'5040          4     0x6  ABImemclr.o [7]
  .rodata            const     0x800'5046                0x1  xlocale_c.o [5]
  .text              ro code   0x800'5048          4    0x1a  U32ToFlt.o [6]
  .text              ro code   0x800'5064          4    0xd8  FltMul.o [6]
  .text              ro code   0x800'513c          4   0x118  FltDiv.o [6]
  .text              ro code   0x800'5254          4   0x1aa  DblMul.o [6]
  .text              ro code   0x800'5400          4   0x162  FltAddSub.o [6]
  .text              ro code   0x800'5564          4     0xc  stm32f1xx_hal.o [4]
  .text              ro code   0x800'5570          4    0x44  snprintf.o [5]
  .text              ro code   0x800'55b4          4    0x39  strtok_r.o [5]
  .text              ro code   0x800'55f0          4    0x24  stm32f1xx_hal.o [4]
  .text              ro code   0x800'5614          4    0xb8  stm32f1xx_hal_cortex.o [4]
  .text              ro code   0x800'56cc          4   0x43a  stm32f1xx_hal_adc.o [4]
  .text              ro code   0x800'5b08          4   0x390  stm32f1xx_hal_tim.o [4]
  .text              ro code   0x800'5e98          4    0x64  stm32f1xx_hal_tim_ex.o [4]
  .text              ro code   0x800'5efc          2    0x4c  stm32f1xx_hal_wwdg.o [4]
  .text              ro code   0x800'5f48          4   0x4a2  stm32f1xx_hal_rcc.o [4]
  .text              ro code   0x800'63ec          4    0xe8  stm32f1xx_hal_rcc_ex.o [4]
  .text              ro code   0x800'64d4          4   0xece  xprintffull_nomb.o [5]
  .text              ro code   0x800'73a4          4   0x254  stm32f1xx_hal_msp.o [2]
  .text              ro code   0x800'75f8          4   0x352  stm32f1xx_hal_dma.o [4]
  .text              ro code   0x800'794a          2     0x2  stm32f1xx_hal_uart.o [4]
  .text              ro code   0x800'794c          2     0x2  stm32f1xx_hal_uart.o [4]
  .text              ro code   0x800'794e          2     0x2  stm32f1xx_hal_uart.o [4]
  .text              ro code   0x800'7950          2    0x22  strspn.o [5]
  .text              ro code   0x800'7972          2    0x22  strcspn.o [5]
  .text              ro code   0x800'7994          4   0xd7c  xscanffull_nomb.o [5]
  .text              ro code   0x800'8710          4    0x70  frexp.o [6]
  .text              ro code   0x800'8780          4   0x246  DblDiv.o [6]
  .text              ro code   0x800'89c8          4   0x13a  ldexp.o [6]
  .text              ro code   0x800'8b02          2   0x122  iar_Stopfx.o [5]
  .text              ro code   0x800'8c24          4   0x1b8  iar_Stoflt.o [5]
  .text              ro code   0x800'8ddc          4    0x22  S32ToDbl.o [6]
  .text              ro code   0x800'8e00          4   0x25e  DblAddSub.o [6]
  .text              ro code   0x800'9060          4   0x20c  iar_Stoxflt.o [5]
  .text              ro code   0x800'926c          2    0x14  isspace.o [5]
  .text              ro code   0x800'9280          2    0x14  tolower.o [5]
  .text              ro code   0x800'9294          4    0x58  memchr.o [7]
  .text              ro code   0x800'92ec          4    0x16  strchr.o [7]
  .text              ro code   0x800'9304          4    0x32  ABImemset48.o [7]
  .text              ro code   0x800'9338          4    0x12  ABImemset_small.o [7]
  .text              ro code   0x800'934c          4    0x40  stm32f1xx_hal.o [4]
  .text              ro code   0x800'938c          2     0x2  stm32f1xx_hal_adc.o [4]
  .text              ro code   0x800'938e          2     0x2  stm32f1xx_hal_adc.o [4]
  .text              ro code   0x800'9390          2     0x2  stm32f1xx_hal_adc.o [4]
  .text              ro code   0x800'9392          2     0x2  stm32f1xx_hal_tim.o [4]
  .text              ro code   0x800'9394          2     0x2  stm32f1xx_hal_tim.o [4]
  .text              ro code   0x800'9396          2     0x2  stm32f1xx_hal_tim_ex.o [4]
  .text              ro code   0x800'9398          2     0x2  stm32f1xx_hal_tim.o [4]
  .text              ro code   0x800'939a          2     0x2  stm32f1xx_hal_tim_ex.o [4]
  .text              ro code   0x800'939c          2     0x2  stm32f1xx_hal_tim.o [4]
  .text              ro code   0x800'93a0          4    0x40  xfail_s.o [5]
  .text              ro code   0x800'93e0          4    0x34  DblCmpLe.o [6]
  .text              ro code   0x800'9414          4    0x34  DblCmpGe.o [6]
  .text              ro code   0x800'9448          4    0x36  DblToS32.o [6]
  .text              ro code   0x800'9480          4    0x22  DblToU32.o [6]
  .text              ro code   0x800'94a4          4    0x1c  U32ToDbl.o [6]
  .text              ro code   0x800'94c0          4    0x4c  xlocale_c.o [5]
  .text              ro code   0x800'950c          4   0x230  I64DivMod.o [7]
  .text              ro code   0x800'973c          2    0x14  isalpha.o [5]
  .text              ro code   0x800'9750          4   0x1b2  iar_Stoullx.o [5]
  .text              ro code   0x800'9904          4    0xa6  iar_Stollx.o [5]
  .text              ro code   0x800'99aa          2     0x6  abort.o [5]
  .text              ro code   0x800'99b0          4     0x2  I64DivZer.o [7]
  .text              ro code   0x800'99b4          4    0x14  exit.o [8]
  .rodata            const     0x800'99c8          4   0x1dc  main.o [2]
  .rodata            const     0x800'9ba4          4   0x14c  main.o [2]
  .rodata            const     0x800'9cf0          4   0x104  main.o [2]
  .rodata            const     0x800'9df4          4    0xf4  main.o [2]
  .rodata            const     0x800'9ee8          4    0xa8  main.o [2]
  .text              ro code   0x800'9f90          4    0x94  stm32f1xx_it.o [2]
  .text              ro code   0x800'a024          4    0x10  stm32f1xx_hal.o [4]
  .rodata            const     0x800'a034          4    0x80  main.o [2]
  .rodata            const     0x800'a0b4          4    0x7c  main.o [2]
  .rodata            const     0x800'a130          4    0x7c  main.o [2]
  .rodata            const     0x800'a1ac          4    0x7c  main.o [2]
  .rodata            const     0x800'a228          4    0x74  main.o [2]
  .rodata            const     0x800'a29c          4    0x74  main.o [2]
  .rodata            const     0x800'a310          4    0x6c  main.o [2]
  .rodata            const     0x800'a37c          4    0x68  main.o [2]
  .rodata            const     0x800'a3e4          4    0x60  main.o [2]
  .rodata            const     0x800'a444          4    0x54  main.o [2]
  .rodata            const     0x800'a498          4    0x50  main.o [2]
  .rodata            const     0x800'a4e8          4    0x50  main.o [2]
  .rodata            const     0x800'a538          4    0x50  iar_Stoulx.o [5]
  .rodata            const     0x800'a588          4    0x50  iar_Stoullx.o [5]
  .rodata            const     0x800'a5d8          4    0x48  main.o [2]
  .rodata            const     0x800'a620          4    0x34  main.o [2]
  .rodata            const     0x800'a658          8    0x48  strto64.o [6]
  .rodata            const     0x800'a6a0          4    0x38  main.o [2]
  .rodata            const     0x800'a6d8          4    0x38  main.o [2]
  .text              ro code   0x800'a710          2    0x38  zero_init3.o [7]
  .rodata            const     0x800'a748          4    0x34  main.o [2]
  .rodata            const     0x800'a77c          4    0x34  main.o [2]
  .rodata            const     0x800'a7b0          4    0x2c  main.o [2]
  .rodata            const     0x800'a7dc          4    0x28  xscanffull_nomb.o [5]
  .text              ro code   0x800'a804          4    0x28  data_init.o [7]
  .rodata            const     0x800'a82c          4    0x24  main.o [2]
  .rodata            const     0x800'a850          4    0x24  main.o [2]
  .rodata            const     0x800'a874          4    0x24  xscanffull_nomb.o [5]
  .text              ro code   0x800'a898          4    0x22  cmain.o [7]
  .text              ro code   0x800'a8ba          2     0x4  low_level_init.o [5]
  .text              ro code   0x800'a8be          2     0x4  exit.o [5]
  .text              ro code   0x800'a8c4          4     0x4  cexit.o [7]
  .text              ro code   0x800'a8c8          4     0xa  cexit_2.o [7]
  .iar.init_table    const     0x800'a8d4          4    0x20  - Linker created -
  .text              ro code   0x800'a8f4          4    0x1e  cstartup_M.o [7]
  .text              ro code   0x800'a914          4    0x14  system_stm32f1xx.o [1]
  .text              ro code   0x800'a928          4    0x10  startup_stm32f103xb.o [3]
  .rodata            const     0x800'a938          4     0x8  system_stm32f1xx.o [1]
  .text              ro code   0x800'a940          2     0x4  startup_stm32f103xb.o [3]
  .text              ro code   0x800'a944          2     0x4  startup_stm32f103xb.o [3]
  .text              ro code   0x800'a948          2     0x4  startup_stm32f103xb.o [3]
  .text              ro code   0x800'a94c          2     0x4  startup_stm32f103xb.o [3]
  .text              ro code   0x800'a950          2     0x4  startup_stm32f103xb.o [3]
  .text              ro code   0x800'a954          2     0x4  startup_stm32f103xb.o [3]
  .text              ro code   0x800'a958          2     0x4  startup_stm32f103xb.o [3]
  .text              ro code   0x800'a95c          2     0x4  startup_stm32f103xb.o [3]
  .text              ro code   0x800'a960          2     0x4  startup_stm32f103xb.o [3]
  .text              ro code   0x800'a964          2     0x4  startup_stm32f103xb.o [3]
  .text              ro code   0x800'a968          2     0x4  startup_stm32f103xb.o [3]
  .text              ro code   0x800'a96c          2     0x4  startup_stm32f103xb.o [3]
  .text              ro code   0x800'a970          2     0x4  startup_stm32f103xb.o [3]
  .text              ro code   0x800'a974          2     0x4  startup_stm32f103xb.o [3]
  .text              ro code   0x800'a978          2     0x4  startup_stm32f103xb.o [3]
  .text              ro code   0x800'a97c          2     0x4  startup_stm32f103xb.o [3]
  .text              ro code   0x800'a980          2     0x4  startup_stm32f103xb.o [3]
  .text              ro code   0x800'a984          2     0x4  startup_stm32f103xb.o [3]
  .text              ro code   0x800'a988          2     0x4  startup_stm32f103xb.o [3]
  .text              ro code   0x800'a98c          2     0x4  startup_stm32f103xb.o [3]
  .text              ro code   0x800'a990          2     0x4  startup_stm32f103xb.o [3]
  .text              ro code   0x800'a994          2     0x4  startup_stm32f103xb.o [3]
  .text              ro code   0x800'a998          2     0x4  startup_stm32f103xb.o [3]
  .text              ro code   0x800'a99c          2     0x4  startup_stm32f103xb.o [3]
  .text              ro code   0x800'a9a0          2     0x4  startup_stm32f103xb.o [3]
  .text              ro code   0x800'a9a4          2     0x4  startup_stm32f103xb.o [3]
  .text              ro code   0x800'a9a8          2     0x4  startup_stm32f103xb.o [3]
  .text              ro code   0x800'a9ac          2     0x4  startup_stm32f103xb.o [3]
  .text              ro code   0x800'a9b0          2     0x4  startup_stm32f103xb.o [3]
  .text              ro code   0x800'a9b4          2     0x4  startup_stm32f103xb.o [3]
  .text              ro code   0x800'a9b8          2     0x4  startup_stm32f103xb.o [3]
  .text              ro code   0x800'a9bc          2     0x4  startup_stm32f103xb.o [3]
  .text              ro code   0x800'a9c0          2     0x4  startup_stm32f103xb.o [3]
  .text              ro code   0x800'a9c4          2     0x4  startup_stm32f103xb.o [3]
  .text              ro code   0x800'a9c8          2     0x4  startup_stm32f103xb.o [3]
  .text              ro code   0x800'a9cc          2     0x4  startup_stm32f103xb.o [3]
  .rodata            const     0x800'a9d0                0x0  zero_init3.o [7]
  .rodata            const     0x800'a9d0                0x0  lz77_init_single.o [7]
  Initializer bytes  const     0x800'a9d0               0x77  <for P2-1>
                             - 0x800'aa47             0xa95b

"P2", part 1 of 3:                                     0x668
  P2-1                        0x2000'0000              0x668  <Init block>
    .data            inited   0x2000'0000          4   0x5d8  main.o [2]
    .data            inited   0x2000'05d8          4     0xc  stm32f1xx_hal.o [4]
    .data            inited   0x2000'05e4          4     0x4  system_stm32f1xx.o [1]
    .data            inited   0x2000'05e8          4    0x38  xlocale_c.o [5]
    .data            inited   0x2000'0620          4    0x48  xlocale_c.o [5]
                            - 0x2000'0668              0x668

"P2", part 2 of 3:                                     0x508
  .bss               zero     0x2000'0668          4   0x130  main.o [2]
  .bss               zero     0x2000'0798          4   0x124  main.o [2]
  .bss               zero     0x2000'08bc          4    0xa4  main.o [2]
  .bss               zero     0x2000'0960          4    0x8c  main.o [2]
  .bss               zero     0x2000'09ec          4    0x84  main.o [2]
  .bss               zero     0x2000'0a70          4    0x58  main.o [2]
  .bss               zero     0x2000'0ac8          4    0x44  main.o [2]
  .bss               zero     0x2000'0b0c          4    0x30  main.o [2]
  .bss               zero     0x2000'0b3c          4    0x28  main.o [2]
  .bss               zero     0x2000'0b64          4     0x4  main.o [2]
  .bss               zero     0x2000'0b68          4     0x4  strtok.o [5]
  .bss               zero     0x2000'0b6c          4     0x4  xfail_s.o [5]
                            - 0x2000'0b70              0x508

"P2", part 3 of 3:                                     0x600
  CSTACK                      0x2000'0b70          8   0x600  <Block>
    CSTACK           uninit   0x2000'0b70              0x600  <Block tail>
                            - 0x2000'1170              0x600

Unused ranges:

         From           To      Size
         ----           --      ----
   0x800'aa47   0x801'ffff  0x1'55b9
  0x2000'1170  0x2000'4fff    0x3e90


*******************************************************************************
*** INIT TABLE
***

          Address      Size
          -------      ----
Zero (__iar_zero_init3)
    1 destination range, total size 0x508:
          0x2000'0668  0x508

Copy/lz77 (__iar_lz77_init_single3)
    1 source range, total size 0x77 (7% of destination):
           0x800'a9d0   0x77
    1 destination range, total size 0x668:
          0x2000'0000  0x668



*******************************************************************************
*** MODULE SUMMARY
***

    Module                  ro code  ro data  rw data
    ------                  -------  -------  -------
command line/config:
    -------------------------------------------------
    Total:

D:\Electronic\COMPANY\DOZDGIR\Pomp control\PumpNew\COD\PumpAgri\EWARM\PumpAgri\Obj\CMSIS_6603591812247902717.dir: [1]
    system_stm32f1xx.o           20        8        4
    -------------------------------------------------
    Total:                       20        8        4

D:\Electronic\COMPANY\DOZDGIR\Pomp control\PumpNew\COD\PumpAgri\EWARM\PumpAgri\Obj\Core_13247989168731456611.dir: [2]
    main.o                   16'092    3'328    2'776
    stm32f1xx_hal_msp.o         596
    stm32f1xx_it.o              148
    -------------------------------------------------
    Total:                   16'836    3'328    2'776

D:\Electronic\COMPANY\DOZDGIR\Pomp control\PumpNew\COD\PumpAgri\EWARM\PumpAgri\Obj\EWARM_18443280873093131863.dir: [3]
    startup_stm32f103xb.o       396
    -------------------------------------------------
    Total:                      396

D:\Electronic\COMPANY\DOZDGIR\Pomp control\PumpNew\COD\PumpAgri\EWARM\PumpAgri\Obj\STM32F1xx_HAL_Driver_9701002599162248031.dir: [4]
    stm32f1xx_hal.o             168        1       12
    stm32f1xx_hal_adc.o       1'088
    stm32f1xx_hal_cortex.o      184
    stm32f1xx_hal_dma.o         850
    stm32f1xx_hal_gpio.o        504
    stm32f1xx_hal_iwdg.o         98
    stm32f1xx_hal_rcc.o       1'186
    stm32f1xx_hal_rcc_ex.o      232
    stm32f1xx_hal_tim.o         920
    stm32f1xx_hal_tim_ex.o      104
    stm32f1xx_hal_uart.o      1'690
    stm32f1xx_hal_wwdg.o         76
    -------------------------------------------------
    Total:                    7'100        1       12

dl7M_tlf.a: [5]
    abort.o                       6
    exit.o                        4
    iar_Stoflt.o                440
    iar_Stollx.o                166
    iar_Stopfx.o                290
    iar_Stoullx.o               434       80
    iar_Stoulx.o                318       80
    iar_Stoxflt.o               524
    isalpha.o                    20
    isspace.o                    20
    low_level_init.o              4
    snprintf.o                   68
    sprintf.o                    64
    sscanf.o                     40
    strcat.o                     30
    strcspn.o                    34
    strspn.o                     34
    strstr.o                     44
    strtok.o                     76                 4
    strtok_r.o                   57
    tolower.o                    20
    xfail_s.o                    64                 4
    xlocale_c.o                  76       14      128
    xprintffull_nomb.o        3'790
    xscanffull_nomb.o         3'452       76
    xsnprout.o                   26
    xsprout.o                    10
    xsscin.o                     30
    -------------------------------------------------
    Total:                   10'141      250      136

m7M_tl.a: [6]
    DblAddSub.o                 606
    DblCmpGe.o                   52
    DblCmpLe.o                   52
    DblDiv.o                    582
    DblMul.o                    426
    DblToFlt.o                  104
    DblToS32.o                   54
    DblToU32.o                   34
    FltAddSub.o                 354
    FltCmpGe.o                   40
    FltCmpLe.o                   40
    FltDiv.o                    280
    FltMul.o                    216
    FltToDbl.o                   72
    S32ToDbl.o                   34
    U32ToDbl.o                   28
    U32ToFlt.o                   26
    frexp.o                     112
    ldexp.o                     314
    strto64.o                   774       72
    -------------------------------------------------
    Total:                    4'200       72

rt7M_tl.a: [7]
    ABImemclr.o                   6
    ABImemclr4.o                  6
    ABImemcpy_small.o            24
    ABImemset48.o                50
    ABImemset_small.o            18
    I64DivMod.o                 560
    I64DivZer.o                   2
    cexit.o                       4
    cexit_2.o                    10
    cmain.o                      34
    cstartup_M.o                 30
    data_init.o                  40
    lz77_init_single.o          126
    memchr.o                     88
    strchr.o                     22
    strcmp.o                     18
    strcpy.o                     24
    strlen_small.o               20
    zero_init3.o                 56
    -------------------------------------------------
    Total:                    1'138

shb_l.a: [8]
    exit.o                       20
    -------------------------------------------------
    Total:                       20

    Gaps                         42        6
    Linker created                        33    1'536
-----------------------------------------------------
    Grand Total:             39'893    3'698    4'464


*******************************************************************************
*** ENTRY LIST
***

Entry                       Address   Size  Type      Object
-----                       -------   ----  ----      ------
.iar.init_table$$Base    0x800'a8d4          --   Gb  - Linker created -
.iar.init_table$$Limit   0x800'a8f4          --   Gb  - Linker created -
?main                    0x800'a899         Code  Gb  cmain.o [7]
ADC1_2_IRQHandler        0x800'a981         Code  Wk  startup_stm32f103xb.o [3]
ADC_ConversionStop_Disable
                         0x800'5a51   0x48  Code  Gb  stm32f1xx_hal_adc.o [4]
ADC_DMAConvCplt          0x800'5aa1   0x48  Code  Gb  stm32f1xx_hal_adc.o [4]
ADC_DMAError             0x800'5af1   0x16  Code  Gb  stm32f1xx_hal_adc.o [4]
ADC_DMAHalfConvCplt      0x800'5ae9    0x6  Code  Gb  stm32f1xx_hal_adc.o [4]
ADC_Enable               0x800'59bb   0x6e  Code  Gb  stm32f1xx_hal_adc.o [4]
AHBPrescTable            0x800'a918   0x10  Data  Gb  system_stm32f1xx.o [1]
APBPrescTable            0x800'a938    0x8  Data  Gb  system_stm32f1xx.o [1]
AdcReadCount            0x2000'0b64    0x4  Data  Gb  main.o [2]
AlarmMode               0x2000'007c    0x4  Data  Gb  main.o [2]
AlarmOff                 0x800'1ea9   0x12  Code  Gb  main.o [2]
AlarmOn                  0x800'1e93   0x16  Code  Gb  main.o [2]
AutoCurrent              0x800'36a1   0xd0  Code  Gb  main.o [2]
AutoCurrentSet          0x2000'0a20    0x4  Data  Gb  main.o [2]
AutoCurrentSetting       0x800'1c87   0x30  Code  Gb  main.o [2]
AutoCurrentTimer        0x2000'0a24    0x4  Data  Gb  main.o [2]
BusFault_Handler         0x800'9f97    0x2  Code  Gb  stm32f1xx_it.o [2]
CAN1_RX1_IRQHandler      0x800'a98d         Code  Wk  startup_stm32f103xb.o [3]
CAN1_SCE_IRQHandler      0x800'a991         Code  Wk  startup_stm32f103xb.o [3]
CSTACK$$Base            0x2000'0b70          --   Gb  - Linker created -
CSTACK$$Limit           0x2000'1170          --   Gb  - Linker created -
CharMain                0x2000'01ac  0x12c  Data  Gb  main.o [2]
Config                   0x800'1833   0x2a  Code  Gb  main.o [2]
ControlCurrent           0x800'3791  0x1ba  Code  Gb  main.o [2]
Current                 0x2000'09cc    0x4  Data  Gb  main.o [2]
CurrentControl           0x800'39af   0x2e  Code  Gb  main.o [2]
CurrentRead              0x800'35af   0x3c  Code  Gb  main.o [2]
CurrentSetting           0x800'1b45   0x4a  Code  Gb  main.o [2]
DMA1_Channel1_IRQHandler
                         0x800'9fab   0x3c  Code  Gb  stm32f1xx_it.o [2]
DMA1_Channel2_IRQHandler
                         0x800'a969         Code  Wk  startup_stm32f103xb.o [3]
DMA1_Channel3_IRQHandler
                         0x800'a96d         Code  Wk  startup_stm32f103xb.o [3]
DMA1_Channel4_IRQHandler
                         0x800'a971         Code  Wk  startup_stm32f103xb.o [3]
DMA1_Channel5_IRQHandler
                         0x800'a975         Code  Wk  startup_stm32f103xb.o [3]
DMA1_Channel6_IRQHandler
                         0x800'a979         Code  Wk  startup_stm32f103xb.o [3]
DMA1_Channel7_IRQHandler
                         0x800'a97d         Code  Wk  startup_stm32f103xb.o [3]
DMA_Ready               0x2000'09c8    0x4  Data  Gb  main.o [2]
DMA_SetConfig            0x800'7929   0x22  Code  Lc  stm32f1xx_hal_dma.o [4]
DebugMon_Handler         0x800'9f9d    0x2  Code  Gb  stm32f1xx_it.o [2]
DetectPulse1            0x2000'0a48    0x4  Data  Gb  main.o [2]
DetectPulse2            0x2000'0b48    0x4  Data  Gb  main.o [2]
DetectTimerPulse1       0x2000'0a4c    0x4  Data  Gb  main.o [2]
DetectTimerPulse2       0x2000'0b4c    0x4  Data  Gb  main.o [2]
DeviceMode              0x2000'0074    0x4  Data  Gb  main.o [2]
DeviceMode1              0x800'1e11   0x1c  Code  Gb  main.o [2]
DeviceMode2              0x800'1e2d   0x16  Code  Gb  main.o [2]
DeviceMode3              0x800'1e53   0x1c  Code  Gb  main.o [2]
DeviceMode4              0x800'1e77   0x1c  Code  Gb  main.o [2]
Dtentox                  0x800'4b29  0x1c8  Code  Lc  strto64.o [6]
EEPROM_Init_Config       0x800'07a7  0x104  Code  Gb  main.o [2]
EEPROM_Load_Check_Print
                         0x800'0a47  0x2d0  Code  Gb  main.o [2]
EEPROM_READ              0x800'0595   0x6e  Code  Gb  main.o [2]
EEPROM_WRIGHT            0x800'0561   0x34  Code  Gb  main.o [2]
EEPROM_Warning           0x800'09f7   0x16  Code  Gb  main.o [2]
EXTI0_IRQHandler         0x800'a955         Code  Wk  startup_stm32f103xb.o [3]
EXTI15_10_IRQHandler     0x800'a9c5         Code  Wk  startup_stm32f103xb.o [3]
EXTI1_IRQHandler         0x800'a959         Code  Wk  startup_stm32f103xb.o [3]
EXTI2_IRQHandler         0x800'a95d         Code  Wk  startup_stm32f103xb.o [3]
EXTI3_IRQHandler         0x800'a961         Code  Wk  startup_stm32f103xb.o [3]
EXTI4_IRQHandler         0x800'a965         Code  Wk  startup_stm32f103xb.o [3]
EXTI9_5_IRQHandler       0x800'a995         Code  Wk  startup_stm32f103xb.o [3]
Error_Handler            0x800'3f6d    0x4  Code  Gb  main.o [2]
FLASH_IRQHandler         0x800'a94d         Code  Wk  startup_stm32f103xb.o [3]
FirstConfig              0x800'08df   0xe0  Code  Gb  main.o [2]
FirstStartError         0x2000'0a18    0x4  Data  Gb  main.o [2]
GET_AlarmMode            0x800'0763    0x4  Code  Gb  main.o [2]
GET_CurrentTime          0x800'0773    0x4  Code  Gb  main.o [2]
GET_DeviceMode           0x800'0767    0x4  Code  Gb  main.o [2]
GET_HighCurrent          0x800'076f    0x4  Code  Gb  main.o [2]
GET_ID                   0x800'074b    0x8  Code  Gb  main.o [2]
GET_LowCurrent           0x800'076b    0x4  Code  Gb  main.o [2]
GET_Number               0x800'077d   0x2a  Code  Gb  main.o [2]
GET_RelayState1          0x800'0753    0x4  Code  Gb  main.o [2]
GET_RelayState2          0x800'0757    0x4  Code  Gb  main.o [2]
GET_ReleaseTime          0x800'0777    0x4  Code  Gb  main.o [2]
GET_RemoteState          0x800'075f    0x4  Code  Gb  main.o [2]
GET_SecurityState        0x800'075b    0x4  Code  Gb  main.o [2]
HAL_ADC_ConfigChannel    0x800'58cb   0xe4  Code  Gb  stm32f1xx_hal_adc.o [4]
HAL_ADC_ConvCpltCallback
                         0x800'938d    0x2  Code  Wk  stm32f1xx_hal_adc.o [4]
HAL_ADC_ConvHalfCpltCallback
                         0x800'938f    0x2  Code  Wk  stm32f1xx_hal_adc.o [4]
HAL_ADC_ErrorCallback    0x800'9391    0x2  Code  Wk  stm32f1xx_hal_adc.o [4]
HAL_ADC_Init             0x800'56cd   0xf4  Code  Gb  stm32f1xx_hal_adc.o [4]
HAL_ADC_MspInit          0x800'73dd   0x84  Code  Gb  stm32f1xx_hal_msp.o [2]
HAL_ADC_Start_DMA        0x800'57c1   0xfe  Code  Gb  stm32f1xx_hal_adc.o [4]
HAL_DMA_Abort            0x800'76e5   0x4a  Code  Gb  stm32f1xx_hal_dma.o [4]
HAL_DMA_Abort_IT         0x800'772f   0x9a  Code  Gb  stm32f1xx_hal_dma.o [4]
HAL_DMA_IRQHandler       0x800'77c9  0x13c  Code  Gb  stm32f1xx_hal_dma.o [4]
HAL_DMA_Init             0x800'75f9   0x64  Code  Gb  stm32f1xx_hal_dma.o [4]
HAL_DMA_Start_IT         0x800'765d   0x62  Code  Gb  stm32f1xx_hal_dma.o [4]
HAL_Delay                0x800'495d   0x28  Code  Wk  stm32f1xx_hal.o [4]
HAL_GPIO_Init            0x800'46c9  0x19e  Code  Gb  stm32f1xx_hal_gpio.o [4]
HAL_GPIO_ReadPin         0x800'4867    0xc  Code  Gb  stm32f1xx_hal_gpio.o [4]
HAL_GPIO_TogglePin       0x800'487b   0x10  Code  Gb  stm32f1xx_hal_gpio.o [4]
HAL_GPIO_WritePin        0x800'4873    0x8  Code  Gb  stm32f1xx_hal_gpio.o [4]
HAL_GetTick              0x800'5565    0xc  Code  Wk  stm32f1xx_hal.o [4]
HAL_IWDG_Init            0x800'499d   0x56  Code  Gb  stm32f1xx_hal_iwdg.o [4]
HAL_IWDG_Refresh         0x800'49f3    0xc  Code  Gb  stm32f1xx_hal_iwdg.o [4]
HAL_IncTick              0x800'a025   0x10  Code  Wk  stm32f1xx_hal.o [4]
HAL_Init                 0x800'55f1   0x20  Code  Gb  stm32f1xx_hal.o [4]
HAL_InitTick             0x800'934d   0x40  Code  Wk  stm32f1xx_hal.o [4]
HAL_MspInit              0x800'73a5   0x38  Code  Gb  stm32f1xx_hal_msp.o [2]
HAL_NVIC_EnableIRQ       0x800'567d   0x16  Code  Gb  stm32f1xx_hal_cortex.o [4]
HAL_NVIC_SetPriority     0x800'5643   0x3a  Code  Gb  stm32f1xx_hal_cortex.o [4]
HAL_NVIC_SetPriorityGrouping
                         0x800'562f   0x14  Code  Gb  stm32f1xx_hal_cortex.o [4]
HAL_RCCEx_PeriphCLKConfig
                         0x800'63ed   0xda  Code  Gb  stm32f1xx_hal_rcc_ex.o [4]
HAL_RCC_ClockConfig      0x800'6247   0xf4  Code  Gb  stm32f1xx_hal_rcc.o [4]
HAL_RCC_GetPCLK1Freq     0x800'6385   0x10  Code  Gb  stm32f1xx_hal_rcc.o [4]
HAL_RCC_GetPCLK2Freq     0x800'6395    0xe  Code  Gb  stm32f1xx_hal_rcc.o [4]
HAL_RCC_GetSysClockFreq
                         0x800'6351   0x34  Code  Gb  stm32f1xx_hal_rcc.o [4]
HAL_RCC_GetSysClockFreq::aPLLMULFactorTable
                         0x800'63d8   0x10  Data  Lc  stm32f1xx_hal_rcc.o [4]
HAL_RCC_GetSysClockFreq::aPredivFactorTable
                         0x800'63e8    0x2  Data  Lc  stm32f1xx_hal_rcc.o [4]
HAL_RCC_OscConfig        0x800'5f49  0x2f4  Code  Gb  stm32f1xx_hal_rcc.o [4]
HAL_SYSTICK_Config       0x800'5693   0x22  Code  Gb  stm32f1xx_hal_cortex.o [4]
HAL_TIMEx_BreakCallback
                         0x800'9397    0x2  Code  Wk  stm32f1xx_hal_tim_ex.o [4]
HAL_TIMEx_CommutCallback
                         0x800'939b    0x2  Code  Wk  stm32f1xx_hal_tim_ex.o [4]
HAL_TIMEx_MasterConfigSynchronization
                         0x800'5e99   0x56  Code  Gb  stm32f1xx_hal_tim_ex.o [4]
HAL_TIM_Base_Init        0x800'5b09   0x1a  Code  Gb  stm32f1xx_hal_tim.o [4]
HAL_TIM_Base_MspInit     0x800'7461   0x76  Code  Gb  stm32f1xx_hal_msp.o [2]
HAL_TIM_Base_Start_IT    0x800'5b23   0x56  Code  Gb  stm32f1xx_hal_tim.o [4]
HAL_TIM_ConfigClockSource
                         0x800'5ced   0xac  Code  Gb  stm32f1xx_hal_tim.o [4]
HAL_TIM_IC_CaptureCallback
                         0x800'9393    0x2  Code  Wk  stm32f1xx_hal_tim.o [4]
HAL_TIM_IRQHandler       0x800'5bbd  0x12a  Code  Gb  stm32f1xx_hal_tim.o [4]
HAL_TIM_OC_DelayElapsedCallback
                         0x800'9395    0x2  Code  Wk  stm32f1xx_hal_tim.o [4]
HAL_TIM_PWM_PulseFinishedCallback
                         0x800'939d    0x2  Code  Wk  stm32f1xx_hal_tim.o [4]
HAL_TIM_PeriodElapsedCallback
                         0x800'0175  0x1e0  Code  Gb  main.o [2]
HAL_TIM_TriggerCallback
                         0x800'9399    0x2  Code  Wk  stm32f1xx_hal_tim.o [4]
HAL_UARTEx_RxEventCallback
                         0x800'794d    0x2  Code  Wk  stm32f1xx_hal_uart.o [4]
HAL_UART_ErrorCallback   0x800'794b    0x2  Code  Wk  stm32f1xx_hal_uart.o [4]
HAL_UART_IRQHandler      0x800'419f  0x29a  Code  Gb  stm32f1xx_hal_uart.o [4]
HAL_UART_Init            0x800'4035   0x20  Code  Gb  stm32f1xx_hal_uart.o [4]
HAL_UART_MspInit         0x800'74e1   0x78  Code  Gb  stm32f1xx_hal_msp.o [2]
HAL_UART_Receive_IT      0x800'4151   0x26  Code  Gb  stm32f1xx_hal_uart.o [4]
HAL_UART_RxCpltCallback
                         0x800'39dd   0x48  Code  Gb  main.o [2]
HAL_UART_Transmit        0x800'40ad   0x9c  Code  Gb  stm32f1xx_hal_uart.o [4]
HAL_UART_TxCpltCallback
                         0x800'794f    0x2  Code  Wk  stm32f1xx_hal_uart.o [4]
HAL_WWDG_EarlyWakeupCallback
                         0x800'3edd    0xe  Code  Gb  main.o [2]
HAL_WWDG_IRQHandler      0x800'5f2f   0x1a  Code  Gb  stm32f1xx_hal_wwdg.o [4]
HAL_WWDG_Init            0x800'5efd   0x28  Code  Gb  stm32f1xx_hal_wwdg.o [4]
HAL_WWDG_MspInit         0x800'7593   0x34  Code  Gb  stm32f1xx_hal_msp.o [2]
HAL_WWDG_Refresh         0x800'5f25    0xa  Code  Gb  stm32f1xx_hal_wwdg.o [4]
HardFault_Handler        0x800'9f93    0x2  Code  Gb  stm32f1xx_it.o [2]
HighCurrentAlarmCount   0x2000'0a30    0x4  Data  Gb  main.o [2]
HighCurrentAlarmTimer   0x2000'0a34    0x4  Data  Gb  main.o [2]
I2C1_ER_IRQHandler       0x800'a9a9         Code  Wk  startup_stm32f103xb.o [3]
I2C1_EV_IRQHandler       0x800'a9a5         Code  Wk  startup_stm32f103xb.o [3]
I2C2_ER_IRQHandler       0x800'a9b1         Code  Wk  startup_stm32f103xb.o [3]
I2C2_EV_IRQHandler       0x800'a9ad         Code  Wk  startup_stm32f103xb.o [3]
I2C_RW                   0x800'04d7   0x70  Code  Gb  main.o [2]
I2C_init                 0x800'040f   0x48  Code  Gb  main.o [2]
I2C_start                0x800'0465   0x32  Code  Gb  main.o [2]
I2C_stop                 0x800'0497   0x2e  Code  Gb  main.o [2]
InputSMS                 0x800'1ee5  0x330  Code  Gb  main.o [2]
InputVoltage            0x2000'09d0    0x4  Data  Gb  main.o [2]
InputVoltageRead         0x800'35eb   0x28  Code  Gb  main.o [2]
LowCurrentArlarmCount   0x2000'0a28    0x4  Data  Gb  main.o [2]
LowCurrentArlarmTimer   0x2000'0a2c    0x4  Data  Gb  main.o [2]
MAKE_FLOAT               0x800'03f7   0x18  Code  Gb  main.o [2]
MC60_Check               0x800'2c13  0x1a8  Code  Gb  main.o [2]
MC60_FirstStart_Count   0x2000'09ec    0x4  Data  Gb  main.o [2]
MC60_FirstStart_Error   0x2000'0670    0x4  Data  Gb  main.o [2]
MC60_FirstStart_Timer   0x2000'09f4    0x4  Data  Gb  main.o [2]
MC60_Ready              0x2000'09f0    0x4  Data  Gb  main.o [2]
MC60_start               0x800'2e95  0x200  Code  Gb  main.o [2]
MemManage_Handler        0x800'9f95    0x2  Code  Gb  stm32f1xx_it.o [2]
Mode                    0x2000'05b8    0x8  Data  Gb  main.o [2]
NMI_Handler              0x800'9f91    0x2  Code  Gb  stm32f1xx_it.o [2]
OverCurrent              0x800'1b8f   0x4e  Code  Gb  main.o [2]
PVD_IRQHandler           0x800'a941         Code  Wk  startup_stm32f103xb.o [3]
PackData                 0x800'0f71   0xf0  Code  Gb  main.o [2]
PendSV_Handler           0x800'9f9f    0x2  Code  Gb  stm32f1xx_it.o [2]
PowerCheck               0x800'3461   0xfc  Code  Gb  main.o [2]
PowerCount              0x2000'09d4    0x4  Data  Gb  main.o [2]
Pulse1State             0x2000'0a40    0x4  Data  Gb  main.o [2]
Pulse1Timer             0x2000'0a44    0x4  Data  Gb  main.o [2]
Pulse2State             0x2000'0b40    0x4  Data  Gb  main.o [2]
Pulse2Timer             0x2000'0b44    0x4  Data  Gb  main.o [2]
RCC_IRQHandler           0x800'a951         Code  Wk  startup_stm32f103xb.o [3]
RTC_Alarm_IRQHandler     0x800'a9c9         Code  Wk  startup_stm32f103xb.o [3]
RTC_IRQHandler           0x800'a949         Code  Wk  startup_stm32f103xb.o [3]
ReadAdc                  0x800'3613   0x5c  Code  Gb  main.o [2]
Read_Input_SMS           0x800'24ef  0x138  Code  Gb  main.o [2]
RealizeSetting           0x800'1cf9   0x34  Code  Gb  main.o [2]
RealizeTimr             0x2000'0a3c    0x4  Data  Gb  main.o [2]
Region$$Table$$Base      0x800'a8d4          --   Gb  - Linker created -
Region$$Table$$Limit     0x800'a8f4          --   Gb  - Linker created -
Rele1_off                0x800'18d5   0x1a  Code  Gb  main.o [2]
Rele1_on                 0x800'18a5   0x1c  Code  Gb  main.o [2]
Rele2_off                0x800'1987   0x26  Code  Gb  main.o [2]
Rele2_on                 0x800'1961   0x26  Code  Gb  main.o [2]
ReleState1              0x2000'0060    0x4  Data  Gb  main.o [2]
ReleState2              0x2000'0064    0x4  Data  Gb  main.o [2]
ReleazeCount            0x2000'0a38    0x4  Data  Gb  main.o [2]
RelizeCount             0x2000'0b3c    0x4  Data  Gb  main.o [2]
RelizeCount2            0x2000'0b50    0x4  Data  Gb  main.o [2]
RemmotControl            0x800'31ef   0x50  Code  Gb  main.o [2]
RemotCount1             0x2000'0a50    0x4  Data  Gb  main.o [2]
RemotCount11            0x2000'0a54    0x4  Data  Gb  main.o [2]
RemotCount2             0x2000'0a58    0x4  Data  Gb  main.o [2]
RemotCount22            0x2000'0a5c    0x4  Data  Gb  main.o [2]
RemotCount3             0x2000'0a60    0x4  Data  Gb  main.o [2]
RemotCount33            0x2000'0a64    0x4  Data  Gb  main.o [2]
RemotCount4             0x2000'0a68    0x4  Data  Gb  main.o [2]
RemotCount44            0x2000'0a6c    0x4  Data  Gb  main.o [2]
Remot_Change_Rele       0x2000'0b5c    0x4  Data  Gb  main.o [2]
Remot_Change_Security   0x2000'0b60    0x4  Data  Gb  main.o [2]
Remot_Rele              0x2000'0b58    0x4  Data  Gb  main.o [2]
Remot_Security          0x2000'0b54    0x4  Data  Gb  main.o [2]
RemoteMode              0x2000'0078    0x4  Data  Gb  main.o [2]
Reset                    0x800'1c37   0x2e  Code  Gb  main.o [2]
ResetCount              0x2000'09dc    0x4  Data  Gb  main.o [2]
ResetMC60                0x800'2741   0x54  Code  Gb  main.o [2]
ResetMicro               0x800'2713   0x1e  Code  Gb  main.o [2]
Reset_Handler            0x800'a929         Code  Wk  startup_stm32f103xb.o [3]
SET_CurrentTime          0x800'0727    0x4  Code  Gb  main.o [2]
SET_HighCurrent          0x800'0723    0x4  Code  Gb  main.o [2]
SET_ID                   0x800'070f    0x8  Code  Gb  main.o [2]
SET_LowCurrent           0x800'071f    0x4  Code  Gb  main.o [2]
SET_Number               0x800'0717    0x8  Code  Gb  main.o [2]
SET_Relay                0x800'072f   0x16  Code  Gb  main.o [2]
SET_ReleaseTime          0x800'072b    0x4  Code  Gb  main.o [2]
SET_Security             0x800'0745    0x6  Code  Gb  main.o [2]
SMSCheck                0x2000'0a10    0x4  Data  Gb  main.o [2]
SMSDone                 0x2000'0a0c    0x4  Data  Gb  main.o [2]
SMS_CHECK_Timer         0x2000'0a00    0x4  Data  Gb  main.o [2]
SMS_Check                0x800'235d   0xd6  Code  Gb  main.o [2]
SMS_Check_Count         0x2000'0a04    0x4  Data  Gb  main.o [2]
SMS_Check_point         0x2000'09fc    0x4  Data  Gb  main.o [2]
SPI1_IRQHandler          0x800'a9b5         Code  Wk  startup_stm32f103xb.o [3]
SPI2_IRQHandler          0x800'a9b9         Code  Wk  startup_stm32f103xb.o [3]
SVC_Handler              0x800'9f9b    0x2  Code  Gb  stm32f1xx_it.o [2]
Security                0x2000'0068    0x4  Data  Gb  main.o [2]
Security_off             0x800'1d9d   0x42  Code  Gb  main.o [2]
Security_on              0x800'1d5d   0x32  Code  Gb  main.o [2]
SendPumpCurrent          0x800'1cb7   0x1c  Code  Gb  main.o [2]
SendToMember            0x2000'09d8    0x4  Data  Gb  main.o [2]
Sensor                   0x800'3249  0x17a  Code  Gb  main.o [2]
ServerEEPROM             0x800'1b0b   0x26  Code  Gb  main.o [2]
ShowCurrentCount        0x2000'0a1c    0x4  Data  Gb  main.o [2]
Sim800                   0x800'31cd   0x22  Code  Gb  main.o [2]
Sim800_Check             0x800'27e7  0x28c  Code  Gb  main.o [2]
Sim800_Uart              0x800'3a29   0x6e  Code  Gb  main.o [2]
SysTick_Handler          0x800'9fa1    0x4  Code  Gb  stm32f1xx_it.o [2]
SystemClock_Config       0x800'3e51   0x7e  Code  Gb  main.o [2]
SystemCoreClock         0x2000'05e4    0x4  Data  Gb  system_stm32f1xx.o [1]
SystemInit               0x800'a915    0x2  Code  Gb  system_stm32f1xx.o [1]
TAMPER_IRQHandler        0x800'a945         Code  Wk  startup_stm32f103xb.o [3]
TIM1_BRK_IRQHandler      0x800'9fe7    0x2  Code  Gb  stm32f1xx_it.o [2]
TIM1_CC_IRQHandler       0x800'a999         Code  Wk  startup_stm32f103xb.o [3]
TIM1_TRG_COM_IRQHandler
                         0x800'9ff1    0x2  Code  Gb  stm32f1xx_it.o [2]
TIM1_UP_IRQHandler       0x800'9fe9    0x2  Code  Gb  stm32f1xx_it.o [2]
TIM2_IRQHandler          0x800'a99d         Code  Wk  startup_stm32f103xb.o [3]
TIM3_IRQHandler          0x800'a9a1         Code  Wk  startup_stm32f103xb.o [3]
TIM4_IRQHandler          0x800'9ff3    0x6  Code  Gb  stm32f1xx_it.o [2]
TIM_Base_SetConfig       0x800'5dab   0x6c  Code  Gb  stm32f1xx_hal_tim.o [4]
TIM_ETR_SetConfig        0x800'5e7f   0x14  Code  Gb  stm32f1xx_hal_tim.o [4]
TIM_ITRx_SetConfig       0x800'5e6f   0x10  Code  Lc  stm32f1xx_hal_tim.o [4]
TIM_TI1_ConfigInputStage
                         0x800'5e2d   0x1e  Code  Lc  stm32f1xx_hal_tim.o [4]
TIM_TI2_ConfigInputStage
                         0x800'5e4b   0x24  Code  Lc  stm32f1xx_hal_tim.o [4]
TimeSMSDone             0x2000'0a08    0x4  Data  Gb  main.o [2]
TimeSetting              0x800'1be9   0x36  Code  Gb  main.o [2]
UART_DMAAbortOnError     0x800'4569    0xe  Code  Lc  stm32f1xx_hal_uart.o [4]
UART_EndRxTransfer       0x800'4531   0x36  Code  Lc  stm32f1xx_hal_uart.o [4]
UART_Receive_IT          0x800'4579   0xb4  Code  Lc  stm32f1xx_hal_uart.o [4]
UART_SetConfig           0x800'4647   0x78  Code  Lc  stm32f1xx_hal_uart.o [4]
UART_Start_Receive_IT    0x800'44fb   0x30  Code  Gb  stm32f1xx_hal_uart.o [4]
UART_WaitOnFlagUntilTimeout
                         0x800'4481   0x7a  Code  Lc  stm32f1xx_hal_uart.o [4]
USART1_IRQHandler        0x800'9ff9    0x6  Code  Gb  stm32f1xx_it.o [2]
USART2_IRQHandler        0x800'a9bd         Code  Wk  startup_stm32f103xb.o [3]
USART3_IRQHandler        0x800'a9c1         Code  Wk  startup_stm32f103xb.o [3]
USBWakeUp_IRQHandler     0x800'a9cd         Code  Wk  startup_stm32f103xb.o [3]
USB_HP_CAN1_TX_IRQHandler
                         0x800'a985         Code  Wk  startup_stm32f103xb.o [3]
USB_LP_CAN1_RX0_IRQHandler
                         0x800'a989         Code  Wk  startup_stm32f103xb.o [3]
UartTrig                0x2000'066c    0x4  Data  Gb  main.o [2]
UartTrig3               0x2000'0abc    0x4  Data  Gb  main.o [2]
UnpackData               0x800'10c9  0x158  Code  Gb  main.o [2]
UsageFault_Handler       0x800'9f99    0x2  Code  Gb  stm32f1xx_it.o [2]
WWDG_IRQHandler          0x800'9fa5    0x6  Code  Gb  stm32f1xx_it.o [2]
_Get                     0x800'7995   0x12  Code  Lc  xscanffull_nomb.o [5]
_GetN                    0x800'79a7   0x22  Code  Lc  xscanffull_nomb.o [5]
_GetstrFullNoMb          0x800'850d  0x196  Code  Lc  xscanffull_nomb.o [5]
_LC                      0x800'64d5    0x6  Code  Lc  xprintffull_nomb.o [5]
_LitobFullNoMb           0x800'71c1  0x114  Code  Lc  xprintffull_nomb.o [5]
_LocaleC_isalpha         0x800'94c7    0xc  Code  Gb  xlocale_c.o [5]
_LocaleC_islower         0x800'94c1    0x4  Code  Gb  xlocale_c.o [5]
_LocaleC_isspace         0x800'94dd   0x14  Code  Gb  xlocale_c.o [5]
_LocaleC_isupper         0x800'94c5    0x2  Code  Gb  xlocale_c.o [5]
_LocaleC_tolower         0x800'94f1    0xc  Code  Gb  xlocale_c.o [5]
_Locale_lconv           0x2000'05e8   0x38  Data  Lc  xlocale_c.o [5]
_PrintfFullNoMb          0x800'64db  0xcb8  Code  Gb  xprintffull_nomb.o [5]
_PutcharsFullNoMb        0x800'732d   0x2e  Code  Lc  xprintffull_nomb.o [5]
_SNProut                 0x800'4e2f   0x1a  Code  Gb  xsnprout.o [5]
_SProut                  0x800'4fef    0xa  Code  Gb  xsprout.o [5]
_SScin                   0x800'49ff   0x1e  Code  Gb  xsscin.o [5]
_ScanfFullNoMb           0x800'79e5  0xad0  Code  Gb  xscanffull_nomb.o [5]
_Strtok_ssave           0x2000'0b68    0x4  Data  Lc  strtok.o [5]
_UngetN                  0x800'79c9   0x1a  Code  Lc  xscanffull_nomb.o [5]
__NVIC_SetPriority       0x800'5615   0x1a  Code  Lc  stm32f1xx_hal_cortex.o [4]
__aeabi_cdcmple          0x800'93e1         Code  Gb  DblCmpLe.o [6]
__aeabi_cdrcmple         0x800'9415         Code  Gb  DblCmpGe.o [6]
__aeabi_cfcmple          0x800'4a1d         Code  Gb  FltCmpLe.o [6]
__aeabi_cfrcmple         0x800'4a45         Code  Gb  FltCmpGe.o [6]
__aeabi_d2f              0x800'4e49         Code  Gb  DblToFlt.o [6]
__aeabi_d2iz             0x800'9449         Code  Gb  DblToS32.o [6]
__aeabi_d2uiz            0x800'9481         Code  Gb  DblToU32.o [6]
__aeabi_dadd             0x800'8e01         Code  Gb  DblAddSub.o [6]
__aeabi_ddiv             0x800'8781         Code  Gb  DblDiv.o [6]
__aeabi_dmul             0x800'5255         Code  Gb  DblMul.o [6]
__aeabi_dsub             0x800'8f7d         Code  Gb  DblAddSub.o [6]
__aeabi_f2d              0x800'4a6d         Code  Gb  FltToDbl.o [6]
__aeabi_fadd             0x800'5401         Code  Gb  FltAddSub.o [6]
__aeabi_fdiv             0x800'513d         Code  Gb  FltDiv.o [6]
__aeabi_fmul             0x800'5065         Code  Gb  FltMul.o [6]
__aeabi_i2d              0x800'8ddd         Code  Gb  S32ToDbl.o [6]
__aeabi_ldiv0            0x800'99b1         Code  Gb  I64DivZer.o [7]
__aeabi_memclr           0x800'5041         Code  Gb  ABImemclr.o [7]
__aeabi_memclr4          0x800'5039         Code  Gb  ABImemclr4.o [7]
__aeabi_ui2d             0x800'94a5         Code  Gb  U32ToDbl.o [6]
__aeabi_ui2f             0x800'5049         Code  Gb  U32ToFlt.o [6]
__aeabi_uldivmod         0x800'950d         Code  Gb  I64DivMod.o [7]
__cmain                  0x800'a899         Code  Gb  cmain.o [7]
__exit                   0x800'99b5   0x14  Code  Gb  exit.o [8]
__iar_Fail_s             0x800'93a1   0x1c  Code  Gb  xfail_s.o [5]
__iar_Memchr             0x800'9295         Code  Gb  memchr.o [7]
__iar_Memset4_word       0x800'9305         Code  Gb  ABImemset48.o [7]
__iar_Memset8_word       0x800'9305         Code  Gb  ABImemset48.o [7]
__iar_Sto                0x800'4e25    0x4  Code  Lc  strto64.o [6]
__iar_Sto64              0x800'4cf1  0x112  Code  Gb  strto64.o [6]
__iar_Stoflt             0x800'8c25  0x1b8  Code  Gb  iar_Stoflt.o [5]
__iar_Stollx             0x800'9905   0xa0  Code  Gb  iar_Stollx.o [5]
__iar_Stopfx             0x800'8b03  0x122  Code  Gb  iar_Stopfx.o [5]
__iar_Stoul              0x800'4fe1    0x2  Code  Gb  iar_Stoulx.o [5]
__iar_Stoullx            0x800'9751  0x1a6  Code  Gb  iar_Stoullx.o [5]
__iar_Stoulx             0x800'4eb1  0x12a  Code  Gb  iar_Stoulx.o [5]
__iar_Stoxflt            0x800'9061  0x1d8  Code  Gb  iar_Stoxflt.o [5]
__iar_Stoxflt::digits    0x800'923c   0x18  Data  Lc  iar_Stoxflt.o [5]
__iar_Stoxflt::vals      0x800'9254   0x18  Data  Lc  iar_Stoxflt.o [5]
__iar_Strchr             0x800'92ed         Code  Gb  strchr.o [7]
__iar_data_init3         0x800'a805   0x28  Code  Gb  data_init.o [7]
__iar_frexp              0x800'871d         Code  Gb  frexp.o [6]
__iar_frexp64            0x800'8711         Code  Gb  frexp.o [6]
__iar_frexpl             0x800'871d         Code  Gb  frexp.o [6]
__iar_globLocale        0x2000'0620   0x48  Data  Lc  xlocale_c.o [5]
__iar_global_Locale      0x800'94fd    0x4  Code  Gb  xlocale_c.o [5]
__iar_ldexp64            0x800'89c9         Code  Gb  ldexp.o [6]
__iar_lz77_init_single3
                         0x800'48df   0x7e  Code  Gb  lz77_init_single.o [7]
__iar_program_start      0x800'a8f5         Code  Gb  cstartup_M.o [7]
__iar_scalbln64          0x800'89c9         Code  Gb  ldexp.o [6]
__iar_scalbn64           0x800'89c9         Code  Gb  ldexp.o [6]
__iar_small_Memcpy       0x800'4989         Code  Gb  ABImemcpy_small.o [7]
__iar_small_Memset       0x800'9339         Code  Gb  ABImemset_small.o [7]
__iar_small_Memset_word
                         0x800'9339         Code  Gb  ABImemset_small.o [7]
__iar_small_memcpy       0x800'4985         Code  Gb  ABImemcpy_small.o [7]
__iar_small_memcpy4      0x800'4985         Code  Gb  ABImemcpy_small.o [7]
__iar_small_memcpy8      0x800'4985         Code  Gb  ABImemcpy_small.o [7]
__iar_small_memset       0x800'9339         Code  Gb  ABImemset_small.o [7]
__iar_small_strlen       0x800'4009         Code  Gb  strlen_small.o [7]
__iar_zero_init3         0x800'a711   0x38  Code  Gb  zero_init3.o [7]
__low_level_init         0x800'a8bb    0x4  Code  Gb  low_level_init.o [5]
__vector_table           0x800'0000         Data  Gb  startup_stm32f103xb.o [3]
_call_main               0x800'a8a5         Code  Gb  cmain.o [7]
_exit                    0x800'a8c5         Code  Gb  cexit.o [7]
_exit_2                  0x800'a8c9         Code  Gb  cexit_2.o [7]
abort                    0x800'99ab    0x6  Code  Gb  abort.o [5]
adc                     0x2000'0960   0x14  Data  Gb  main.o [2]
adc1                    0x2000'0974   0x28  Data  Gb  main.o [2]
adc_dma_buffer          0x2000'05d4    0x4  Data  Gb  main.o [2]
add_member               0x800'19d9   0xfe  Code  Gb  main.o [2]
anten                   0x2000'09b4    0x4  Data  Gb  main.o [2]
anten_send              0x2000'09c4    0x4  Data  Gb  main.o [2]
atof                     0x800'4e29    0x6  Code  Gb  strto64.o [6]
atoi                     0x800'4fe3    0x2  Code  Gb  iar_Stoulx.o [5]
batt_sms                0x2000'09b0    0x4  Data  Gb  main.o [2]
battery_cbc             0x2000'09e0    0xc  Data  Gb  main.o [2]
battry                   0x800'186d   0x32  Code  Gb  main.o [2]
call                     0x800'0367   0x7c  Code  Gb  main.o [2]
car_number              0x2000'05c0   0x14  Data  Gb  main.o [2]
change_pass              0x800'15fd  0x1a6  Code  Gb  main.o [2]
char_test3              0x2000'0084  0x128  Data  Gb  main.o [2]
chek                    0x2000'09a8    0x4  Data  Gb  main.o [2]
chek_count              0x2000'0a14    0x4  Data  Gb  main.o [2]
chek_count2             0x2000'09a4    0x4  Data  Gb  main.o [2]
chek_sim_ok             0x2000'09bc    0x4  Data  Gb  main.o [2]
curTime                 0x2000'0000    0x2  Data  Gb  main.o [2]
delay_ms                 0x800'03e3    0x8  Code  Gb  main.o [2]
delay_us                 0x800'03eb    0x2  Code  Gb  main.o [2]
digits                   0x800'a560   0x28  Data  Lc  iar_Stoulx.o [5]
digits                   0x800'a5b0   0x28  Data  Lc  iar_Stoullx.o [5]
eepromFualt             0x2000'0080    0x4  Data  Gb  main.o [2]
eeprom_clear_all         0x800'0695   0x20  Code  Gb  main.o [2]
eeprom_read_float        0x800'065d   0x2c  Code  Gb  main.o [2]
eeprom_read_int16        0x800'0645   0x18  Code  Gb  main.o [2]
eeprom_read_string       0x800'06df   0x2a  Code  Gb  main.o [2]
eeprom_write_float       0x800'0627   0x1e  Code  Gb  main.o [2]
eeprom_write_int16       0x800'0609    0xa  Code  Gb  main.o [2]
eeprom_write_string      0x800'06b5   0x2a  Code  Gb  main.o [2]
exit                     0x800'a8bf    0x4  Code  Gb  exit.o [5]
exti_sms                0x2000'09f8    0x4  Data  Gb  main.o [2]
frexp                    0x800'8711         Code  Gb  frexp.o [6]
frexpl                   0x800'8711         Code  Gb  frexp.o [6]
hadc1                   0x2000'0b0c   0x30  Data  Gb  main.o [2]
hang                    0x2000'09a0    0x4  Data  Gb  main.o [2]
hdma_adc1               0x2000'0ac8   0x44  Data  Gb  main.o [2]
highCur                 0x2000'0070    0x4  Data  Gb  main.o [2]
hiwdg                   0x2000'004c    0xc  Data  Gb  main.o [2]
htim1                   0x2000'08bc   0x48  Data  Gb  main.o [2]
htim4                   0x2000'0904   0x48  Data  Gb  main.o [2]
huart1                  0x2000'0004   0x48  Data  Gb  main.o [2]
huart2                  0x2000'0a74   0x48  Data  Gb  main.o [2]
hwwdg                   0x2000'094c   0x14  Data  Gb  main.o [2]
id                      0x2000'05a4   0x14  Data  Gb  main.o [2]
info                     0x800'19ad   0x22  Code  Gb  main.o [2]
input_number            0x2000'04e4   0x18  Data  Gb  main.o [2]
is_valid_string          0x800'0a21   0x26  Code  Gb  main.o [2]
isalpha                  0x800'973d   0x14  Code  Gb  isalpha.o [5]
isspace                  0x800'926d   0x14  Code  Gb  isspace.o [5]
last_time3              0x2000'0ac0    0x4  Data  Gb  main.o [2]
ldexp                    0x800'89c9         Code  Gb  ldexp.o [6]
ldexpl                   0x800'89c9         Code  Gb  ldexp.o [6]
localeconv               0x800'9501    0x4  Code  Gb  xlocale_c.o [5]
lowCur                  0x2000'006c    0x4  Data  Gb  main.o [2]
main                     0x800'3ac1  0x372  Code  Gb  main.o [2]
main_chek_count         0x2000'005c    0x4  Data  Gb  main.o [2]
memchr                   0x800'9295         Code  Gb  memchr.o [7]
model_simcard           0x2000'099c    0x4  Data  Gb  main.o [2]
ndigs                    0x800'a538   0x28  Data  Lc  iar_Stoulx.o [5]
ndigs                    0x800'a588   0x28  Data  Lc  iar_Stoullx.o [5]
number                  0x2000'0058    0x4  Data  Gb  main.o [2]
number1                 0x2000'0554   0x14  Data  Gb  main.o [2]
number2                 0x2000'0568   0x14  Data  Gb  main.o [2]
number3                 0x2000'057c   0x14  Data  Gb  main.o [2]
number4                 0x2000'0590   0x14  Data  Gb  main.o [2]
pass                    0x2000'0548    0xc  Data  Gb  main.o [2]
pows                     0x800'a658   0x48  Data  Lc  strto64.o [6]
ranmatch                 0x800'84c7   0x46  Code  Lc  xscanffull_nomb.o [5]
red_led_count           0x2000'09b8    0x4  Data  Gb  main.o [2]
relTime                 0x2000'0002    0x2  Data  Gb  main.o [2]
rx_buffer1              0x2000'0674  0x124  Data  Gb  main.o [2]
rx_buffer3              0x2000'0798  0x124  Data  Gb  main.o [2]
rx_data3                0x2000'0a70    0x1  Data  Gb  main.o [2]
rx_index1               0x2000'0668    0x2  Data  Gb  main.o [2]
rx_index3               0x2000'0a72    0x2  Data  Gb  main.o [2]
scalbln                  0x800'89c9         Code  Gb  ldexp.o [6]
scalblnl                 0x800'89c9         Code  Gb  ldexp.o [6]
scalbn                   0x800'89c9         Code  Gb  ldexp.o [6]
scalbnl                  0x800'89c9         Code  Gb  ldexp.o [6]
scale                    0x800'72d5   0x46  Code  Lc  xprintffull_nomb.o [5]
sec_hand                0x2000'0b6c    0x4  Data  Lc  xfail_s.o [5]
send_atcammand           0x800'014f   0x1e  Code  Gb  main.o [2]
send_number             0x2000'04fc   0x1c  Data  Gb  main.o [2]
send_number_ucs2        0x2000'0518   0x30  Data  Gb  main.o [2]
send_sms                 0x800'137d   0xd4  Code  Gb  main.o [2]
send_sms_fars            0x800'1485  0x102  Code  Gb  main.o [2]
server_number           0x2000'04d0   0x14  Data  Gb  main.o [2]
server_number2           0x800'2654   0x14  Data  Gb  main.o [2]
show_uart                0x800'0121   0x18  Code  Gb  main.o [2]
sim_error_count1        0x2000'09ac    0x4  Data  Gb  main.o [2]
sms_done                 0x800'1325   0x34  Code  Gb  main.o [2]
sms_text                0x2000'03d4   0xfc  Data  Gb  main.o [2]
snprintf                 0x800'5571   0x44  Code  Gb  snprintf.o [5]
sprintf                  0x800'3fc9   0x40  Code  Gb  sprintf.o [5]
sscanf                   0x800'4b01   0x28  Code  Gb  sscanf.o [5]
str                     0x2000'02d8   0xc8  Data  Gb  main.o [2]
str_cut                 0x2000'03a0   0x34  Data  Gb  main.o [2]
strcat                   0x800'48c1   0x1e  Code  Gb  strcat.o [5]
strchr                   0x800'92ed         Code  Gb  strchr.o [7]
strcmp                   0x800'4ff9         Code  Gb  strcmp.o [7]
strcpy                   0x800'401d         Code  Gb  strcpy.o [7]
strcspn                  0x800'7973   0x22  Code  Gb  strcspn.o [5]
strspn                   0x800'7951   0x22  Code  Gb  strspn.o [5]
strstr                   0x800'500b   0x2c  Code  Gb  strstr.o [5]
strtok                   0x800'4ab5   0x4c  Code  Gb  strtok.o [5]
strtok_r                 0x800'55b5   0x38  Code  Gb  strtok_r.o [5]
strtoll                  0x800'99a5    0x2  Code  Gb  iar_Stollx.o [5]
strtoull                 0x800'98fd    0x2  Code  Gb  iar_Stoullx.o [5]
substring                0x800'00ed   0x34  Code  Gb  main.o [2]
tolower                  0x800'9281   0x14  Code  Gb  tolower.o [5]
uartTimeTest3           0x2000'0ac4    0x4  Data  Gb  main.o [2]
ucs2_convert             0x800'123d   0x96  Code  Gb  main.o [2]
uwTick                  0x2000'05dc    0x4  Data  Gb  stm32f1xx_hal.o [4]
uwTickFreq              0x2000'05d8    0x1  Data  Gb  stm32f1xx_hal.o [4]
uwTickPrio              0x2000'05e0    0x4  Data  Gb  stm32f1xx_hal.o [4]
voltag_battery          0x2000'09c0    0x4  Data  Gb  main.o [2]


[1] = D:\Electronic\COMPANY\DOZDGIR\Pomp control\PumpNew\COD\PumpAgri\EWARM\PumpAgri\Obj\CMSIS_6603591812247902717.dir
[2] = D:\Electronic\COMPANY\DOZDGIR\Pomp control\PumpNew\COD\PumpAgri\EWARM\PumpAgri\Obj\Core_13247989168731456611.dir
[3] = D:\Electronic\COMPANY\DOZDGIR\Pomp control\PumpNew\COD\PumpAgri\EWARM\PumpAgri\Obj\EWARM_18443280873093131863.dir
[4] = D:\Electronic\COMPANY\DOZDGIR\Pomp control\PumpNew\COD\PumpAgri\EWARM\PumpAgri\Obj\STM32F1xx_HAL_Driver_9701002599162248031.dir
[5] = dl7M_tlf.a
[6] = m7M_tl.a
[7] = rt7M_tl.a
[8] = shb_l.a

  39'893 bytes of readonly  code memory
   3'698 bytes of readonly  data memory
   4'464 bytes of readwrite data memory

Errors: none
Warnings: none
