###############################################################################
#
# IAR ELF Linker V9.70.1.475/W64 for ARM                  31/Jan/2026  00:40:24
# Copyright 2007-2025 IAR Systems AB.
#
#    Output file  =
#        D:\Electronic\COMPANY\DOZDGIR\Pomp
#        control\PumpNew\COD\PumpAgri\EWARM\PumpAgri\Exe\PumpAgri.out
#    Map file     =
#        D:\Electronic\COMPANY\DOZDGIR\Pomp
#        control\PumpNew\COD\PumpAgri\EWARM\PumpAgri\List\PumpAgri.map
#    Command line =
#        -f "D:\Electronic\COMPANY\DOZDGIR\Pomp
#        control\PumpNew\COD\PumpAgri\EWARM\PumpAgri\Exe\PumpAgri.out.rsp"
#        ("D:\Electronic\COMPANY\DOZDGIR\Pomp
#        control\PumpNew\COD\PumpAgri\EWARM\PumpAgri\Obj\Core_13247989168731456611.dir\main.o"
#        "D:\Electronic\COMPANY\DOZDGIR\Pomp
#        control\PumpNew\COD\PumpAgri\EWARM\PumpAgri\Obj\EWARM_18443280873093131863.dir\startup_stm32f103xb.o"
#        "D:\Electronic\COMPANY\DOZDGIR\Pomp
#        control\PumpNew\COD\PumpAgri\EWARM\PumpAgri\Obj\STM32F1xx_HAL_Driver_9701002599162248031.dir\stm32f1xx_hal.o"
#        "D:\Electronic\COMPANY\DOZDGIR\Pomp
#        control\PumpNew\COD\PumpAgri\EWARM\PumpAgri\Obj\STM32F1xx_HAL_Driver_9701002599162248031.dir\stm32f1xx_hal_adc.o"
#        "D:\Electronic\COMPANY\DOZDGIR\Pomp
#        control\PumpNew\COD\PumpAgri\EWARM\PumpAgri\Obj\STM32F1xx_HAL_Driver_9701002599162248031.dir\stm32f1xx_hal_adc_ex.o"
#        "D:\Electronic\COMPANY\DOZDGIR\Pomp
#        control\PumpNew\COD\PumpAgri\EWARM\PumpAgri\Obj\STM32F1xx_HAL_Driver_9701002599162248031.dir\stm32f1xx_hal_cortex.o"
#        "D:\Electronic\COMPANY\DOZDGIR\Pomp
#        control\PumpNew\COD\PumpAgri\EWARM\PumpAgri\Obj\STM32F1xx_HAL_Driver_9701002599162248031.dir\stm32f1xx_hal_dma.o"
#        "D:\Electronic\COMPANY\DOZDGIR\Pomp
#        control\PumpNew\COD\PumpAgri\EWARM\PumpAgri\Obj\STM32F1xx_HAL_Driver_9701002599162248031.dir\stm32f1xx_hal_exti.o"
#        "D:\Electronic\COMPANY\DOZDGIR\Pomp
#        control\PumpNew\COD\PumpAgri\EWARM\PumpAgri\Obj\STM32F1xx_HAL_Driver_9701002599162248031.dir\stm32f1xx_hal_flash.o"
#        "D:\Electronic\COMPANY\DOZDGIR\Pomp
#        control\PumpNew\COD\PumpAgri\EWARM\PumpAgri\Obj\STM32F1xx_HAL_Driver_9701002599162248031.dir\stm32f1xx_hal_flash_ex.o"
#        "D:\Electronic\COMPANY\DOZDGIR\Pomp
#        control\PumpNew\COD\PumpAgri\EWARM\PumpAgri\Obj\STM32F1xx_HAL_Driver_9701002599162248031.dir\stm32f1xx_hal_gpio.o"
#        "D:\Electronic\COMPANY\DOZDGIR\Pomp
#        control\PumpNew\COD\PumpAgri\EWARM\PumpAgri\Obj\STM32F1xx_HAL_Driver_9701002599162248031.dir\stm32f1xx_hal_gpio_ex.o"
#        "D:\Electronic\COMPANY\DOZDGIR\Pomp
#        control\PumpNew\COD\PumpAgri\EWARM\PumpAgri\Obj\Core_13247989168731456611.dir\stm32f1xx_hal_msp.o"
#        "D:\Electronic\COMPANY\DOZDGIR\Pomp
#        control\PumpNew\COD\PumpAgri\EWARM\PumpAgri\Obj\STM32F1xx_HAL_Driver_9701002599162248031.dir\stm32f1xx_hal_pwr.o"
#        "D:\Electronic\COMPANY\DOZDGIR\Pomp
#        control\PumpNew\COD\PumpAgri\EWARM\PumpAgri\Obj\STM32F1xx_HAL_Driver_9701002599162248031.dir\stm32f1xx_hal_rcc.o"
#        "D:\Electronic\COMPANY\DOZDGIR\Pomp
#        control\PumpNew\COD\PumpAgri\EWARM\PumpAgri\Obj\STM32F1xx_HAL_Driver_9701002599162248031.dir\stm32f1xx_hal_rcc_ex.o"
#        "D:\Electronic\COMPANY\DOZDGIR\Pomp
#        control\PumpNew\COD\PumpAgri\EWARM\PumpAgri\Obj\STM32F1xx_HAL_Driver_9701002599162248031.dir\stm32f1xx_hal_tim.o"
#        "D:\Electronic\COMPANY\DOZDGIR\Pomp
#        control\PumpNew\COD\PumpAgri\EWARM\PumpAgri\Obj\STM32F1xx_HAL_Driver_9701002599162248031.dir\stm32f1xx_hal_tim_ex.o"
#        "D:\Electronic\COMPANY\DOZDGIR\Pomp
#        control\PumpNew\COD\PumpAgri\EWARM\PumpAgri\Obj\STM32F1xx_HAL_Driver_9701002599162248031.dir\stm32f1xx_hal_uart.o"
#        "D:\Electronic\COMPANY\DOZDGIR\Pomp
#        control\PumpNew\COD\PumpAgri\EWARM\PumpAgri\Obj\Core_13247989168731456611.dir\stm32f1xx_it.o"
#        "D:\Electronic\COMPANY\DOZDGIR\Pomp
#        control\PumpNew\COD\PumpAgri\EWARM\PumpAgri\Obj\CMSIS_6603591812247902717.dir\system_stm32f1xx.o"
#        --no_out_extension -o "D:\Electronic\COMPANY\DOZDGIR\Pomp
#        control\PumpNew\COD\PumpAgri\EWARM\PumpAgri\Exe\PumpAgri.out"
#        --redirect _Printf=_PrintfFullNoMb --redirect _Scanf=_ScanfFullNoMb
#        --map "D:\Electronic\COMPANY\DOZDGIR\Pomp
#        control\PumpNew\COD\PumpAgri\EWARM\PumpAgri\List\PumpAgri.map"
#        --config "D:\Electronic\COMPANY\DOZDGIR\Pomp
#        control\PumpNew\COD\PumpAgri\EWARM/stm32f103xb_flash.icf"
#        --semihosting --entry __iar_program_start --vfe --text_out locale
#        --cpu=Cortex-M3 --fpu=None) --diagnostics_format=sarif_stdout
#        --dependencies=n "D:\Electronic\COMPANY\DOZDGIR\Pomp
#        control\PumpNew\COD\PumpAgri\EWARM\PumpAgri\Exe\PumpAgri.out.iar_deps"
#        --dynamic_output "D:\Electronic\COMPANY\DOZDGIR\Pomp
#        control\PumpNew\COD\PumpAgri\EWARM\PumpAgri\Exe\PumpAgri.out.iar_dynout"
#
###############################################################################

*******************************************************************************
*** RUNTIME MODEL ATTRIBUTES
***

CppFlavor       = *
__CPP_Runtime   = 1
__SystemLibrary = DLib
__dlib_version  = 6


*******************************************************************************
*** HEAP SELECTION
***

The basic heap was selected because --advanced_heap
was not specified and the application did not appear to
be primarily optimized for speed.


*******************************************************************************
*** PLACEMENT SUMMARY
***

"A0":  place at address 0x800'0000 {  ro section .intvec };
"P1":  place in [from 0x800'0000 to 0x801'ffff] {  ro };
define block CSTACK with size = 1'536, alignment = 8 { };
define block HEAP with size = 1K, alignment = 8 { };
"P2":  place in [from 0x2000'0000 to 0x2000'4fff] {
           rw,  block CSTACK,  block HEAP };
initialize by copy {  rw };

  Section            Kind         Address  Alignment    Size  Object
  -------            ----         -------  ---------    ----  ------
"A0":                                                   0xec
  .intvec            ro code   0x800'0000          4    0xec  startup_stm32f103xb.o [3]
                             - 0x800'00ec               0xec

"P1":                                                 0x5e71
  .text              ro code   0x800'00ec          4  0x1f30  main.o [2]
  .text              ro code   0x800'201c          4    0x40  sprintf.o [5]
  .text              ro code   0x800'205c          2    0x1e  strcat.o [5]
  .text              ro code   0x800'207a          2    0x7e  lz77_init_single.o [7]
  .text              ro code   0x800'20f8          4    0x14  strlen_small.o [7]
  .text              ro code   0x800'210c          4   0x694  stm32f1xx_hal_uart.o [4]
  .text              ro code   0x800'27a0          4    0x18  strcpy.o [7]
  .text              ro code   0x800'27b8          4   0x1ec  stm32f1xx_hal_gpio.o [4]
  .text              ro code   0x800'29a4          4    0x28  FltCmpLe.o [6]
  .text              ro code   0x800'29cc          4    0x28  FltCmpGe.o [6]
  .text              ro code   0x800'29f4          4    0x48  FltToDbl.o [6]
  .text              ro code   0x800'2a3c          4    0x28  stm32f1xx_hal.o [4]
  .text              ro code   0x800'2a64          4    0x18  ABImemcpy_small.o [7]
  .text              ro code   0x800'2a7c          2    0x2c  strstr.o [5]
  .text              ro code   0x800'2aa8          4   0x13e  iar_Stoulx.o [5]
  .text              ro code   0x800'2be6          2    0x1a  xsnprout.o [5]
  .text              ro code   0x800'2c00          4     0x6  ABImemclr.o [7]
  .text              ro code   0x800'2c06          2     0xa  xsprout.o [5]
  .text              ro code   0x800'2c10          4     0x6  ABImemclr4.o [7]
  .rodata            const     0x800'2c16          2     0x2  xlocale_c.o [5]
  .text              ro code   0x800'2c18          4     0xc  stm32f1xx_hal.o [4]
  .text              ro code   0x800'2c24          4    0x44  snprintf.o [5]
  .text              ro code   0x800'2c68          4    0x39  strtok_r.o [5]
  .rodata            const     0x800'2ca2          2     0x2  xlocale_c.o [5]
  .text              ro code   0x800'2ca4          4    0x24  stm32f1xx_hal.o [4]
  .text              ro code   0x800'2cc8          4    0xb8  stm32f1xx_hal_cortex.o [4]
  .text              ro code   0x800'2d80          4   0x24c  stm32f1xx_hal_adc.o [4]
  .text              ro code   0x800'2fcc          4   0x5ac  stm32f1xx_hal_tim.o [4]
  .text              ro code   0x800'3578          4    0x64  stm32f1xx_hal_tim_ex.o [4]
  .text              ro code   0x800'35dc          4   0x264  stm32f1xx_hal_msp.o [2]
  .text              ro code   0x800'3840          4   0x4a2  stm32f1xx_hal_rcc.o [4]
  .rodata            const     0x800'3ce2                0x1  xlocale_c.o [5]
  .text              ro code   0x800'3ce4          4    0xe8  stm32f1xx_hal_rcc_ex.o [4]
  .text              ro code   0x800'3dcc          4   0xece  xprintffull_nomb.o [5]
  .text              ro code   0x800'4c9c          4   0x2a8  stm32f1xx_hal_dma.o [4]
  .text              ro code   0x800'4f44          2     0x2  stm32f1xx_hal_uart.o [4]
  .text              ro code   0x800'4f46          2     0x2  stm32f1xx_hal_uart.o [4]
  .text              ro code   0x800'4f48          2     0x2  stm32f1xx_hal_uart.o [4]
  .text              ro code   0x800'4f4c          4    0x16  strchr.o [7]
  .text              ro code   0x800'4f62          2    0x14  isspace.o [5]
  .text              ro code   0x800'4f76          2    0x14  tolower.o [5]
  .text              ro code   0x800'4f8c          4    0x58  memchr.o [7]
  .text              ro code   0x800'4fe4          4    0x12  ABImemset_small.o [7]
  .text              ro code   0x800'4ff8          4    0x32  ABImemset48.o [7]
  .text              ro code   0x800'502a          2    0x22  strspn.o [5]
  .text              ro code   0x800'504c          2    0x22  strcspn.o [5]
  .text              ro code   0x800'5070          4    0x40  stm32f1xx_hal.o [4]
  .text              ro code   0x800'50b0          2     0x2  stm32f1xx_hal_tim.o [4]
  .text              ro code   0x800'50b2          2     0x2  stm32f1xx_hal_tim.o [4]
  .text              ro code   0x800'50b4          2     0x2  stm32f1xx_hal_tim_ex.o [4]
  .text              ro code   0x800'50b6          2     0x2  stm32f1xx_hal_tim.o [4]
  .text              ro code   0x800'50b8          2     0x2  stm32f1xx_hal_tim_ex.o [4]
  .text              ro code   0x800'50ba          2     0x2  stm32f1xx_hal_tim.o [4]
  .text              ro code   0x800'50bc          4    0x40  xfail_s.o [5]
  .text              ro code   0x800'50fc          4    0x70  frexp.o [6]
  .text              ro code   0x800'516c          4    0x34  DblCmpLe.o [6]
  .text              ro code   0x800'51a0          4    0x34  DblCmpGe.o [6]
  .text              ro code   0x800'51d4          4   0x13a  ldexp.o [6]
  .text              ro code   0x800'5310          4    0x36  DblToS32.o [6]
  .text              ro code   0x800'5348          4    0x22  S32ToDbl.o [6]
  .text              ro code   0x800'536c          4   0x24e  DblAddSub.o [6]
  .text              ro code   0x800'55bc          4   0x246  DblDiv.o [6]
  .text              ro code   0x800'5804          4    0x22  DblToU32.o [6]
  .text              ro code   0x800'5828          4    0x1c  U32ToDbl.o [6]
  .text              ro code   0x800'5844          4   0x1aa  DblMul.o [6]
  .text              ro code   0x800'59f0          4    0x3c  xlocale_c.o [5]
  .text              ro code   0x800'5a2c          4   0x230  I64DivMod.o [7]
  .text              ro code   0x800'5c5c          2     0x6  abort.o [5]
  .text              ro code   0x800'5c64          4     0x2  I64DivZer.o [7]
  .text              ro code   0x800'5c68          4    0x14  exit.o [8]
  .rodata            const     0x800'5c7c          4    0x50  iar_Stoulx.o [5]
  .text              ro code   0x800'5ccc          4    0x38  stm32f1xx_it.o [2]
  .text              ro code   0x800'5d04          4    0x10  stm32f1xx_hal.o [4]
  .text              ro code   0x800'5d14          2    0x38  zero_init3.o [7]
  .text              ro code   0x800'5d4c          4    0x28  data_init.o [7]
  .rodata            const     0x800'5d74          4    0x24  main.o [2]
  .rodata            const     0x800'5d98          4    0x24  main.o [2]
  .text              ro code   0x800'5dbc          4    0x22  cmain.o [7]
  .text              ro code   0x800'5dde          2     0x4  low_level_init.o [5]
  .text              ro code   0x800'5de2          2     0x4  exit.o [5]
  .text              ro code   0x800'5de8          4     0x4  cexit.o [7]
  .text              ro code   0x800'5dec          4     0xa  cexit_2.o [7]
  .iar.init_table    const     0x800'5df8          4    0x20  - Linker created -
  .text              ro code   0x800'5e18          4    0x1e  cstartup_M.o [7]
  .text              ro code   0x800'5e38          4    0x14  system_stm32f1xx.o [1]
  .text              ro code   0x800'5e4c          4    0x10  startup_stm32f103xb.o [3]
  .rodata            const     0x800'5e5c          4     0x8  system_stm32f1xx.o [1]
  .text              ro code   0x800'5e64          2     0x4  startup_stm32f103xb.o [3]
  .text              ro code   0x800'5e68          2     0x4  startup_stm32f103xb.o [3]
  .text              ro code   0x800'5e6c          2     0x4  startup_stm32f103xb.o [3]
  .text              ro code   0x800'5e70          2     0x4  startup_stm32f103xb.o [3]
  .text              ro code   0x800'5e74          2     0x4  startup_stm32f103xb.o [3]
  .text              ro code   0x800'5e78          2     0x4  startup_stm32f103xb.o [3]
  .text              ro code   0x800'5e7c          2     0x4  startup_stm32f103xb.o [3]
  .text              ro code   0x800'5e80          2     0x4  startup_stm32f103xb.o [3]
  .text              ro code   0x800'5e84          2     0x4  startup_stm32f103xb.o [3]
  .text              ro code   0x800'5e88          2     0x4  startup_stm32f103xb.o [3]
  .text              ro code   0x800'5e8c          2     0x4  startup_stm32f103xb.o [3]
  .text              ro code   0x800'5e90          2     0x4  startup_stm32f103xb.o [3]
  .text              ro code   0x800'5e94          2     0x4  startup_stm32f103xb.o [3]
  .text              ro code   0x800'5e98          2     0x4  startup_stm32f103xb.o [3]
  .text              ro code   0x800'5e9c          2     0x4  startup_stm32f103xb.o [3]
  .text              ro code   0x800'5ea0          2     0x4  startup_stm32f103xb.o [3]
  .text              ro code   0x800'5ea4          2     0x4  startup_stm32f103xb.o [3]
  .text              ro code   0x800'5ea8          2     0x4  startup_stm32f103xb.o [3]
  .text              ro code   0x800'5eac          2     0x4  startup_stm32f103xb.o [3]
  .text              ro code   0x800'5eb0          2     0x4  startup_stm32f103xb.o [3]
  .text              ro code   0x800'5eb4          2     0x4  startup_stm32f103xb.o [3]
  .text              ro code   0x800'5eb8          2     0x4  startup_stm32f103xb.o [3]
  .text              ro code   0x800'5ebc          2     0x4  startup_stm32f103xb.o [3]
  .text              ro code   0x800'5ec0          2     0x4  startup_stm32f103xb.o [3]
  .text              ro code   0x800'5ec4          2     0x4  startup_stm32f103xb.o [3]
  .text              ro code   0x800'5ec8          2     0x4  startup_stm32f103xb.o [3]
  .text              ro code   0x800'5ecc          2     0x4  startup_stm32f103xb.o [3]
  .text              ro code   0x800'5ed0          2     0x4  startup_stm32f103xb.o [3]
  .text              ro code   0x800'5ed4          2     0x4  startup_stm32f103xb.o [3]
  .text              ro code   0x800'5ed8          2     0x4  startup_stm32f103xb.o [3]
  .text              ro code   0x800'5edc          2     0x4  startup_stm32f103xb.o [3]
  .text              ro code   0x800'5ee0          2     0x4  startup_stm32f103xb.o [3]
  .text              ro code   0x800'5ee4          2     0x4  startup_stm32f103xb.o [3]
  .text              ro code   0x800'5ee8          2     0x4  startup_stm32f103xb.o [3]
  .text              ro code   0x800'5eec          2     0x4  startup_stm32f103xb.o [3]
  .text              ro code   0x800'5ef0          2     0x4  startup_stm32f103xb.o [3]
  .text              ro code   0x800'5ef4          2     0x4  startup_stm32f103xb.o [3]
  .text              ro code   0x800'5ef8          2     0x4  startup_stm32f103xb.o [3]
  .rodata            const     0x800'5efc                0x0  zero_init3.o [7]
  .rodata            const     0x800'5efc                0x0  lz77_init_single.o [7]
  Initializer bytes  const     0x800'5efc               0x61  <for P2-1>
                             - 0x800'5f5d             0x5e71

"P2", part 1 of 3:                                     0x668
  P2-1                        0x2000'0000              0x668  <Init block>
    .data            inited   0x2000'0000          4   0x5d8  main.o [2]
    .data            inited   0x2000'05d8          4     0xc  stm32f1xx_hal.o [4]
    .data            inited   0x2000'05e4          4     0x4  system_stm32f1xx.o [1]
    .data            inited   0x2000'05e8          4    0x38  xlocale_c.o [5]
    .data            inited   0x2000'0620          4    0x48  xlocale_c.o [5]
                            - 0x2000'0668              0x668

"P2", part 2 of 3:                                     0x2c0
  .bss               zero     0x2000'0668          4   0x124  main.o [2]
  .bss               zero     0x2000'078c          4    0xc0  main.o [2]
  .bss               zero     0x2000'084c          4    0x48  main.o [2]
  .bss               zero     0x2000'0894          4    0x48  main.o [2]
  .bss               zero     0x2000'08dc          4    0x44  main.o [2]
  .bss               zero     0x2000'0920          4     0x4  main.o [2]
  .bss               zero     0x2000'0924          4     0x4  xfail_s.o [5]
                            - 0x2000'0928              0x2c0

"P2", part 3 of 3:                                     0x600
  CSTACK                      0x2000'0928          8   0x600  <Block>
    CSTACK           uninit   0x2000'0928              0x600  <Block tail>
                            - 0x2000'0f28              0x600

Unused ranges:

         From           To      Size
         ----           --      ----
   0x800'5f5d   0x801'ffff  0x1'a0a3
  0x2000'0f28  0x2000'4fff    0x40d8


*******************************************************************************
*** INIT TABLE
***

          Address      Size
          -------      ----
Zero (__iar_zero_init3)
    1 destination range, total size 0x2c0:
          0x2000'0668  0x2c0

Copy/lz77 (__iar_lz77_init_single3)
    1 source range, total size 0x61 (5% of destination):
           0x800'5efc   0x61
    1 destination range, total size 0x668:
          0x2000'0000  0x668



*******************************************************************************
*** MODULE SUMMARY
***

    Module                  ro code  ro data  rw data
    ------                  -------  -------  -------
command line/config:
    -------------------------------------------------
    Total:

D:\Electronic\COMPANY\DOZDGIR\Pomp control\PumpNew\COD\PumpAgri\EWARM\PumpAgri\Obj\CMSIS_6603591812247902717.dir: [1]
    system_stm32f1xx.o           20        8        4
    -------------------------------------------------
    Total:                       20        8        4

D:\Electronic\COMPANY\DOZDGIR\Pomp control\PumpNew\COD\PumpAgri\EWARM\PumpAgri\Obj\Core_13247989168731456611.dir: [2]
    main.o                    7'984      160    2'196
    stm32f1xx_hal_msp.o         612
    stm32f1xx_it.o               56
    -------------------------------------------------
    Total:                    8'652      160    2'196

D:\Electronic\COMPANY\DOZDGIR\Pomp control\PumpNew\COD\PumpAgri\EWARM\PumpAgri\Obj\EWARM_18443280873093131863.dir: [3]
    startup_stm32f103xb.o       404
    -------------------------------------------------
    Total:                      404

D:\Electronic\COMPANY\DOZDGIR\Pomp control\PumpNew\COD\PumpAgri\EWARM\PumpAgri\Obj\STM32F1xx_HAL_Driver_9701002599162248031.dir: [4]
    stm32f1xx_hal.o             168        1       12
    stm32f1xx_hal_adc.o         588
    stm32f1xx_hal_cortex.o      184
    stm32f1xx_hal_dma.o         680
    stm32f1xx_hal_gpio.o        492
    stm32f1xx_hal_rcc.o       1'186
    stm32f1xx_hal_rcc_ex.o      232
    stm32f1xx_hal_tim.o       1'460
    stm32f1xx_hal_tim_ex.o      104
    stm32f1xx_hal_uart.o      1'690
    -------------------------------------------------
    Total:                    6'784        1       12

dl7M_tlf.a: [5]
    abort.o                       6
    exit.o                        4
    iar_Stoulx.o                318       80
    isspace.o                    20
    low_level_init.o              4
    snprintf.o                   68
    sprintf.o                    64
    strcat.o                     30
    strcspn.o                    34
    strspn.o                     34
    strstr.o                     44
    strtok_r.o                   57
    tolower.o                    20
    xfail_s.o                    64                 4
    xlocale_c.o                  60       13      128
    xprintffull_nomb.o        3'790
    xsnprout.o                   26
    xsprout.o                    10
    -------------------------------------------------
    Total:                    4'653       93      132

m7M_tl.a: [6]
    DblAddSub.o                 590
    DblCmpGe.o                   52
    DblCmpLe.o                   52
    DblDiv.o                    582
    DblMul.o                    426
    DblToS32.o                   54
    DblToU32.o                   34
    FltCmpGe.o                   40
    FltCmpLe.o                   40
    FltToDbl.o                   72
    S32ToDbl.o                   34
    U32ToDbl.o                   28
    frexp.o                     112
    ldexp.o                     314
    -------------------------------------------------
    Total:                    2'430

rt7M_tl.a: [7]
    ABImemclr.o                   6
    ABImemclr4.o                  6
    ABImemcpy_small.o            24
    ABImemset48.o                50
    ABImemset_small.o            18
    I64DivMod.o                 560
    I64DivZer.o                   2
    cexit.o                       4
    cexit_2.o                    10
    cmain.o                      34
    cstartup_M.o                 30
    data_init.o                  40
    lz77_init_single.o          126
    memchr.o                     88
    strchr.o                     22
    strcpy.o                     24
    strlen_small.o               20
    zero_init3.o                 56
    -------------------------------------------------
    Total:                    1'120

shb_l.a: [8]
    exit.o                       20
    -------------------------------------------------
    Total:                       20

    Gaps                         33        3
    Linker created                        32    1'536
-----------------------------------------------------
    Grand Total:             24'116      297    3'880


*******************************************************************************
*** ENTRY LIST
***

Entry                       Address   Size  Type      Object
-----                       -------   ----  ----      ------
.iar.init_table$$Base    0x800'5df8          --   Gb  - Linker created -
.iar.init_table$$Limit   0x800'5e18          --   Gb  - Linker created -
?main                    0x800'5dbd         Code  Gb  cmain.o [7]
ADC1_2_IRQHandler        0x800'5ea9         Code  Wk  startup_stm32f103xb.o [3]
ADC_ConversionStop_Disable
                         0x800'2f7d   0x48  Code  Gb  stm32f1xx_hal_adc.o [4]
AHBPrescTable            0x800'5e3c   0x10  Data  Gb  system_stm32f1xx.o [1]
APBPrescTable            0x800'5e5c    0x8  Data  Gb  system_stm32f1xx.o [1]
BusFault_Handler         0x800'5cd3    0x2  Code  Gb  stm32f1xx_it.o [2]
CAN1_RX1_IRQHandler      0x800'5eb5         Code  Wk  startup_stm32f103xb.o [3]
CAN1_SCE_IRQHandler      0x800'5eb9         Code  Wk  startup_stm32f103xb.o [3]
CSTACK$$Base            0x2000'0928          --   Gb  - Linker created -
CSTACK$$Limit           0x2000'0f28          --   Gb  - Linker created -
CharMain                0x2000'02cc  0x12c  Data  Gb  main.o [2]
DMA1_Channel1_IRQHandler
                         0x800'5ce1    0x6  Code  Gb  stm32f1xx_it.o [2]
DMA1_Channel2_IRQHandler
                         0x800'5e91         Code  Wk  startup_stm32f103xb.o [3]
DMA1_Channel3_IRQHandler
                         0x800'5e95         Code  Wk  startup_stm32f103xb.o [3]
DMA1_Channel4_IRQHandler
                         0x800'5e99         Code  Wk  startup_stm32f103xb.o [3]
DMA1_Channel5_IRQHandler
                         0x800'5e9d         Code  Wk  startup_stm32f103xb.o [3]
DMA1_Channel6_IRQHandler
                         0x800'5ea1         Code  Wk  startup_stm32f103xb.o [3]
DMA1_Channel7_IRQHandler
                         0x800'5ea5         Code  Wk  startup_stm32f103xb.o [3]
DebugMon_Handler         0x800'5cd9    0x2  Code  Gb  stm32f1xx_it.o [2]
EEPROM_Init_Config       0x800'0585   0x92  Code  Gb  main.o [2]
EEPROM_Load_Check_Print
                         0x800'0683  0x210  Code  Gb  main.o [2]
EEPROM_READ              0x800'0381   0x6e  Code  Gb  main.o [2]
EEPROM_WRIGHT            0x800'034d   0x34  Code  Gb  main.o [2]
EEPROM_Warning           0x800'0635   0x12  Code  Gb  main.o [2]
EXTI0_IRQHandler         0x800'5e7d         Code  Wk  startup_stm32f103xb.o [3]
EXTI15_10_IRQHandler     0x800'5ef1         Code  Wk  startup_stm32f103xb.o [3]
EXTI1_IRQHandler         0x800'5e81         Code  Wk  startup_stm32f103xb.o [3]
EXTI2_IRQHandler         0x800'5e85         Code  Wk  startup_stm32f103xb.o [3]
EXTI3_IRQHandler         0x800'5e89         Code  Wk  startup_stm32f103xb.o [3]
EXTI4_IRQHandler         0x800'5e8d         Code  Wk  startup_stm32f103xb.o [3]
EXTI9_5_IRQHandler       0x800'5ebd         Code  Wk  startup_stm32f103xb.o [3]
Error_Handler            0x800'1e05    0x4  Code  Gb  main.o [2]
FLASH_IRQHandler         0x800'5e75         Code  Wk  startup_stm32f103xb.o [3]
FirstStartError         0x2000'007c    0x4  Data  Gb  main.o [2]
GET_AlarmMode            0x800'0541    0x4  Code  Gb  main.o [2]
GET_CurrentTime          0x800'0551    0x4  Code  Gb  main.o [2]
GET_DeviceMode           0x800'0545    0x4  Code  Gb  main.o [2]
GET_HighCurrent          0x800'054d    0x4  Code  Gb  main.o [2]
GET_ID                   0x800'0529    0x8  Code  Gb  main.o [2]
GET_LowCurrent           0x800'0549    0x4  Code  Gb  main.o [2]
GET_Number               0x800'0559   0x2a  Code  Gb  main.o [2]
GET_RelayState1          0x800'0531    0x4  Code  Gb  main.o [2]
GET_RelayState2          0x800'0535    0x4  Code  Gb  main.o [2]
GET_ReleaseTime          0x800'0555    0x4  Code  Gb  main.o [2]
GET_RemoteState          0x800'053d    0x4  Code  Gb  main.o [2]
GET_SecurityState        0x800'0539    0x4  Code  Gb  main.o [2]
HAL_ADC_ConfigChannel    0x800'2e75   0xe4  Code  Gb  stm32f1xx_hal_adc.o [4]
HAL_ADC_Init             0x800'2d81   0xf4  Code  Gb  stm32f1xx_hal_adc.o [4]
HAL_ADC_MspInit          0x800'3615   0x7c  Code  Gb  stm32f1xx_hal_msp.o [2]
HAL_DMA_Abort            0x800'4d01   0x4a  Code  Gb  stm32f1xx_hal_dma.o [4]
HAL_DMA_Abort_IT         0x800'4d4b   0x9a  Code  Gb  stm32f1xx_hal_dma.o [4]
HAL_DMA_IRQHandler       0x800'4de5  0x13c  Code  Gb  stm32f1xx_hal_dma.o [4]
HAL_DMA_Init             0x800'4c9d   0x64  Code  Gb  stm32f1xx_hal_dma.o [4]
HAL_Delay                0x800'2a3d   0x28  Code  Wk  stm32f1xx_hal.o [4]
HAL_GPIO_Init            0x800'27b9  0x19e  Code  Gb  stm32f1xx_hal_gpio.o [4]
HAL_GPIO_TogglePin       0x800'295f   0x10  Code  Gb  stm32f1xx_hal_gpio.o [4]
HAL_GPIO_WritePin        0x800'2957    0x8  Code  Gb  stm32f1xx_hal_gpio.o [4]
HAL_GetTick              0x800'2c19    0xc  Code  Wk  stm32f1xx_hal.o [4]
HAL_IncTick              0x800'5d05   0x10  Code  Wk  stm32f1xx_hal.o [4]
HAL_Init                 0x800'2ca5   0x20  Code  Gb  stm32f1xx_hal.o [4]
HAL_InitTick             0x800'5071   0x40  Code  Wk  stm32f1xx_hal.o [4]
HAL_MspInit              0x800'35dd   0x38  Code  Gb  stm32f1xx_hal_msp.o [2]
HAL_NVIC_EnableIRQ       0x800'2d31   0x16  Code  Gb  stm32f1xx_hal_cortex.o [4]
HAL_NVIC_SetPriority     0x800'2cf7   0x3a  Code  Gb  stm32f1xx_hal_cortex.o [4]
HAL_NVIC_SetPriorityGrouping
                         0x800'2ce3   0x14  Code  Gb  stm32f1xx_hal_cortex.o [4]
HAL_RCCEx_PeriphCLKConfig
                         0x800'3ce5   0xda  Code  Gb  stm32f1xx_hal_rcc_ex.o [4]
HAL_RCC_ClockConfig      0x800'3b3f   0xf4  Code  Gb  stm32f1xx_hal_rcc.o [4]
HAL_RCC_GetPCLK1Freq     0x800'3c7d   0x10  Code  Gb  stm32f1xx_hal_rcc.o [4]
HAL_RCC_GetPCLK2Freq     0x800'3c8d    0xe  Code  Gb  stm32f1xx_hal_rcc.o [4]
HAL_RCC_GetSysClockFreq
                         0x800'3c49   0x34  Code  Gb  stm32f1xx_hal_rcc.o [4]
HAL_RCC_GetSysClockFreq::aPLLMULFactorTable
                         0x800'3cd0   0x10  Data  Lc  stm32f1xx_hal_rcc.o [4]
HAL_RCC_GetSysClockFreq::aPredivFactorTable
                         0x800'3ce0    0x2  Data  Lc  stm32f1xx_hal_rcc.o [4]
HAL_RCC_OscConfig        0x800'3841  0x2f4  Code  Gb  stm32f1xx_hal_rcc.o [4]
HAL_SYSTICK_Config       0x800'2d47   0x22  Code  Gb  stm32f1xx_hal_cortex.o [4]
HAL_TIMEx_BreakCallback
                         0x800'50b5    0x2  Code  Wk  stm32f1xx_hal_tim_ex.o [4]
HAL_TIMEx_CommutCallback
                         0x800'50b9    0x2  Code  Wk  stm32f1xx_hal_tim_ex.o [4]
HAL_TIMEx_MasterConfigSynchronization
                         0x800'3579   0x56  Code  Gb  stm32f1xx_hal_tim_ex.o [4]
HAL_TIM_Base_Init        0x800'2fcd   0x1a  Code  Gb  stm32f1xx_hal_tim.o [4]
HAL_TIM_Base_MspInit     0x800'3691   0x54  Code  Gb  stm32f1xx_hal_msp.o [2]
HAL_TIM_Base_Start_IT    0x800'2fe7   0x56  Code  Gb  stm32f1xx_hal_tim.o [4]
HAL_TIM_ConfigClockSource
                         0x800'329b   0xac  Code  Gb  stm32f1xx_hal_tim.o [4]
HAL_TIM_IC_CaptureCallback
                         0x800'50b1    0x2  Code  Wk  stm32f1xx_hal_tim.o [4]
HAL_TIM_IRQHandler       0x800'309d  0x12a  Code  Gb  stm32f1xx_hal_tim.o [4]
HAL_TIM_MspPostInit      0x800'3707   0x4c  Code  Gb  stm32f1xx_hal_msp.o [2]
HAL_TIM_OC_DelayElapsedCallback
                         0x800'50b3    0x2  Code  Wk  stm32f1xx_hal_tim.o [4]
HAL_TIM_PWM_ConfigChannel
                         0x800'31d7   0xb6  Code  Gb  stm32f1xx_hal_tim.o [4]
HAL_TIM_PWM_Init         0x800'3065   0x1a  Code  Gb  stm32f1xx_hal_tim.o [4]
HAL_TIM_PWM_MspInit      0x800'36e5   0x22  Code  Gb  stm32f1xx_hal_msp.o [2]
HAL_TIM_PWM_PulseFinishedCallback
                         0x800'50bb    0x2  Code  Wk  stm32f1xx_hal_tim.o [4]
HAL_TIM_PeriodElapsedCallback
                         0x800'0191   0x42  Code  Gb  main.o [2]
HAL_TIM_TriggerCallback
                         0x800'50b7    0x2  Code  Wk  stm32f1xx_hal_tim.o [4]
HAL_UARTEx_RxEventCallback
                         0x800'4f47    0x2  Code  Wk  stm32f1xx_hal_uart.o [4]
HAL_UART_ErrorCallback   0x800'4f45    0x2  Code  Wk  stm32f1xx_hal_uart.o [4]
HAL_UART_IRQHandler      0x800'2277  0x29a  Code  Gb  stm32f1xx_hal_uart.o [4]
HAL_UART_Init            0x800'210d   0x20  Code  Gb  stm32f1xx_hal_uart.o [4]
HAL_UART_MspInit         0x800'375f   0x78  Code  Gb  stm32f1xx_hal_msp.o [2]
HAL_UART_Receive_IT      0x800'2229   0x26  Code  Gb  stm32f1xx_hal_uart.o [4]
HAL_UART_RxCpltCallback
                         0x800'1951   0x4a  Code  Gb  main.o [2]
HAL_UART_Transmit        0x800'2185   0x9c  Code  Gb  stm32f1xx_hal_uart.o [4]
HAL_UART_TxCpltCallback
                         0x800'4f49    0x2  Code  Wk  stm32f1xx_hal_uart.o [4]
HardFault_Handler        0x800'5ccf    0x2  Code  Gb  stm32f1xx_it.o [2]
I2C1_ER_IRQHandler       0x800'5ed5         Code  Wk  startup_stm32f103xb.o [3]
I2C1_EV_IRQHandler       0x800'5ed1         Code  Wk  startup_stm32f103xb.o [3]
I2C2_ER_IRQHandler       0x800'5edd         Code  Wk  startup_stm32f103xb.o [3]
I2C2_EV_IRQHandler       0x800'5ed9         Code  Wk  startup_stm32f103xb.o [3]
I2C_RW                   0x800'02c7   0x70  Code  Gb  main.o [2]
I2C_init                 0x800'01ff   0x48  Code  Gb  main.o [2]
I2C_start                0x800'0255   0x32  Code  Gb  main.o [2]
I2C_stop                 0x800'0287   0x2e  Code  Gb  main.o [2]
InputSMS                 0x800'0ddd   0x48  Code  Gb  main.o [2]
MAKE_FLOAT               0x800'01e7   0x18  Code  Gb  main.o [2]
MC60_Check               0x800'153d  0x18c  Code  Gb  main.o [2]
MC60_FirstStart_Count   0x2000'0018    0x4  Data  Gb  main.o [2]
MC60_FirstStart_Error   0x2000'0024    0x4  Data  Gb  main.o [2]
MC60_FirstStart_Timer   0x2000'0020    0x4  Data  Gb  main.o [2]
MC60_Ready              0x2000'001c    0x4  Data  Gb  main.o [2]
MC60_start               0x800'16f5  0x1da  Code  Gb  main.o [2]
MemManage_Handler        0x800'5cd1    0x2  Code  Gb  stm32f1xx_it.o [2]
NMI_Handler              0x800'5ccd    0x2  Code  Gb  stm32f1xx_it.o [2]
PVD_IRQHandler           0x800'5e69         Code  Wk  startup_stm32f103xb.o [3]
PackData                 0x800'0aad   0xe8  Code  Gb  main.o [2]
PendSV_Handler           0x800'5cdb    0x2  Code  Gb  stm32f1xx_it.o [2]
RCC_IRQHandler           0x800'5e79         Code  Wk  startup_stm32f103xb.o [3]
RTC_Alarm_IRQHandler     0x800'5ef5         Code  Wk  startup_stm32f103xb.o [3]
RTC_IRQHandler           0x800'5e71         Code  Wk  startup_stm32f103xb.o [3]
Read_Input_SMS           0x800'0f85  0x10a  Code  Gb  main.o [2]
Region$$Table$$Base      0x800'5df8          --   Gb  - Linker created -
Region$$Table$$Limit     0x800'5e18          --   Gb  - Linker created -
Rele1_off                0x800'0da5    0xe  Code  Gb  main.o [2]
Rele1_on                 0x800'0d89   0x10  Code  Gb  main.o [2]
ResetMC60                0x800'1131   0x4a  Code  Gb  main.o [2]
Reset_Handler            0x800'5e4d         Code  Wk  startup_stm32f103xb.o [3]
SET_CurrentTime          0x800'050b    0x4  Code  Gb  main.o [2]
SET_HighCurrent          0x800'0507    0x4  Code  Gb  main.o [2]
SET_ID                   0x800'04f3    0x8  Code  Gb  main.o [2]
SET_LowCurrent           0x800'0503    0x4  Code  Gb  main.o [2]
SET_Number               0x800'04fb    0x8  Code  Gb  main.o [2]
SET_Relay                0x800'0513   0x16  Code  Gb  main.o [2]
SET_ReleaseTime          0x800'050f    0x4  Code  Gb  main.o [2]
SMSCheck                0x2000'0048    0x4  Data  Gb  main.o [2]
SMSDone                 0x2000'0044    0x4  Data  Gb  main.o [2]
SMS_CHECK_Timer         0x2000'0038    0x4  Data  Gb  main.o [2]
SMS_Check                0x800'0e59   0xd4  Code  Gb  main.o [2]
SMS_Check_Count         0x2000'003c    0x4  Data  Gb  main.o [2]
SMS_Check_point         0x2000'0034    0x4  Data  Gb  main.o [2]
SPI1_IRQHandler          0x800'5ee1         Code  Wk  startup_stm32f103xb.o [3]
SPI2_IRQHandler          0x800'5ee5         Code  Wk  startup_stm32f103xb.o [3]
SVC_Handler              0x800'5cd7    0x2  Code  Gb  stm32f1xx_it.o [2]
Sim800                   0x800'192f   0x22  Code  Gb  main.o [2]
Sim800_Check             0x800'11b1  0x280  Code  Gb  main.o [2]
Sim800_Uart              0x800'19a1   0x74  Code  Gb  main.o [2]
SysTick_Handler          0x800'5cdd    0x4  Code  Gb  stm32f1xx_it.o [2]
SystemClock_Config       0x800'1d7b   0x7c  Code  Gb  main.o [2]
SystemCoreClock         0x2000'05e4    0x4  Data  Gb  system_stm32f1xx.o [1]
SystemInit               0x800'5e39    0x2  Code  Gb  system_stm32f1xx.o [1]
TAMPER_IRQHandler        0x800'5e6d         Code  Wk  startup_stm32f103xb.o [3]
TIM1_BRK_IRQHandler      0x800'5ce7    0x2  Code  Gb  stm32f1xx_it.o [2]
TIM1_CC_IRQHandler       0x800'5ec1         Code  Wk  startup_stm32f103xb.o [3]
TIM1_TRG_COM_IRQHandler
                         0x800'5cf1    0x2  Code  Gb  stm32f1xx_it.o [2]
TIM1_UP_IRQHandler       0x800'5ce9    0x2  Code  Gb  stm32f1xx_it.o [2]
TIM2_IRQHandler          0x800'5ec5         Code  Wk  startup_stm32f103xb.o [3]
TIM3_IRQHandler          0x800'5ec9         Code  Wk  startup_stm32f103xb.o [3]
TIM4_IRQHandler          0x800'5ecd         Code  Wk  startup_stm32f103xb.o [3]
TIM_Base_SetConfig       0x800'3359   0x6c  Code  Gb  stm32f1xx_hal_tim.o [4]
TIM_ETR_SetConfig        0x800'355f   0x14  Code  Gb  stm32f1xx_hal_tim.o [4]
TIM_ITRx_SetConfig       0x800'354f   0x10  Code  Lc  stm32f1xx_hal_tim.o [4]
TIM_OC1_SetConfig        0x800'33c5   0x44  Code  Lc  stm32f1xx_hal_tim.o [4]
TIM_OC2_SetConfig        0x800'3409   0x52  Code  Gb  stm32f1xx_hal_tim.o [4]
TIM_OC3_SetConfig        0x800'345b   0x50  Code  Lc  stm32f1xx_hal_tim.o [4]
TIM_OC4_SetConfig        0x800'34ab   0x40  Code  Lc  stm32f1xx_hal_tim.o [4]
TIM_TI1_ConfigInputStage
                         0x800'350d   0x1e  Code  Lc  stm32f1xx_hal_tim.o [4]
TIM_TI2_ConfigInputStage
                         0x800'352b   0x24  Code  Lc  stm32f1xx_hal_tim.o [4]
TimeSMSDone             0x2000'0040    0x4  Data  Gb  main.o [2]
UART_DMAAbortOnError     0x800'2641    0xe  Code  Lc  stm32f1xx_hal_uart.o [4]
UART_EndRxTransfer       0x800'2609   0x36  Code  Lc  stm32f1xx_hal_uart.o [4]
UART_Receive_IT          0x800'2651   0xb4  Code  Lc  stm32f1xx_hal_uart.o [4]
UART_SetConfig           0x800'271f   0x78  Code  Lc  stm32f1xx_hal_uart.o [4]
UART_Start_Receive_IT    0x800'25d3   0x30  Code  Gb  stm32f1xx_hal_uart.o [4]
UART_WaitOnFlagUntilTimeout
                         0x800'2559   0x7a  Code  Lc  stm32f1xx_hal_uart.o [4]
USART1_IRQHandler        0x800'5cf3    0x6  Code  Gb  stm32f1xx_it.o [2]
USART2_IRQHandler        0x800'5ee9         Code  Wk  startup_stm32f103xb.o [3]
USART3_IRQHandler        0x800'5eed         Code  Wk  startup_stm32f103xb.o [3]
USBWakeUp_IRQHandler     0x800'5ef9         Code  Wk  startup_stm32f103xb.o [3]
USB_HP_CAN1_TX_IRQHandler
                         0x800'5ead         Code  Wk  startup_stm32f103xb.o [3]
USB_LP_CAN1_RX0_IRQHandler
                         0x800'5eb1         Code  Wk  startup_stm32f103xb.o [3]
UartTrig                0x2000'0008    0x4  Data  Gb  main.o [2]
UartTrig3               0x2000'000c    0x4  Data  Gb  main.o [2]
UsageFault_Handler       0x800'5cd5    0x2  Code  Gb  stm32f1xx_it.o [2]
WWDG_IRQHandler          0x800'5e65         Code  Wk  startup_stm32f103xb.o [3]
_LC                      0x800'3dcd    0x6  Code  Lc  xprintffull_nomb.o [5]
_LitobFullNoMb           0x800'4ab9  0x114  Code  Lc  xprintffull_nomb.o [5]
_LocaleC_isspace         0x800'59fd   0x14  Code  Gb  xlocale_c.o [5]
_LocaleC_isupper         0x800'59f1    0x2  Code  Gb  xlocale_c.o [5]
_LocaleC_tolower         0x800'5a11    0xc  Code  Gb  xlocale_c.o [5]
_Locale_lconv           0x2000'05e8   0x38  Data  Lc  xlocale_c.o [5]
_PrintfFullNoMb          0x800'3dd3  0xcb8  Code  Gb  xprintffull_nomb.o [5]
_PutcharsFullNoMb        0x800'4c25   0x2e  Code  Lc  xprintffull_nomb.o [5]
_SNProut                 0x800'2be7   0x1a  Code  Gb  xsnprout.o [5]
_SProut                  0x800'2c07    0xa  Code  Gb  xsprout.o [5]
__NVIC_SetPriority       0x800'2cc9   0x1a  Code  Lc  stm32f1xx_hal_cortex.o [4]
__aeabi_cdcmple          0x800'516d         Code  Gb  DblCmpLe.o [6]
__aeabi_cdrcmple         0x800'51a1         Code  Gb  DblCmpGe.o [6]
__aeabi_cfcmple          0x800'29a5         Code  Gb  FltCmpLe.o [6]
__aeabi_cfrcmple         0x800'29cd         Code  Gb  FltCmpGe.o [6]
__aeabi_d2iz             0x800'5311         Code  Gb  DblToS32.o [6]
__aeabi_d2uiz            0x800'5805         Code  Gb  DblToU32.o [6]
__aeabi_ddiv             0x800'55bd         Code  Gb  DblDiv.o [6]
__aeabi_dmul             0x800'5845         Code  Gb  DblMul.o [6]
__aeabi_dsub             0x800'54d9         Code  Gb  DblAddSub.o [6]
__aeabi_f2d              0x800'29f5         Code  Gb  FltToDbl.o [6]
__aeabi_i2d              0x800'5349         Code  Gb  S32ToDbl.o [6]
__aeabi_ldiv0            0x800'5c65         Code  Gb  I64DivZer.o [7]
__aeabi_memclr           0x800'2c01         Code  Gb  ABImemclr.o [7]
__aeabi_memclr4          0x800'2c11         Code  Gb  ABImemclr4.o [7]
__aeabi_ui2d             0x800'5829         Code  Gb  U32ToDbl.o [6]
__aeabi_uldivmod         0x800'5a2d         Code  Gb  I64DivMod.o [7]
__cmain                  0x800'5dbd         Code  Gb  cmain.o [7]
__exit                   0x800'5c69   0x14  Code  Gb  exit.o [8]
__iar_Fail_s             0x800'50bd   0x1c  Code  Gb  xfail_s.o [5]
__iar_Memchr             0x800'4f8d         Code  Gb  memchr.o [7]
__iar_Memset4_word       0x800'4ff9         Code  Gb  ABImemset48.o [7]
__iar_Memset8_word       0x800'4ff9         Code  Gb  ABImemset48.o [7]
__iar_Stoul              0x800'2bd9    0x2  Code  Gb  iar_Stoulx.o [5]
__iar_Stoulx             0x800'2aa9  0x12a  Code  Gb  iar_Stoulx.o [5]
__iar_Strchr             0x800'4f4d         Code  Gb  strchr.o [7]
__iar_data_init3         0x800'5d4d   0x28  Code  Gb  data_init.o [7]
__iar_frexp              0x800'5109         Code  Gb  frexp.o [6]
__iar_frexp64            0x800'50fd         Code  Gb  frexp.o [6]
__iar_frexpl             0x800'5109         Code  Gb  frexp.o [6]
__iar_globLocale        0x2000'0620   0x48  Data  Lc  xlocale_c.o [5]
__iar_global_Locale      0x800'5a1d    0x4  Code  Gb  xlocale_c.o [5]
__iar_ldexp64            0x800'51d5         Code  Gb  ldexp.o [6]
__iar_lz77_init_single3
                         0x800'207b   0x7e  Code  Gb  lz77_init_single.o [7]
__iar_program_start      0x800'5e19         Code  Gb  cstartup_M.o [7]
__iar_scalbln64          0x800'51d5         Code  Gb  ldexp.o [6]
__iar_scalbn64           0x800'51d5         Code  Gb  ldexp.o [6]
__iar_small_Memcpy       0x800'2a69         Code  Gb  ABImemcpy_small.o [7]
__iar_small_Memset       0x800'4fe5         Code  Gb  ABImemset_small.o [7]
__iar_small_Memset_word
                         0x800'4fe5         Code  Gb  ABImemset_small.o [7]
__iar_small_memcpy       0x800'2a65         Code  Gb  ABImemcpy_small.o [7]
__iar_small_memcpy4      0x800'2a65         Code  Gb  ABImemcpy_small.o [7]
__iar_small_memcpy8      0x800'2a65         Code  Gb  ABImemcpy_small.o [7]
__iar_small_memset       0x800'4fe5         Code  Gb  ABImemset_small.o [7]
__iar_small_strlen       0x800'20f9         Code  Gb  strlen_small.o [7]
__iar_zero_init3         0x800'5d15   0x38  Code  Gb  zero_init3.o [7]
__low_level_init         0x800'5ddf    0x4  Code  Gb  low_level_init.o [5]
__vector_table           0x800'0000         Data  Gb  startup_stm32f103xb.o [3]
_call_main               0x800'5dc9         Code  Gb  cmain.o [7]
_exit                    0x800'5de9         Code  Gb  cexit.o [7]
_exit_2                  0x800'5ded         Code  Gb  cexit_2.o [7]
abort                    0x800'5c5d    0x6  Code  Gb  abort.o [5]
anten                   0x2000'0068    0x4  Data  Gb  main.o [2]
anten_send              0x2000'0078    0x4  Data  Gb  main.o [2]
atoi                     0x800'2bdb    0x2  Code  Gb  iar_Stoulx.o [5]
batt_sms                0x2000'0064    0x4  Data  Gb  main.o [2]
battery_cbc             0x2000'05a4    0xc  Data  Gb  main.o [2]
battry                   0x800'0d53   0x36  Code  Gb  main.o [2]
char_test3              0x2000'01a4  0x128  Data  Gb  main.o [2]
chek                    0x2000'0054    0x4  Data  Gb  main.o [2]
chek_count              0x2000'0058    0x4  Data  Gb  main.o [2]
chek_count2             0x2000'0050    0x4  Data  Gb  main.o [2]
chek_sim_ok             0x2000'0070    0x4  Data  Gb  main.o [2]
delay_ms                 0x800'01d3    0x8  Code  Gb  main.o [2]
delay_us                 0x800'01db    0x2  Code  Gb  main.o [2]
digits                   0x800'5ca4   0x28  Data  Lc  iar_Stoulx.o [5]
eepromFualt             0x2000'0920    0x4  Data  Gb  main.o [2]
eeprom_clear_all         0x800'0481   0x18  Code  Gb  main.o [2]
eeprom_read_float        0x800'0449   0x2c  Code  Gb  main.o [2]
eeprom_read_int16        0x800'0431   0x18  Code  Gb  main.o [2]
eeprom_read_string       0x800'04c3   0x2a  Code  Gb  main.o [2]
eeprom_write_float       0x800'0413   0x1e  Code  Gb  main.o [2]
eeprom_write_int16       0x800'03f5    0xa  Code  Gb  main.o [2]
eeprom_write_string      0x800'0499   0x2a  Code  Gb  main.o [2]
exit                     0x800'5de3    0x4  Code  Gb  exit.o [5]
exti_sms                0x2000'0030    0x4  Data  Gb  main.o [2]
frexp                    0x800'50fd         Code  Gb  frexp.o [6]
frexpl                   0x800'50fd         Code  Gb  frexp.o [6]
hadc1                   0x2000'078c   0x30  Data  Gb  main.o [2]
hang                    0x2000'002c    0x4  Data  Gb  main.o [2]
hdma_adc1               0x2000'08dc   0x44  Data  Gb  main.o [2]
htim1                   0x2000'07bc   0x48  Data  Gb  main.o [2]
htim3                   0x2000'0804   0x48  Data  Gb  main.o [2]
huart1                  0x2000'084c   0x48  Data  Gb  main.o [2]
huart2                  0x2000'0894   0x48  Data  Gb  main.o [2]
input_number            0x2000'0570   0x18  Data  Gb  main.o [2]
is_valid_string          0x800'065d   0x26  Code  Gb  main.o [2]
isspace                  0x800'4f63   0x14  Code  Gb  isspace.o [5]
last_time3              0x2000'0010    0x4  Data  Gb  main.o [2]
ldexp                    0x800'51d5         Code  Gb  ldexp.o [6]
ldexpl                   0x800'51d5         Code  Gb  ldexp.o [6]
localeconv               0x800'5a21    0x4  Code  Gb  xlocale_c.o [5]
main                     0x800'1a31  0x2ec  Code  Gb  main.o [2]
main_chek_count         0x2000'005c    0x4  Data  Gb  main.o [2]
memchr                   0x800'4f8d         Code  Gb  memchr.o [7]
model_simcard           0x2000'0028    0x4  Data  Gb  main.o [2]
ndigs                    0x800'5c7c   0x28  Data  Lc  iar_Stoulx.o [5]
number                  0x2000'004c    0x4  Data  Gb  main.o [2]
number1                 0x2000'05b0   0x14  Data  Gb  main.o [2]
number2                 0x2000'05c4   0x14  Data  Gb  main.o [2]
red_led_count           0x2000'006c    0x4  Data  Gb  main.o [2]
rx_buffer1              0x2000'0080  0x124  Data  Gb  main.o [2]
rx_buffer3              0x2000'0668  0x124  Data  Gb  main.o [2]
rx_data3                0x2000'0000    0x1  Data  Gb  main.o [2]
rx_index1               0x2000'0002    0x2  Data  Gb  main.o [2]
rx_index3               0x2000'0004    0x2  Data  Gb  main.o [2]
scalbln                  0x800'51d5         Code  Gb  ldexp.o [6]
scalblnl                 0x800'51d5         Code  Gb  ldexp.o [6]
scalbn                   0x800'51d5         Code  Gb  ldexp.o [6]
scalbnl                  0x800'51d5         Code  Gb  ldexp.o [6]
scale                    0x800'4bcd   0x46  Code  Lc  xprintffull_nomb.o [5]
sec_hand                0x2000'0924    0x4  Data  Lc  xfail_s.o [5]
send_atcammand           0x800'0169   0x20  Code  Gb  main.o [2]
send_number             0x2000'0588   0x1c  Data  Gb  main.o [2]
send_sms                 0x800'0c45   0xf0  Code  Gb  main.o [2]
server_number           0x2000'055c   0x14  Data  Gb  main.o [2]
server_number2           0x800'10c0   0x14  Data  Gb  main.o [2]
show_uart                0x800'0121   0x1a  Code  Gb  main.o [2]
show_uart2               0x800'013b   0x18  Code  Gb  main.o [2]
sim_error_count1        0x2000'0060    0x4  Data  Gb  main.o [2]
sms_done                 0x800'0c05   0x30  Code  Gb  main.o [2]
sms_text                0x2000'0460   0xfc  Data  Gb  main.o [2]
snprintf                 0x800'2c25   0x44  Code  Gb  snprintf.o [5]
sprintf                  0x800'201d   0x40  Code  Gb  sprintf.o [5]
str                     0x2000'03f8   0x34  Data  Gb  main.o [2]
str_cut                 0x2000'042c   0x34  Data  Gb  main.o [2]
strcat                   0x800'205d   0x1e  Code  Gb  strcat.o [5]
strchr                   0x800'4f4d         Code  Gb  strchr.o [7]
strcpy                   0x800'27a1         Code  Gb  strcpy.o [7]
strcspn                  0x800'504d   0x22  Code  Gb  strcspn.o [5]
strspn                   0x800'502b   0x22  Code  Gb  strspn.o [5]
strstr                   0x800'2a7d   0x2c  Code  Gb  strstr.o [5]
strtok_r                 0x800'2c69   0x38  Code  Gb  strtok_r.o [5]
substring                0x800'00ed   0x34  Code  Gb  main.o [2]
tolower                  0x800'4f77   0x14  Code  Gb  tolower.o [5]
uartTimeTest3           0x2000'0014    0x4  Data  Gb  main.o [2]
uwTick                  0x2000'05dc    0x4  Data  Gb  stm32f1xx_hal.o [4]
uwTickFreq              0x2000'05d8    0x1  Data  Gb  stm32f1xx_hal.o [4]
uwTickPrio              0x2000'05e0    0x4  Data  Gb  stm32f1xx_hal.o [4]
voltag_battery          0x2000'0074    0x4  Data  Gb  main.o [2]


[1] = D:\Electronic\COMPANY\DOZDGIR\Pomp control\PumpNew\COD\PumpAgri\EWARM\PumpAgri\Obj\CMSIS_6603591812247902717.dir
[2] = D:\Electronic\COMPANY\DOZDGIR\Pomp control\PumpNew\COD\PumpAgri\EWARM\PumpAgri\Obj\Core_13247989168731456611.dir
[3] = D:\Electronic\COMPANY\DOZDGIR\Pomp control\PumpNew\COD\PumpAgri\EWARM\PumpAgri\Obj\EWARM_18443280873093131863.dir
[4] = D:\Electronic\COMPANY\DOZDGIR\Pomp control\PumpNew\COD\PumpAgri\EWARM\PumpAgri\Obj\STM32F1xx_HAL_Driver_9701002599162248031.dir
[5] = dl7M_tlf.a
[6] = m7M_tl.a
[7] = rt7M_tl.a
[8] = shb_l.a

  24'116 bytes of readonly  code memory
     297 bytes of readonly  data memory
   3'880 bytes of readwrite data memory

Errors: none
Warnings: none
