Change Component Comment : Designator=R18 Old Comment=1K New Comment=4k7
Change Component Comment : Designator=R37 Old Comment=1K New Comment=4k7
Change Component Comment : Designator=R44 Old Comment=1K New Comment=4k7
Change Component Comment : Designator=R29 Old Comment=1K New Comment=8k2
Change Component Comment : Designator=R30 Old Comment=1K New Comment=8k2
Change Component Comment : Designator=R31 Old Comment=1K New Comment=8k2
Change Component Comment : Designator=R32 Old Comment=1K New Comment=8k2
Change component parameters: Designator = "R18" ("R18"); Footprint = "SMD_RES_1206"; UniqueID = "\VVKADWDV" ("\VVKADWDV")
Change component parameters (AddParameter): Name = "Power"; Value = "1/8 W"; VariantName = "[No Variations]"
Change component parameters (AddParameter): Name = "Tolerance"; Value = "5%"; VariantName = "[No Variations]"
Change component parameters (AddParameter): Name = "Value"; Value = "4k7"; VariantName = "[No Variations]"
Change component parameters: Designator = "R29" ("R29"); Footprint = "SMD_RES_1206"; UniqueID = "\STUPZVNQ" ("\STUPZVNQ")
Change component parameters (AddParameter): Name = "Power"; Value = "1/8 W"; VariantName = "[No Variations]"
Change component parameters (AddParameter): Name = "Tolerance"; Value = "5%"; VariantName = "[No Variations]"
Change component parameters (AddParameter): Name = "Value"; Value = "8k2"; VariantName = "[No Variations]"
Change component parameters: Designator = "R30" ("R30"); Footprint = "SMD_RES_1206"; UniqueID = "\FJTGDCST" ("\FJTGDCST")
Change component parameters (AddParameter): Name = "Power"; Value = "1/8 W"; VariantName = "[No Variations]"
Change component parameters (AddParameter): Name = "Tolerance"; Value = "5%"; VariantName = "[No Variations]"
Change component parameters (AddParameter): Name = "Value"; Value = "8k2"; VariantName = "[No Variations]"
Change component parameters: Designator = "R31" ("R31"); Footprint = "SMD_RES_1206"; UniqueID = "\AGGXDSTP" ("\AGGXDSTP")
Change component parameters (AddParameter): Name = "Power"; Value = "1/8 W"; VariantName = "[No Variations]"
Change component parameters (AddParameter): Name = "Tolerance"; Value = "5%"; VariantName = "[No Variations]"
Change component parameters (AddParameter): Name = "Value"; Value = "8k2"; VariantName = "[No Variations]"
Change component parameters: Designator = "R32" ("R32"); Footprint = "SMD_RES_1206"; UniqueID = "\XKGBAVUR" ("\XKGBAVUR")
Change component parameters (AddParameter): Name = "Power"; Value = "1/8 W"; VariantName = "[No Variations]"
Change component parameters (AddParameter): Name = "Tolerance"; Value = "5%"; VariantName = "[No Variations]"
Change component parameters (AddParameter): Name = "Value"; Value = "8k2"; VariantName = "[No Variations]"
Change component parameters: Designator = "R37" ("R37"); Footprint = "SMD_RES_1206"; UniqueID = "\WCXUZAWM" ("\WCXUZAWM")
Change component parameters (AddParameter): Name = "Power"; Value = "1/8 W"; VariantName = "[No Variations]"
Change component parameters (AddParameter): Name = "Tolerance"; Value = "5%"; VariantName = "[No Variations]"
Change component parameters (AddParameter): Name = "Value"; Value = "4k7"; VariantName = "[No Variations]"
Change component parameters: Designator = "R44" ("R44"); Footprint = "SMD_RES_1206"; UniqueID = "\DVDMKBYU" ("\DVDMKBYU")
Change component parameters (AddParameter): Name = "Power"; Value = "1/8 W"; VariantName = "[No Variations]"
Change component parameters (AddParameter): Name = "Tolerance"; Value = "5%"; VariantName = "[No Variations]"
Change component parameters (AddParameter): Name = "Value"; Value = "4k7"; VariantName = "[No Variations]"
